running egg_info
creating ../../build/my_robot_bringup/my_robot_bringup.egg-info
writing ../../build/my_robot_bringup/my_robot_bringup.egg-info/PKG-INFO
writing dependency_links to ../../build/my_robot_bringup/my_robot_bringup.egg-info/dependency_links.txt
writing requirements to ../../build/my_robot_bringup/my_robot_bringup.egg-info/requires.txt
writing top-level names to ../../build/my_robot_bringup/my_robot_bringup.egg-info/top_level.txt
writing manifest file '../../build/my_robot_bringup/my_robot_bringup.egg-info/SOURCES.txt'
reading manifest file '../../build/my_robot_bringup/my_robot_bringup.egg-info/SOURCES.txt'
writing manifest file '../../build/my_robot_bringup/my_robot_bringup.egg-info/SOURCES.txt'
running build
running build_py
creating /home/mfauzi/ros-fkee/ch3/ros2_ws/build/my_robot_bringup/build
creating /home/mfauzi/ros-fkee/ch3/ros2_ws/build/my_robot_bringup/build/lib
creating /home/mfauzi/ros-fkee/ch3/ros2_ws/build/my_robot_bringup/build/lib/my_robot_bringup
copying my_robot_bringup/__init__.py -> /home/mfauzi/ros-fkee/ch3/ros2_ws/build/my_robot_bringup/build/lib/my_robot_bringup
running install
running install_lib
creating /home/mfauzi/ros-fkee/ch3/ros2_ws/install/my_robot_bringup/lib/python3.12/site-packages/my_robot_bringup
copying /home/mfauzi/ros-fkee/ch3/ros2_ws/build/my_robot_bringup/build/lib/my_robot_bringup/__init__.py -> /home/mfauzi/ros-fkee/ch3/ros2_ws/install/my_robot_bringup/lib/python3.12/site-packages/my_robot_bringup
byte-compiling /home/mfauzi/ros-fkee/ch3/ros2_ws/install/my_robot_bringup/lib/python3.12/site-packages/my_robot_bringup/__init__.py to __init__.cpython-312.pyc
running install_data
creating /home/mfauzi/ros-fkee/ch3/ros2_ws/install/my_robot_bringup/share/ament_index
creating /home/mfauzi/ros-fkee/ch3/ros2_ws/install/my_robot_bringup/share/ament_index/resource_index
creating /home/mfauzi/ros-fkee/ch3/ros2_ws/install/my_robot_bringup/share/ament_index/resource_index/packages
copying resource/my_robot_bringup -> /home/mfauzi/ros-fkee/ch3/ros2_ws/install/my_robot_bringup/share/ament_index/resource_index/packages
copying package.xml -> /home/mfauzi/ros-fkee/ch3/ros2_ws/install/my_robot_bringup/share/my_robot_bringup
running install_egg_info
Copying ../../build/my_robot_bringup/my_robot_bringup.egg-info to /home/mfauzi/ros-fkee/ch3/ros2_ws/install/my_robot_bringup/lib/python3.12/site-packages/my_robot_bringup-0.0.0-py3.12.egg-info
running install_scripts
writing list of installed files to '/home/mfauzi/ros-fkee/ch3/ros2_ws/build/my_robot_bringup/install.log'
