[1.558s] Invoking command in '/home/mfauzi/ros-fkee/ch3/ros2_ws/src/my_node_py': PYTHONPATH=/home/mfauzi/ros-fkee/ch3/ros2_ws/build/my_node_py/prefix_override:/usr/lib/python3/dist-packages/colcon_core/task/python/colcon_distutils_commands:/home/mfauzi/ros-fkee/ch3/ros2_ws/install/my_node_py/lib/python3.12/site-packages:${PYTHONPATH} /usr/bin/python3 -W ignore:setup.py install is deprecated -W ignore:easy_install command is deprecated setup.py egg_info --egg-base ../../build/my_node_py build --build-base /home/mfauzi/ros-fkee/ch3/ros2_ws/build/my_node_py/build install --record /home/mfauzi/ros-fkee/ch3/ros2_ws/build/my_node_py/install.log --single-version-externally-managed install_data
[1.769s] running egg_info
[1.785s] writing ../../build/my_node_py/my_node_py.egg-info/PKG-INFO
[1.786s] writing dependency_links to ../../build/my_node_py/my_node_py.egg-info/dependency_links.txt
[1.786s] writing entry points to ../../build/my_node_py/my_node_py.egg-info/entry_points.txt
[1.786s] writing requirements to ../../build/my_node_py/my_node_py.egg-info/requires.txt
[1.787s] writing top-level names to ../../build/my_node_py/my_node_py.egg-info/top_level.txt
[1.811s] reading manifest file '../../build/my_node_py/my_node_py.egg-info/SOURCES.txt'
[1.812s] writing manifest file '../../build/my_node_py/my_node_py.egg-info/SOURCES.txt'
[1.812s] running build
[1.812s] running build_py
[1.813s] running install
[1.820s] running install_lib
[1.834s] running install_data
[1.834s] running install_egg_info
[1.850s] removing '/home/mfauzi/ros-fkee/ch3/ros2_ws/install/my_node_py/lib/python3.12/site-packages/my_node_py-0.0.0-py3.12.egg-info' (and everything under it)
[1.850s] Copying ../../build/my_node_py/my_node_py.egg-info to /home/mfauzi/ros-fkee/ch3/ros2_ws/install/my_node_py/lib/python3.12/site-packages/my_node_py-0.0.0-py3.12.egg-info
[1.852s] running install_scripts
[1.944s] Installing minimal_node script to /home/mfauzi/ros-fkee/ch3/ros2_ws/install/my_node_py/lib/my_node_py
[1.945s] writing list of installed files to '/home/mfauzi/ros-fkee/ch3/ros2_ws/build/my_node_py/install.log'
[1.989s] Invoked command in '/home/mfauzi/ros-fkee/ch3/ros2_ws/src/my_node_py' returned '0': PYTHONPATH=/home/mfauzi/ros-fkee/ch3/ros2_ws/build/my_node_py/prefix_override:/usr/lib/python3/dist-packages/colcon_core/task/python/colcon_distutils_commands:/home/mfauzi/ros-fkee/ch3/ros2_ws/install/my_node_py/lib/python3.12/site-packages:${PYTHONPATH} /usr/bin/python3 -W ignore:setup.py install is deprecated -W ignore:easy_install command is deprecated setup.py egg_info --egg-base ../../build/my_node_py build --build-base /home/mfauzi/ros-fkee/ch3/ros2_ws/build/my_node_py/build install --record /home/mfauzi/ros-fkee/ch3/ros2_ws/build/my_node_py/install.log --single-version-externally-managed install_data
