running egg_info
creating ../../build/lab5_simulation/lab5_simulation.egg-info
writing ../../build/lab5_simulation/lab5_simulation.egg-info/PKG-INFO
writing dependency_links to ../../build/lab5_simulation/lab5_simulation.egg-info/dependency_links.txt
writing entry points to ../../build/lab5_simulation/lab5_simulation.egg-info/entry_points.txt
writing requirements to ../../build/lab5_simulation/lab5_simulation.egg-info/requires.txt
writing top-level names to ../../build/lab5_simulation/lab5_simulation.egg-info/top_level.txt
writing manifest file '../../build/lab5_simulation/lab5_simulation.egg-info/SOURCES.txt'
reading manifest file '../../build/lab5_simulation/lab5_simulation.egg-info/SOURCES.txt'
writing manifest file '../../build/lab5_simulation/lab5_simulation.egg-info/SOURCES.txt'
running build
running build_py
creating /home/mfauzi/lab5/build/lab5_simulation/build
creating /home/mfauzi/lab5/build/lab5_simulation/build/lib
creating /home/mfauzi/lab5/build/lab5_simulation/build/lib/lab5_simulation
copying lab5_simulation/__init__.py -> /home/mfauzi/lab5/build/lab5_simulation/build/lib/lab5_simulation
copying lab5_simulation/timed_mover.py -> /home/mfauzi/lab5/build/lab5_simulation/build/lib/lab5_simulation
running install
running install_lib
creating /home/mfauzi/lab5/install/lab5_simulation/lib/python3.12/site-packages/lab5_simulation
copying /home/mfauzi/lab5/build/lab5_simulation/build/lib/lab5_simulation/__init__.py -> /home/mfauzi/lab5/install/lab5_simulation/lib/python3.12/site-packages/lab5_simulation
copying /home/mfauzi/lab5/build/lab5_simulation/build/lib/lab5_simulation/timed_mover.py -> /home/mfauzi/lab5/install/lab5_simulation/lib/python3.12/site-packages/lab5_simulation
byte-compiling /home/mfauzi/lab5/install/lab5_simulation/lib/python3.12/site-packages/lab5_simulation/__init__.py to __init__.cpython-312.pyc
byte-compiling /home/mfauzi/lab5/install/lab5_simulation/lib/python3.12/site-packages/lab5_simulation/timed_mover.py to timed_mover.cpython-312.pyc
running install_data
creating /home/mfauzi/lab5/install/lab5_simulation/share/ament_index
creating /home/mfauzi/lab5/install/lab5_simulation/share/ament_index/resource_index
creating /home/mfauzi/lab5/install/lab5_simulation/share/ament_index/resource_index/packages
copying resource/lab5_simulation -> /home/mfauzi/lab5/install/lab5_simulation/share/ament_index/resource_index/packages
copying package.xml -> /home/mfauzi/lab5/install/lab5_simulation/share/lab5_simulation
creating /home/mfauzi/lab5/install/lab5_simulation/share/lab5_simulation/launch
copying launch/gazebo_sim.launch.py -> /home/mfauzi/lab5/install/lab5_simulation/share/lab5_simulation/launch
creating /home/mfauzi/lab5/install/lab5_simulation/share/lab5_simulation/urdf
copying urdf/diff_bot.urdf.xacro -> /home/mfauzi/lab5/install/lab5_simulation/share/lab5_simulation/urdf
running install_egg_info
Copying ../../build/lab5_simulation/lab5_simulation.egg-info to /home/mfauzi/lab5/install/lab5_simulation/lib/python3.12/site-packages/lab5_simulation-0.0.0-py3.12.egg-info
running install_scripts
Installing timed_mover script to /home/mfauzi/lab5/install/lab5_simulation/lib/lab5_simulation
writing list of installed files to '/home/mfauzi/lab5/build/lab5_simulation/install.log'
