[0.435s] Invoking command in '/home/mfauzi/mfLab5/src/lab5_simulation': PYTHONPATH=/home/mfauzi/mfLab5/build/lab5_simulation/prefix_override:/usr/lib/python3/dist-packages/colcon_core/task/python/colcon_distutils_commands:/home/mfauzi/mfLab5/install/lab5_simulation/lib/python3.12/site-packages:${PYTHONPATH} /usr/bin/python3 -W ignore:setup.py install is deprecated -W ignore:easy_install command is deprecated setup.py egg_info --egg-base ../../build/lab5_simulation build --build-base /home/mfauzi/mfLab5/build/lab5_simulation/build install --record /home/mfauzi/mfLab5/build/lab5_simulation/install.log --single-version-externally-managed install_data
[0.557s] running egg_info
[0.565s] writing ../../build/lab5_simulation/lab5_simulation.egg-info/PKG-INFO
[0.565s] writing dependency_links to ../../build/lab5_simulation/lab5_simulation.egg-info/dependency_links.txt
[0.566s] writing requirements to ../../build/lab5_simulation/lab5_simulation.egg-info/requires.txt
[0.566s] writing top-level names to ../../build/lab5_simulation/lab5_simulation.egg-info/top_level.txt
[0.581s] reading manifest file '../../build/lab5_simulation/lab5_simulation.egg-info/SOURCES.txt'
[0.582s] writing manifest file '../../build/lab5_simulation/lab5_simulation.egg-info/SOURCES.txt'
[0.582s] running build
[0.582s] running build_py
[0.583s] copying lab5_simulation/timed_mover.py -> /home/mfauzi/mfLab5/build/lab5_simulation/build/lib/lab5_simulation
[0.583s] running install
[0.585s] running install_lib
[0.594s] copying /home/mfauzi/mfLab5/build/lab5_simulation/build/lib/lab5_simulation/timed_mover.py -> /home/mfauzi/mfLab5/install/lab5_simulation/lib/python3.12/site-packages/lab5_simulation
[0.594s] byte-compiling /home/mfauzi/mfLab5/install/lab5_simulation/lib/python3.12/site-packages/lab5_simulation/timed_mover.py to timed_mover.cpython-312.pyc
[0.594s] running install_data
[0.594s] running install_egg_info
[0.603s] removing '/home/mfauzi/mfLab5/install/lab5_simulation/lib/python3.12/site-packages/lab5_simulation-0.0.0-py3.12.egg-info' (and everything under it)
[0.604s] Copying ../../build/lab5_simulation/lab5_simulation.egg-info to /home/mfauzi/mfLab5/install/lab5_simulation/lib/python3.12/site-packages/lab5_simulation-0.0.0-py3.12.egg-info
[0.604s] running install_scripts
[0.664s] writing list of installed files to '/home/mfauzi/mfLab5/build/lab5_simulation/install.log'
[0.683s] Invoked command in '/home/mfauzi/mfLab5/src/lab5_simulation' returned '0': PYTHONPATH=/home/mfauzi/mfLab5/build/lab5_simulation/prefix_override:/usr/lib/python3/dist-packages/colcon_core/task/python/colcon_distutils_commands:/home/mfauzi/mfLab5/install/lab5_simulation/lib/python3.12/site-packages:${PYTHONPATH} /usr/bin/python3 -W ignore:setup.py install is deprecated -W ignore:easy_install command is deprecated setup.py egg_info --egg-base ../../build/lab5_simulation build --build-base /home/mfauzi/mfLab5/build/lab5_simulation/build install --record /home/mfauzi/mfLab5/build/lab5_simulation/install.log --single-version-externally-managed install_data
