[1.051s] Invoking command in '/home/mfauzi/mfLab5/src/lab5_simulation': PYTHONPATH=/home/mfauzi/mfLab5/build/lab5_simulation/prefix_override:/usr/lib/python3/dist-packages/colcon_core/task/python/colcon_distutils_commands:/home/mfauzi/mfLab5/install/lab5_simulation/lib/python3.12/site-packages:${PYTHONPATH} /usr/bin/python3 -W ignore:setup.py install is deprecated -W ignore:easy_install command is deprecated setup.py egg_info --egg-base ../../build/lab5_simulation build --build-base /home/mfauzi/mfLab5/build/lab5_simulation/build install --record /home/mfauzi/mfLab5/build/lab5_simulation/install.log --single-version-externally-managed install_data
[1.228s] running egg_info
[1.239s] writing ../../build/lab5_simulation/lab5_simulation.egg-info/PKG-INFO
[1.242s] writing dependency_links to ../../build/lab5_simulation/lab5_simulation.egg-info/dependency_links.txt
[1.243s] writing entry points to ../../build/lab5_simulation/lab5_simulation.egg-info/entry_points.txt
[1.243s] writing requirements to ../../build/lab5_simulation/lab5_simulation.egg-info/requires.txt
[1.243s] writing top-level names to ../../build/lab5_simulation/lab5_simulation.egg-info/top_level.txt
[1.269s] reading manifest file '../../build/lab5_simulation/lab5_simulation.egg-info/SOURCES.txt'
[1.271s] writing manifest file '../../build/lab5_simulation/lab5_simulation.egg-info/SOURCES.txt'
[1.271s] running build
[1.271s] running build_py
[1.272s] running install
[1.276s] running install_lib
[1.293s] running install_data
[1.293s] copying launch/gazebo_sim.launch.py -> /home/mfauzi/mfLab5/install/lab5_simulation/share/lab5_simulation/launch
[1.294s] running install_egg_info
[1.306s] removing '/home/mfauzi/mfLab5/install/lab5_simulation/lib/python3.12/site-packages/lab5_simulation-0.0.0-py3.12.egg-info' (and everything under it)
[1.308s] Copying ../../build/lab5_simulation/lab5_simulation.egg-info to /home/mfauzi/mfLab5/install/lab5_simulation/lib/python3.12/site-packages/lab5_simulation-0.0.0-py3.12.egg-info
[1.309s] running install_scripts
[1.392s] Installing timed_mover script to /home/mfauzi/mfLab5/install/lab5_simulation/lib/lab5_simulation
[1.393s] writing list of installed files to '/home/mfauzi/mfLab5/build/lab5_simulation/install.log'
[1.428s] Invoked command in '/home/mfauzi/mfLab5/src/lab5_simulation' returned '0': PYTHONPATH=/home/mfauzi/mfLab5/build/lab5_simulation/prefix_override:/usr/lib/python3/dist-packages/colcon_core/task/python/colcon_distutils_commands:/home/mfauzi/mfLab5/install/lab5_simulation/lib/python3.12/site-packages:${PYTHONPATH} /usr/bin/python3 -W ignore:setup.py install is deprecated -W ignore:easy_install command is deprecated setup.py egg_info --egg-base ../../build/lab5_simulation build --build-base /home/mfauzi/mfLab5/build/lab5_simulation/build install --record /home/mfauzi/mfLab5/build/lab5_simulation/install.log --single-version-externally-managed install_data
