[0.828s] Invoking command in '/home/mfauzi/mfLab5/src/lab5_simulation': PYTHONPATH=/home/mfauzi/mfLab5/build/lab5_simulation/prefix_override:/usr/lib/python3/dist-packages/colcon_core/task/python/colcon_distutils_commands:/home/mfauzi/mfLab5/install/lab5_simulation/lib/python3.12/site-packages:${PYTHONPATH} /usr/bin/python3 -W ignore:setup.py install is deprecated -W ignore:easy_install command is deprecated setup.py egg_info --egg-base ../../build/lab5_simulation build --build-base /home/mfauzi/mfLab5/build/lab5_simulation/build install --record /home/mfauzi/mfLab5/build/lab5_simulation/install.log --single-version-externally-managed install_data
[0.951s] running egg_info
[0.951s] creating ../../build/lab5_simulation/lab5_simulation.egg-info
[0.959s] writing ../../build/lab5_simulation/lab5_simulation.egg-info/PKG-INFO
[0.960s] writing dependency_links to ../../build/lab5_simulation/lab5_simulation.egg-info/dependency_links.txt
[0.960s] writing requirements to ../../build/lab5_simulation/lab5_simulation.egg-info/requires.txt
[0.960s] writing top-level names to ../../build/lab5_simulation/lab5_simulation.egg-info/top_level.txt
[0.960s] writing manifest file '../../build/lab5_simulation/lab5_simulation.egg-info/SOURCES.txt'
[0.978s] reading manifest file '../../build/lab5_simulation/lab5_simulation.egg-info/SOURCES.txt'
[0.978s] writing manifest file '../../build/lab5_simulation/lab5_simulation.egg-info/SOURCES.txt'
[0.978s] running build
[0.978s] running build_py
[0.978s] creating /home/mfauzi/mfLab5/build/lab5_simulation/build
[0.979s] creating /home/mfauzi/mfLab5/build/lab5_simulation/build/lib
[0.979s] creating /home/mfauzi/mfLab5/build/lab5_simulation/build/lib/lab5_simulation
[0.979s] copying lab5_simulation/__init__.py -> /home/mfauzi/mfLab5/build/lab5_simulation/build/lib/lab5_simulation
[0.979s] running install
[0.982s] running install_lib
[0.990s] creating /home/mfauzi/mfLab5/install/lab5_simulation/lib/python3.12/site-packages/lab5_simulation
[0.991s] copying /home/mfauzi/mfLab5/build/lab5_simulation/build/lib/lab5_simulation/__init__.py -> /home/mfauzi/mfLab5/install/lab5_simulation/lib/python3.12/site-packages/lab5_simulation
[0.991s] byte-compiling /home/mfauzi/mfLab5/install/lab5_simulation/lib/python3.12/site-packages/lab5_simulation/__init__.py to __init__.cpython-312.pyc
[0.991s] running install_data
[0.992s] creating /home/mfauzi/mfLab5/install/lab5_simulation/share/ament_index
[0.992s] creating /home/mfauzi/mfLab5/install/lab5_simulation/share/ament_index/resource_index
[0.992s] creating /home/mfauzi/mfLab5/install/lab5_simulation/share/ament_index/resource_index/packages
[0.992s] copying resource/lab5_simulation -> /home/mfauzi/mfLab5/install/lab5_simulation/share/ament_index/resource_index/packages
[0.992s] copying package.xml -> /home/mfauzi/mfLab5/install/lab5_simulation/share/lab5_simulation
[0.992s] running install_egg_info
[1.001s] Copying ../../build/lab5_simulation/lab5_simulation.egg-info to /home/mfauzi/mfLab5/install/lab5_simulation/lib/python3.12/site-packages/lab5_simulation-0.0.0-py3.12.egg-info
[1.002s] running install_scripts
[1.066s] writing list of installed files to '/home/mfauzi/mfLab5/build/lab5_simulation/install.log'
[1.085s] Invoked command in '/home/mfauzi/mfLab5/src/lab5_simulation' returned '0': PYTHONPATH=/home/mfauzi/mfLab5/build/lab5_simulation/prefix_override:/usr/lib/python3/dist-packages/colcon_core/task/python/colcon_distutils_commands:/home/mfauzi/mfLab5/install/lab5_simulation/lib/python3.12/site-packages:${PYTHONPATH} /usr/bin/python3 -W ignore:setup.py install is deprecated -W ignore:easy_install command is deprecated setup.py egg_info --egg-base ../../build/lab5_simulation build --build-base /home/mfauzi/mfLab5/build/lab5_simulation/build install --record /home/mfauzi/mfLab5/build/lab5_simulation/install.log --single-version-externally-managed install_data
