-- Install configuration: ""
-- Up-to-date: /home/mfauzi/lab6/install/my_robot_bringup/share/my_robot_bringup/launch
-- Up-to-date: /home/mfauzi/lab6/install/my_robot_bringup/share/my_robot_bringup/launch/auto_nav.launch.py
-- Up-to-date: /home/mfauzi/lab6/install/my_robot_bringup/share/my_robot_bringup/launch/sim.launch.py
-- Up-to-date: /home/mfauzi/lab6/install/my_robot_bringup/share/my_robot_bringup/launch/slam.launch.py
-- Up-to-date: /home/mfauzi/lab6/install/my_robot_bringup/share/my_robot_bringup/urdf
-- Up-to-date: /home/mfauzi/lab6/install/my_robot_bringup/share/my_robot_bringup/urdf/my_robot.urdf.xacro
-- Up-to-date: /home/mfauzi/lab6/install/my_robot_bringup/share/my_robot_bringup/rviz
-- Up-to-date: /home/mfauzi/lab6/install/my_robot_bringup/share/my_robot_bringup/worlds
-- Up-to-date: /home/mfauzi/lab6/install/my_robot_bringup/share/my_robot_bringup/maps
-- Up-to-date: /home/mfauzi/lab6/install/my_robot_bringup/share/my_robot_bringup/config
-- Up-to-date: /home/mfauzi/lab6/install/my_robot_bringup/share/my_robot_bringup/config/nav2_params.yaml
-- Up-to-date: /home/mfauzi/lab6/install/my_robot_bringup/share/ament_index/resource_index/package_run_dependencies/my_robot_bringup
-- Up-to-date: /home/mfauzi/lab6/install/my_robot_bringup/share/ament_index/resource_index/parent_prefix_path/my_robot_bringup
-- Up-to-date: /home/mfauzi/lab6/install/my_robot_bringup/share/my_robot_bringup/environment/ament_prefix_path.sh
-- Up-to-date: /home/mfauzi/lab6/install/my_robot_bringup/share/my_robot_bringup/environment/ament_prefix_path.dsv
-- Up-to-date: /home/mfauzi/lab6/install/my_robot_bringup/share/my_robot_bringup/environment/path.sh
-- Up-to-date: /home/mfauzi/lab6/install/my_robot_bringup/share/my_robot_bringup/environment/path.dsv
-- Up-to-date: /home/mfauzi/lab6/install/my_robot_bringup/share/my_robot_bringup/local_setup.bash
-- Up-to-date: /home/mfauzi/lab6/install/my_robot_bringup/share/my_robot_bringup/local_setup.sh
-- Up-to-date: /home/mfauzi/lab6/install/my_robot_bringup/share/my_robot_bringup/local_setup.zsh
-- Up-to-date: /home/mfauzi/lab6/install/my_robot_bringup/share/my_robot_bringup/local_setup.dsv
-- Up-to-date: /home/mfauzi/lab6/install/my_robot_bringup/share/my_robot_bringup/package.dsv
-- Up-to-date: /home/mfauzi/lab6/install/my_robot_bringup/share/ament_index/resource_index/packages/my_robot_bringup
-- Up-to-date: /home/mfauzi/lab6/install/my_robot_bringup/share/my_robot_bringup/cmake/my_robot_bringupConfig.cmake
-- Up-to-date: /home/mfauzi/lab6/install/my_robot_bringup/share/my_robot_bringup/cmake/my_robot_bringupConfig-version.cmake
-- Up-to-date: /home/mfauzi/lab6/install/my_robot_bringup/share/my_robot_bringup/package.xml
