[0.014s] Invoking command in '/home/mfauzi/lab6/build/my_robot_bringup': CMAKE_PREFIX_PATH=${CMAKE_PREFIX_PATH}:/home/mfauzi/mfLab5/install/lab5_simulation:/home/mfauzi/lab5/install/lab5_simulation:/home/mfauzi/linorobot2_ws/install/linorobot2_gazebo:/opt/ros/jazzy /usr/bin/cmake --build /home/mfauzi/lab6/build/my_robot_bringup -- -j24 -l24
[0.105s] Invoked command in '/home/mfauzi/lab6/build/my_robot_bringup' returned '0': CMAKE_PREFIX_PATH=${CMAKE_PREFIX_PATH}:/home/mfauzi/mfLab5/install/lab5_simulation:/home/mfauzi/lab5/install/lab5_simulation:/home/mfauzi/linorobot2_ws/install/linorobot2_gazebo:/opt/ros/jazzy /usr/bin/cmake --build /home/mfauzi/lab6/build/my_robot_bringup -- -j24 -l24
[0.114s] Invoking command in '/home/mfauzi/lab6/build/my_robot_bringup': CMAKE_PREFIX_PATH=${CMAKE_PREFIX_PATH}:/home/mfauzi/mfLab5/install/lab5_simulation:/home/mfauzi/lab5/install/lab5_simulation:/home/mfauzi/linorobot2_ws/install/linorobot2_gazebo:/opt/ros/jazzy /usr/bin/cmake --install /home/mfauzi/lab6/build/my_robot_bringup
[0.121s] -- Install configuration: ""
[0.121s] -- Up-to-date: /home/mfauzi/lab6/install/my_robot_bringup/share/my_robot_bringup/launch
[0.121s] -- Up-to-date: /home/mfauzi/lab6/install/my_robot_bringup/share/my_robot_bringup/launch/auto_nav.launch.py
[0.121s] -- Up-to-date: /home/mfauzi/lab6/install/my_robot_bringup/share/my_robot_bringup/launch/sim.launch.py
[0.122s] -- Up-to-date: /home/mfauzi/lab6/install/my_robot_bringup/share/my_robot_bringup/launch/slam.launch.py
[0.122s] -- Up-to-date: /home/mfauzi/lab6/install/my_robot_bringup/share/my_robot_bringup/urdf
[0.122s] -- Up-to-date: /home/mfauzi/lab6/install/my_robot_bringup/share/my_robot_bringup/urdf/my_robot.urdf.xacro
[0.122s] -- Up-to-date: /home/mfauzi/lab6/install/my_robot_bringup/share/my_robot_bringup/rviz
[0.123s] -- Up-to-date: /home/mfauzi/lab6/install/my_robot_bringup/share/my_robot_bringup/worlds
[0.123s] -- Up-to-date: /home/mfauzi/lab6/install/my_robot_bringup/share/my_robot_bringup/maps
[0.123s] -- Up-to-date: /home/mfauzi/lab6/install/my_robot_bringup/share/my_robot_bringup/config
[0.123s] -- Up-to-date: /home/mfauzi/lab6/install/my_robot_bringup/share/my_robot_bringup/config/nav2_params.yaml
[0.123s] -- Up-to-date: /home/mfauzi/lab6/install/my_robot_bringup/share/ament_index/resource_index/package_run_dependencies/my_robot_bringup
[0.124s] -- Up-to-date: /home/mfauzi/lab6/install/my_robot_bringup/share/ament_index/resource_index/parent_prefix_path/my_robot_bringup
[0.124s] -- Up-to-date: /home/mfauzi/lab6/install/my_robot_bringup/share/my_robot_bringup/environment/ament_prefix_path.sh
[0.124s] -- Up-to-date: /home/mfauzi/lab6/install/my_robot_bringup/share/my_robot_bringup/environment/ament_prefix_path.dsv
[0.124s] -- Up-to-date: /home/mfauzi/lab6/install/my_robot_bringup/share/my_robot_bringup/environment/path.sh
[0.124s] -- Up-to-date: /home/mfauzi/lab6/install/my_robot_bringup/share/my_robot_bringup/environment/path.dsv
[0.125s] -- Up-to-date: /home/mfauzi/lab6/install/my_robot_bringup/share/my_robot_bringup/local_setup.bash
[0.125s] -- Up-to-date: /home/mfauzi/lab6/install/my_robot_bringup/share/my_robot_bringup/local_setup.sh
[0.125s] -- Up-to-date: /home/mfauzi/lab6/install/my_robot_bringup/share/my_robot_bringup/local_setup.zsh
[0.125s] -- Up-to-date: /home/mfauzi/lab6/install/my_robot_bringup/share/my_robot_bringup/local_setup.dsv
[0.125s] -- Up-to-date: /home/mfauzi/lab6/install/my_robot_bringup/share/my_robot_bringup/package.dsv
[0.126s] -- Up-to-date: /home/mfauzi/lab6/install/my_robot_bringup/share/ament_index/resource_index/packages/my_robot_bringup
[0.126s] -- Up-to-date: /home/mfauzi/lab6/install/my_robot_bringup/share/my_robot_bringup/cmake/my_robot_bringupConfig.cmake
[0.126s] -- Up-to-date: /home/mfauzi/lab6/install/my_robot_bringup/share/my_robot_bringup/cmake/my_robot_bringupConfig-version.cmake
[0.126s] -- Up-to-date: /home/mfauzi/lab6/install/my_robot_bringup/share/my_robot_bringup/package.xml
[0.128s] Invoked command in '/home/mfauzi/lab6/build/my_robot_bringup' returned '0': CMAKE_PREFIX_PATH=${CMAKE_PREFIX_PATH}:/home/mfauzi/mfLab5/install/lab5_simulation:/home/mfauzi/lab5/install/lab5_simulation:/home/mfauzi/linorobot2_ws/install/linorobot2_gazebo:/opt/ros/jazzy /usr/bin/cmake --install /home/mfauzi/lab6/build/my_robot_bringup
