[0.452s] Invoking command in '/home/mfauzi/mfLab5/src/lab5_simulation': PYTHONPATH=/home/mfauzi/mfLab5/build/lab5_simulation/prefix_override:/usr/lib/python3/dist-packages/colcon_core/task/python/colcon_distutils_commands:/home/mfauzi/mfLab5/install/lab5_simulation/lib/python3.12/site-packages:${PYTHONPATH} /usr/bin/python3 -W ignore:setup.py install is deprecated -W ignore:easy_install command is deprecated setup.py egg_info --egg-base ../../build/lab5_simulation build --build-base /home/mfauzi/mfLab5/build/lab5_simulation/build install --record /home/mfauzi/mfLab5/build/lab5_simulation/install.log --single-version-externally-managed install_data
[0.589s] running egg_info
[0.599s] writing ../../build/lab5_simulation/lab5_simulation.egg-info/PKG-INFO
[0.599s] writing dependency_links to ../../build/lab5_simulation/lab5_simulation.egg-info/dependency_links.txt
[0.599s] writing entry points to ../../build/lab5_simulation/lab5_simulation.egg-info/entry_points.txt
[0.599s] writing requirements to ../../build/lab5_simulation/lab5_simulation.egg-info/requires.txt
[0.599s] writing top-level names to ../../build/lab5_simulation/lab5_simulation.egg-info/top_level.txt
[0.618s] reading manifest file '../../build/lab5_simulation/lab5_simulation.egg-info/SOURCES.txt'
[0.618s] writing manifest file '../../build/lab5_simulation/lab5_simulation.egg-info/SOURCES.txt'
[0.619s] running build
[0.619s] running build_py
[0.619s] copying lab5_simulation/timed_mover.py -> /home/mfauzi/mfLab5/build/lab5_simulation/build/lib/lab5_simulation
[0.619s] running install
[0.622s] running install_lib
[0.632s] copying /home/mfauzi/mfLab5/build/lab5_simulation/build/lib/lab5_simulation/timed_mover.py -> /home/mfauzi/mfLab5/install/lab5_simulation/lib/python3.12/site-packages/lab5_simulation
[0.632s] byte-compiling /home/mfauzi/mfLab5/install/lab5_simulation/lib/python3.12/site-packages/lab5_simulation/timed_mover.py to timed_mover.cpython-312.pyc
[0.632s] running install_data
[0.633s] copying launch/gazebo_sim.launch.py -> /home/mfauzi/mfLab5/install/lab5_simulation/share/lab5_simulation/launch
[0.633s] copying urdf/diff_bot.urdf.xacro -> /home/mfauzi/mfLab5/install/lab5_simulation/share/lab5_simulation/urdf
[0.633s] running install_egg_info
[0.642s] removing '/home/mfauzi/mfLab5/install/lab5_simulation/lib/python3.12/site-packages/lab5_simulation-0.0.0-py3.12.egg-info' (and everything under it)
[0.643s] Copying ../../build/lab5_simulation/lab5_simulation.egg-info to /home/mfauzi/mfLab5/install/lab5_simulation/lib/python3.12/site-packages/lab5_simulation-0.0.0-py3.12.egg-info
[0.644s] running install_scripts
[0.713s] Installing timed_mover script to /home/mfauzi/mfLab5/install/lab5_simulation/lib/lab5_simulation
[0.713s] writing list of installed files to '/home/mfauzi/mfLab5/build/lab5_simulation/install.log'
[0.739s] Invoked command in '/home/mfauzi/mfLab5/src/lab5_simulation' returned '0': PYTHONPATH=/home/mfauzi/mfLab5/build/lab5_simulation/prefix_override:/usr/lib/python3/dist-packages/colcon_core/task/python/colcon_distutils_commands:/home/mfauzi/mfLab5/install/lab5_simulation/lib/python3.12/site-packages:${PYTHONPATH} /usr/bin/python3 -W ignore:setup.py install is deprecated -W ignore:easy_install command is deprecated setup.py egg_info --egg-base ../../build/lab5_simulation build --build-base /home/mfauzi/mfLab5/build/lab5_simulation/build install --record /home/mfauzi/mfLab5/build/lab5_simulation/install.log --single-version-externally-managed install_data
