[1.194s] Invoking command in '/home/mfauzi/ros-fkee/ch3/ros2_ws/src/node_temp_py': PYTHONPATH=/home/mfauzi/ros-fkee/ch3/ros2_ws/build/node_temp_py/prefix_override:/usr/lib/python3/dist-packages/colcon_core/task/python/colcon_distutils_commands:/home/mfauzi/ros-fkee/ch3/ros2_ws/install/node_temp_py/lib/python3.12/site-packages:${PYTHONPATH} /usr/bin/python3 -W ignore:setup.py install is deprecated -W ignore:easy_install command is deprecated setup.py egg_info --egg-base ../../build/node_temp_py build --build-base /home/mfauzi/ros-fkee/ch3/ros2_ws/build/node_temp_py/build install --record /home/mfauzi/ros-fkee/ch3/ros2_ws/build/node_temp_py/install.log --single-version-externally-managed install_data
[1.390s] running egg_info
[1.402s] writing ../../build/node_temp_py/node_temp_py.egg-info/PKG-INFO
[1.402s] writing dependency_links to ../../build/node_temp_py/node_temp_py.egg-info/dependency_links.txt
[1.402s] writing entry points to ../../build/node_temp_py/node_temp_py.egg-info/entry_points.txt
[1.403s] writing requirements to ../../build/node_temp_py/node_temp_py.egg-info/requires.txt
[1.403s] writing top-level names to ../../build/node_temp_py/node_temp_py.egg-info/top_level.txt
[1.429s] reading manifest file '../../build/node_temp_py/node_temp_py.egg-info/SOURCES.txt'
[1.430s] writing manifest file '../../build/node_temp_py/node_temp_py.egg-info/SOURCES.txt'
[1.430s] running build
[1.431s] running build_py
[1.431s] running install
[1.437s] running install_lib
[1.450s] running install_data
[1.450s] running install_egg_info
[1.467s] removing '/home/mfauzi/ros-fkee/ch3/ros2_ws/install/node_temp_py/lib/python3.12/site-packages/node_temp_py-0.0.0-py3.12.egg-info' (and everything under it)
[1.467s] Copying ../../build/node_temp_py/node_temp_py.egg-info to /home/mfauzi/ros-fkee/ch3/ros2_ws/install/node_temp_py/lib/python3.12/site-packages/node_temp_py-0.0.0-py3.12.egg-info
[1.469s] running install_scripts
[1.565s] Installing temp_display script to /home/mfauzi/ros-fkee/ch3/ros2_ws/install/node_temp_py/lib/node_temp_py
[1.565s] Installing temp_sensor script to /home/mfauzi/ros-fkee/ch3/ros2_ws/install/node_temp_py/lib/node_temp_py
[1.566s] writing list of installed files to '/home/mfauzi/ros-fkee/ch3/ros2_ws/build/node_temp_py/install.log'
[1.600s] Invoked command in '/home/mfauzi/ros-fkee/ch3/ros2_ws/src/node_temp_py' returned '0': PYTHONPATH=/home/mfauzi/ros-fkee/ch3/ros2_ws/build/node_temp_py/prefix_override:/usr/lib/python3/dist-packages/colcon_core/task/python/colcon_distutils_commands:/home/mfauzi/ros-fkee/ch3/ros2_ws/install/node_temp_py/lib/python3.12/site-packages:${PYTHONPATH} /usr/bin/python3 -W ignore:setup.py install is deprecated -W ignore:easy_install command is deprecated setup.py egg_info --egg-base ../../build/node_temp_py build --build-base /home/mfauzi/ros-fkee/ch3/ros2_ws/build/node_temp_py/build install --record /home/mfauzi/ros-fkee/ch3/ros2_ws/build/node_temp_py/install.log --single-version-externally-managed install_data
