[0.022s] Invoking command in '/home/mfauzi/lab6/build/lab6_navigation': CMAKE_PREFIX_PATH=${CMAKE_PREFIX_PATH}:/home/mfauzi/mfLab5/install/lab5_simulation:/home/mfauzi/lab5/install/lab5_simulation:/home/mfauzi/linorobot2_ws/install/linorobot2_gazebo:/opt/ros/jazzy /usr/bin/cmake --build /home/mfauzi/lab6/build/lab6_navigation -- -j24 -l24
[0.078s] Invoked command in '/home/mfauzi/lab6/build/lab6_navigation' returned '0': CMAKE_PREFIX_PATH=${CMAKE_PREFIX_PATH}:/home/mfauzi/mfLab5/install/lab5_simulation:/home/mfauzi/lab5/install/lab5_simulation:/home/mfauzi/linorobot2_ws/install/linorobot2_gazebo:/opt/ros/jazzy /usr/bin/cmake --build /home/mfauzi/lab6/build/lab6_navigation -- -j24 -l24
[0.091s] Invoking command in '/home/mfauzi/lab6/build/lab6_navigation': CMAKE_PREFIX_PATH=${CMAKE_PREFIX_PATH}:/home/mfauzi/mfLab5/install/lab5_simulation:/home/mfauzi/lab5/install/lab5_simulation:/home/mfauzi/linorobot2_ws/install/linorobot2_gazebo:/opt/ros/jazzy /usr/bin/cmake --install /home/mfauzi/lab6/build/lab6_navigation
[0.102s] -- Install configuration: ""
[0.102s] -- Up-to-date: /home/mfauzi/lab6/install/lab6_navigation/share/lab6_navigation/launch
[0.102s] -- Up-to-date: /home/mfauzi/lab6/install/lab6_navigation/share/lab6_navigation/launch/auto_nav.launch.py
[0.103s] -- Installing: /home/mfauzi/lab6/install/lab6_navigation/share/lab6_navigation/launch/sim.launch.py
[0.103s] -- Up-to-date: /home/mfauzi/lab6/install/lab6_navigation/share/lab6_navigation/launch/slam.launch.py
[0.104s] -- Up-to-date: /home/mfauzi/lab6/install/lab6_navigation/share/lab6_navigation/urdf
[0.104s] -- Up-to-date: /home/mfauzi/lab6/install/lab6_navigation/share/lab6_navigation/urdf/my_robot.urdf.xacro
[0.105s] -- Up-to-date: /home/mfauzi/lab6/install/lab6_navigation/share/lab6_navigation/rviz
[0.105s] -- Up-to-date: /home/mfauzi/lab6/install/lab6_navigation/share/lab6_navigation/worlds
[0.105s] -- Installing: /home/mfauzi/lab6/install/lab6_navigation/share/lab6_navigation/worlds/lab6_empty.sdf
[0.105s] -- Up-to-date: /home/mfauzi/lab6/install/lab6_navigation/share/lab6_navigation/maps
[0.105s] -- Up-to-date: /home/mfauzi/lab6/install/lab6_navigation/share/lab6_navigation/config
[0.105s] -- Up-to-date: /home/mfauzi/lab6/install/lab6_navigation/share/lab6_navigation/config/nav2_params.yaml
[0.105s] -- Up-to-date: /home/mfauzi/lab6/install/lab6_navigation/share/ament_index/resource_index/package_run_dependencies/lab6_navigation
[0.105s] -- Up-to-date: /home/mfauzi/lab6/install/lab6_navigation/share/ament_index/resource_index/parent_prefix_path/lab6_navigation
[0.106s] -- Up-to-date: /home/mfauzi/lab6/install/lab6_navigation/share/lab6_navigation/environment/ament_prefix_path.sh
[0.106s] -- Up-to-date: /home/mfauzi/lab6/install/lab6_navigation/share/lab6_navigation/environment/ament_prefix_path.dsv
[0.106s] -- Up-to-date: /home/mfauzi/lab6/install/lab6_navigation/share/lab6_navigation/environment/path.sh
[0.106s] -- Up-to-date: /home/mfauzi/lab6/install/lab6_navigation/share/lab6_navigation/environment/path.dsv
[0.106s] -- Up-to-date: /home/mfauzi/lab6/install/lab6_navigation/share/lab6_navigation/local_setup.bash
[0.107s] -- Up-to-date: /home/mfauzi/lab6/install/lab6_navigation/share/lab6_navigation/local_setup.sh
[0.107s] -- Up-to-date: /home/mfauzi/lab6/install/lab6_navigation/share/lab6_navigation/local_setup.zsh
[0.108s] -- Up-to-date: /home/mfauzi/lab6/install/lab6_navigation/share/lab6_navigation/local_setup.dsv
[0.108s] -- Installing: /home/mfauzi/lab6/install/lab6_navigation/share/lab6_navigation/package.dsv
[0.108s] -- Up-to-date: /home/mfauzi/lab6/install/lab6_navigation/share/ament_index/resource_index/packages/lab6_navigation
[0.109s] -- Up-to-date: /home/mfauzi/lab6/install/lab6_navigation/share/lab6_navigation/cmake/lab6_navigationConfig.cmake
[0.109s] -- Up-to-date: /home/mfauzi/lab6/install/lab6_navigation/share/lab6_navigation/cmake/lab6_navigationConfig-version.cmake
[0.110s] -- Up-to-date: /home/mfauzi/lab6/install/lab6_navigation/share/lab6_navigation/package.xml
[0.112s] Invoked command in '/home/mfauzi/lab6/build/lab6_navigation' returned '0': CMAKE_PREFIX_PATH=${CMAKE_PREFIX_PATH}:/home/mfauzi/mfLab5/install/lab5_simulation:/home/mfauzi/lab5/install/lab5_simulation:/home/mfauzi/linorobot2_ws/install/linorobot2_gazebo:/opt/ros/jazzy /usr/bin/cmake --install /home/mfauzi/lab6/build/lab6_navigation
