[0.421s] Invoking command in '/home/mfauzi/mfLab5/src/lab5_simulation': PYTHONPATH=/home/mfauzi/mfLab5/build/lab5_simulation/prefix_override:/usr/lib/python3/dist-packages/colcon_core/task/python/colcon_distutils_commands:/home/mfauzi/mfLab5/install/lab5_simulation/lib/python3.12/site-packages:${PYTHONPATH} /usr/bin/python3 -W ignore:setup.py install is deprecated -W ignore:easy_install command is deprecated setup.py egg_info --egg-base ../../build/lab5_simulation build --build-base /home/mfauzi/mfLab5/build/lab5_simulation/build install --record /home/mfauzi/mfLab5/build/lab5_simulation/install.log --single-version-externally-managed install_data
[0.546s] running egg_info
[0.554s] writing ../../build/lab5_simulation/lab5_simulation.egg-info/PKG-INFO
[0.555s] writing dependency_links to ../../build/lab5_simulation/lab5_simulation.egg-info/dependency_links.txt
[0.555s] writing entry points to ../../build/lab5_simulation/lab5_simulation.egg-info/entry_points.txt
[0.555s] writing requirements to ../../build/lab5_simulation/lab5_simulation.egg-info/requires.txt
[0.555s] writing top-level names to ../../build/lab5_simulation/lab5_simulation.egg-info/top_level.txt
[0.571s] reading manifest file '../../build/lab5_simulation/lab5_simulation.egg-info/SOURCES.txt'
[0.572s] writing manifest file '../../build/lab5_simulation/lab5_simulation.egg-info/SOURCES.txt'
[0.572s] running build
[0.572s] running build_py
[0.572s] running install
[0.575s] running install_lib
[0.584s] running install_data
[0.584s] copying launch/gazebo_sim.launch.py -> /home/mfauzi/mfLab5/install/lab5_simulation/share/lab5_simulation/launch
[0.584s] copying urdf/diff_bot.urdf.xacro -> /home/mfauzi/mfLab5/install/lab5_simulation/share/lab5_simulation/urdf
[0.585s] running install_egg_info
[0.594s] removing '/home/mfauzi/mfLab5/install/lab5_simulation/lib/python3.12/site-packages/lab5_simulation-0.0.0-py3.12.egg-info' (and everything under it)
[0.595s] Copying ../../build/lab5_simulation/lab5_simulation.egg-info to /home/mfauzi/mfLab5/install/lab5_simulation/lib/python3.12/site-packages/lab5_simulation-0.0.0-py3.12.egg-info
[0.596s] running install_scripts
[0.656s] Installing timed_mover script to /home/mfauzi/mfLab5/install/lab5_simulation/lib/lab5_simulation
[0.657s] writing list of installed files to '/home/mfauzi/mfLab5/build/lab5_simulation/install.log'
[0.676s] Invoked command in '/home/mfauzi/mfLab5/src/lab5_simulation' returned '0': PYTHONPATH=/home/mfauzi/mfLab5/build/lab5_simulation/prefix_override:/usr/lib/python3/dist-packages/colcon_core/task/python/colcon_distutils_commands:/home/mfauzi/mfLab5/install/lab5_simulation/lib/python3.12/site-packages:${PYTHONPATH} /usr/bin/python3 -W ignore:setup.py install is deprecated -W ignore:easy_install command is deprecated setup.py egg_info --egg-base ../../build/lab5_simulation build --build-base /home/mfauzi/mfLab5/build/lab5_simulation/build install --record /home/mfauzi/mfLab5/build/lab5_simulation/install.log --single-version-externally-managed install_data
