[0.426s] Invoking command in '/home/mfauzi/ros-fkee/ch3/ros2_ws/src/my_robot_bringup': PYTHONPATH=/home/mfauzi/ros-fkee/ch3/ros2_ws/build/my_robot_bringup/prefix_override:/usr/lib/python3/dist-packages/colcon_core/task/python/colcon_distutils_commands:/home/mfauzi/ros-fkee/ch3/ros2_ws/install/my_robot_bringup/lib/python3.12/site-packages:${PYTHONPATH} /usr/bin/python3 -W ignore:setup.py install is deprecated -W ignore:easy_install command is deprecated setup.py egg_info --egg-base ../../build/my_robot_bringup build --build-base /home/mfauzi/ros-fkee/ch3/ros2_ws/build/my_robot_bringup/build install --record /home/mfauzi/ros-fkee/ch3/ros2_ws/build/my_robot_bringup/install.log --single-version-externally-managed install_data
[0.542s] running egg_info
[0.549s] writing ../../build/my_robot_bringup/my_robot_bringup.egg-info/PKG-INFO
[0.549s] writing dependency_links to ../../build/my_robot_bringup/my_robot_bringup.egg-info/dependency_links.txt
[0.549s] writing requirements to ../../build/my_robot_bringup/my_robot_bringup.egg-info/requires.txt
[0.549s] writing top-level names to ../../build/my_robot_bringup/my_robot_bringup.egg-info/top_level.txt
[0.565s] reading manifest file '../../build/my_robot_bringup/my_robot_bringup.egg-info/SOURCES.txt'
[0.566s] writing manifest file '../../build/my_robot_bringup/my_robot_bringup.egg-info/SOURCES.txt'
[0.566s] running build
[0.566s] running build_py
[0.566s] running install
[0.568s] running install_lib
[0.576s] running install_data
[0.577s] copying config/my_robot_params.yaml -> /home/mfauzi/ros-fkee/ch3/ros2_ws/install/my_robot_bringup/share/my_robot_bringup/config
[0.577s] running install_egg_info
[0.585s] removing '/home/mfauzi/ros-fkee/ch3/ros2_ws/install/my_robot_bringup/lib/python3.12/site-packages/my_robot_bringup-0.0.0-py3.12.egg-info' (and everything under it)
[0.585s] Copying ../../build/my_robot_bringup/my_robot_bringup.egg-info to /home/mfauzi/ros-fkee/ch3/ros2_ws/install/my_robot_bringup/lib/python3.12/site-packages/my_robot_bringup-0.0.0-py3.12.egg-info
[0.586s] running install_scripts
[0.643s] writing list of installed files to '/home/mfauzi/ros-fkee/ch3/ros2_ws/build/my_robot_bringup/install.log'
[0.663s] Invoked command in '/home/mfauzi/ros-fkee/ch3/ros2_ws/src/my_robot_bringup' returned '0': PYTHONPATH=/home/mfauzi/ros-fkee/ch3/ros2_ws/build/my_robot_bringup/prefix_override:/usr/lib/python3/dist-packages/colcon_core/task/python/colcon_distutils_commands:/home/mfauzi/ros-fkee/ch3/ros2_ws/install/my_robot_bringup/lib/python3.12/site-packages:${PYTHONPATH} /usr/bin/python3 -W ignore:setup.py install is deprecated -W ignore:easy_install command is deprecated setup.py egg_info --egg-base ../../build/my_robot_bringup build --build-base /home/mfauzi/ros-fkee/ch3/ros2_ws/build/my_robot_bringup/build install --record /home/mfauzi/ros-fkee/ch3/ros2_ws/build/my_robot_bringup/install.log --single-version-externally-managed install_data
