[0.010s] Invoking command in '/home/mfauzi/lab6/build/my_robot_bringup': CMAKE_PREFIX_PATH=${CMAKE_PREFIX_PATH}:/home/mfauzi/mfLab5/install/lab5_simulation:/home/mfauzi/lab5/install/lab5_simulation:/home/mfauzi/linorobot2_ws/install/linorobot2_gazebo:/opt/ros/jazzy /usr/bin/cmake /home/mfauzi/lab6/src/my_robot_bringup -DCMAKE_INSTALL_PREFIX=/home/mfauzi/lab6/install/my_robot_bringup
[0.166s] -- The C compiler identification is GNU 13.3.0
[0.419s] -- The CXX compiler identification is GNU 13.3.0
[0.581s] -- Detecting C compiler ABI info
[0.697s] -- Detecting C compiler ABI info - done
[0.702s] -- Check for working C compiler: /usr/bin/cc - skipped
[0.702s] -- Detecting C compile features
[0.703s] -- Detecting C compile features - done
[0.734s] -- Detecting CXX compiler ABI info
[0.851s] -- Detecting CXX compiler ABI info - done
[0.856s] -- Check for working CXX compiler: /usr/bin/c++ - skipped
[0.857s] -- Detecting CXX compile features
[0.858s] -- Detecting CXX compile features - done
[0.863s] -- Found ament_cmake: 2.5.6 (/opt/ros/jazzy/share/ament_cmake/cmake)
[0.970s] -- Found Python3: /usr/bin/python3 (found version "3.12.3") found components: Interpreter 
[1.061s] -- Found rclcpp: 28.1.18 (/opt/ros/jazzy/share/rclcpp/cmake)
[1.146s] -- Found rosidl_generator_c: 4.6.7 (/opt/ros/jazzy/share/rosidl_generator_c/cmake)
[1.158s] -- Found rosidl_generator_cpp: 4.6.7 (/opt/ros/jazzy/share/rosidl_generator_cpp/cmake)
[1.172s] -- Using all available rosidl_typesupport_c: rosidl_typesupport_fastrtps_c;rosidl_typesupport_introspection_c
[1.188s] -- Using all available rosidl_typesupport_cpp: rosidl_typesupport_fastrtps_cpp;rosidl_typesupport_introspection_cpp
[1.242s] -- Found rmw_implementation_cmake: 7.3.3 (/opt/ros/jazzy/share/rmw_implementation_cmake/cmake)
[1.245s] -- Found rmw_fastrtps_cpp: 8.4.3 (/opt/ros/jazzy/share/rmw_fastrtps_cpp/cmake)
[1.303s] -- Found OpenSSL: /usr/lib/x86_64-linux-gnu/libcrypto.so (found version "3.0.13")  
[1.362s] -- Found FastRTPS: /opt/ros/jazzy/include (Required is at least version "2.13") 
[1.400s] -- Using RMW implementation 'rmw_fastrtps_cpp' as default
[1.485s] -- Found rclpy: 7.1.11 (/opt/ros/jazzy/share/rclpy/cmake)
[1.487s] -- Found geometry_msgs: 5.3.7 (/opt/ros/jazzy/share/geometry_msgs/cmake)
[1.509s] -- Found sensor_msgs: 5.3.7 (/opt/ros/jazzy/share/sensor_msgs/cmake)
[1.526s] -- Found nav_msgs: 5.3.7 (/opt/ros/jazzy/share/nav_msgs/cmake)
[1.544s] -- Found xacro: 2.1.1 (/opt/ros/jazzy/share/xacro/cmake)
[1.547s] -- Found ros_gz_sim: 1.0.22 (/opt/ros/jazzy/share/ros_gz_sim/cmake)
[1.644s] -- Found ros_gz_bridge: 1.0.22 (/opt/ros/jazzy/share/ros_gz_bridge/cmake)
[1.659s] -- Looking for gz-msgs10 -- found version 10.3.2
[1.663s] -- Searching for dependencies of gz-msgs10
[2.222s] -- Found Protobuf: /usr/lib/x86_64-linux-gnu/libprotobuf.so (found version "3.21.12") 
[2.224s] -- Looking for gz-utils2 -- found version 2.2.1
[2.224s] -- Searching for dependencies of gz-utils2
[2.226s] -- Looking for gz-math7 -- found version 7.5.2
[2.227s] -- Searching for dependencies of gz-math7
[2.227s] -- Looking for gz-utils2 -- found version 2.2.1
[2.230s] -- Checking for module 'tinyxml2'
[2.240s] --   Found tinyxml2, version 10.0.0
[2.264s] -- Looking for gz-transport13 -- found version 13.5.0
[2.264s] -- Searching for dependencies of gz-transport13
[2.971s] -- Config-file not installed for ZeroMQ -- checking for pkg-config
[2.976s] -- Checking for module 'libzmq >= 4'
[2.984s] --   Found libzmq, version 4.3.5
[3.009s] -- Found ZeroMQ: TRUE (Required is at least version "4") 
[3.026s] -- Checking for module 'uuid'
[3.036s] --   Found uuid, version 2.39.3
[3.056s] -- Found UUID: TRUE  
[3.057s] -- Looking for gz-utils2 -- found version 2.2.1
[3.057s] -- Searching for dependencies of gz-utils2
[3.057s] -- Searching for <gz-utils2> component [cli]
[3.058s] -- Looking for gz-utils2-cli -- found version 2.2.1
[3.059s] -- Searching for dependencies of gz-utils2-cli
[3.059s] -- Looking for gz-msgs10 -- found version 10.3.2
[3.165s] -- Found ament_lint_auto: 0.17.5 (/opt/ros/jazzy/share/ament_lint_auto/cmake)
[3.248s] -- Added test 'flake8' to check Python code syntax and style conventions
[3.249s] -- Configured 'flake8' exclude dirs and/or files: 
[3.249s] -- Added test 'lint_cmake' to check CMake code style
[3.250s] -- Added test 'pep257' to check Python code against some of the docstring style conventions in PEP 257
[3.251s] -- Added test 'xmllint' to check XML markup files
[3.252s] -- Configuring done (3.2s)
[3.258s] -- Generating done (0.0s)
[3.260s] -- Build files have been written to: /home/mfauzi/lab6/build/my_robot_bringup
[3.269s] Invoked command in '/home/mfauzi/lab6/build/my_robot_bringup' returned '0': CMAKE_PREFIX_PATH=${CMAKE_PREFIX_PATH}:/home/mfauzi/mfLab5/install/lab5_simulation:/home/mfauzi/lab5/install/lab5_simulation:/home/mfauzi/linorobot2_ws/install/linorobot2_gazebo:/opt/ros/jazzy /usr/bin/cmake /home/mfauzi/lab6/src/my_robot_bringup -DCMAKE_INSTALL_PREFIX=/home/mfauzi/lab6/install/my_robot_bringup
[3.271s] Invoking command in '/home/mfauzi/lab6/build/my_robot_bringup': CMAKE_PREFIX_PATH=${CMAKE_PREFIX_PATH}:/home/mfauzi/mfLab5/install/lab5_simulation:/home/mfauzi/lab5/install/lab5_simulation:/home/mfauzi/linorobot2_ws/install/linorobot2_gazebo:/opt/ros/jazzy /usr/bin/cmake --build /home/mfauzi/lab6/build/my_robot_bringup -- -j24 -l24
[3.301s] Invoked command in '/home/mfauzi/lab6/build/my_robot_bringup' returned '0': CMAKE_PREFIX_PATH=${CMAKE_PREFIX_PATH}:/home/mfauzi/mfLab5/install/lab5_simulation:/home/mfauzi/lab5/install/lab5_simulation:/home/mfauzi/linorobot2_ws/install/linorobot2_gazebo:/opt/ros/jazzy /usr/bin/cmake --build /home/mfauzi/lab6/build/my_robot_bringup -- -j24 -l24
[3.309s] Invoking command in '/home/mfauzi/lab6/build/my_robot_bringup': CMAKE_PREFIX_PATH=${CMAKE_PREFIX_PATH}:/home/mfauzi/mfLab5/install/lab5_simulation:/home/mfauzi/lab5/install/lab5_simulation:/home/mfauzi/linorobot2_ws/install/linorobot2_gazebo:/opt/ros/jazzy /usr/bin/cmake --install /home/mfauzi/lab6/build/my_robot_bringup
[3.314s] -- Install configuration: ""
[3.315s] -- Installing: /home/mfauzi/lab6/install/my_robot_bringup/share/my_robot_bringup/launch
[3.315s] -- Installing: /home/mfauzi/lab6/install/my_robot_bringup/share/my_robot_bringup/launch/auto_nav.launch.py
[3.315s] -- Installing: /home/mfauzi/lab6/install/my_robot_bringup/share/my_robot_bringup/launch/sim.launch.py
[3.315s] -- Installing: /home/mfauzi/lab6/install/my_robot_bringup/share/my_robot_bringup/launch/slam.launch.py
[3.315s] -- Installing: /home/mfauzi/lab6/install/my_robot_bringup/share/my_robot_bringup/urdf
[3.316s] -- Installing: /home/mfauzi/lab6/install/my_robot_bringup/share/my_robot_bringup/urdf/my_robot.urdf.xacro
[3.316s] -- Installing: /home/mfauzi/lab6/install/my_robot_bringup/share/my_robot_bringup/rviz
[3.317s] -- Installing: /home/mfauzi/lab6/install/my_robot_bringup/share/my_robot_bringup/worlds
[3.317s] -- Installing: /home/mfauzi/lab6/install/my_robot_bringup/share/my_robot_bringup/maps
[3.317s] -- Installing: /home/mfauzi/lab6/install/my_robot_bringup/share/my_robot_bringup/config
[3.317s] -- Installing: /home/mfauzi/lab6/install/my_robot_bringup/share/my_robot_bringup/config/nav2_params.yaml
[3.317s] -- Installing: /home/mfauzi/lab6/install/my_robot_bringup/share/ament_index/resource_index/package_run_dependencies/my_robot_bringup
[3.317s] -- Installing: /home/mfauzi/lab6/install/my_robot_bringup/share/ament_index/resource_index/parent_prefix_path/my_robot_bringup
[3.317s] -- Installing: /home/mfauzi/lab6/install/my_robot_bringup/share/my_robot_bringup/environment/ament_prefix_path.sh
[3.317s] -- Installing: /home/mfauzi/lab6/install/my_robot_bringup/share/my_robot_bringup/environment/ament_prefix_path.dsv
[3.317s] -- Installing: /home/mfauzi/lab6/install/my_robot_bringup/share/my_robot_bringup/environment/path.sh
[3.317s] -- Installing: /home/mfauzi/lab6/install/my_robot_bringup/share/my_robot_bringup/environment/path.dsv
[3.318s] -- Installing: /home/mfauzi/lab6/install/my_robot_bringup/share/my_robot_bringup/local_setup.bash
[3.318s] -- Installing: /home/mfauzi/lab6/install/my_robot_bringup/share/my_robot_bringup/local_setup.sh
[3.318s] -- Installing: /home/mfauzi/lab6/install/my_robot_bringup/share/my_robot_bringup/local_setup.zsh
[3.318s] -- Installing: /home/mfauzi/lab6/install/my_robot_bringup/share/my_robot_bringup/local_setup.dsv
[3.318s] -- Installing: /home/mfauzi/lab6/install/my_robot_bringup/share/my_robot_bringup/package.dsv
[3.318s] -- Installing: /home/mfauzi/lab6/install/my_robot_bringup/share/ament_index/resource_index/packages/my_robot_bringup
[3.319s] -- Installing: /home/mfauzi/lab6/install/my_robot_bringup/share/my_robot_bringup/cmake/my_robot_bringupConfig.cmake
[3.319s] -- Installing: /home/mfauzi/lab6/install/my_robot_bringup/share/my_robot_bringup/cmake/my_robot_bringupConfig-version.cmake
[3.319s] -- Installing: /home/mfauzi/lab6/install/my_robot_bringup/share/my_robot_bringup/package.xml
[3.321s] Invoked command in '/home/mfauzi/lab6/build/my_robot_bringup' returned '0': CMAKE_PREFIX_PATH=${CMAKE_PREFIX_PATH}:/home/mfauzi/mfLab5/install/lab5_simulation:/home/mfauzi/lab5/install/lab5_simulation:/home/mfauzi/linorobot2_ws/install/linorobot2_gazebo:/opt/ros/jazzy /usr/bin/cmake --install /home/mfauzi/lab6/build/my_robot_bringup
