running egg_info
writing ../../build/param_demo/param_demo.egg-info/PKG-INFO
writing dependency_links to ../../build/param_demo/param_demo.egg-info/dependency_links.txt
writing entry points to ../../build/param_demo/param_demo.egg-info/entry_points.txt
writing requirements to ../../build/param_demo/param_demo.egg-info/requires.txt
writing top-level names to ../../build/param_demo/param_demo.egg-info/top_level.txt
reading manifest file '../../build/param_demo/param_demo.egg-info/SOURCES.txt'
writing manifest file '../../build/param_demo/param_demo.egg-info/SOURCES.txt'
running build
running build_py
running install
running install_lib
creating /home/mfauzi/ros-fkee/ch3/ros2_ws/install/param_demo/lib/python3.12/site-packages/param_demo
copying /home/mfauzi/ros-fkee/ch3/ros2_ws/build/param_demo/build/lib/param_demo/param_node.py -> /home/mfauzi/ros-fkee/ch3/ros2_ws/install/param_demo/lib/python3.12/site-packages/param_demo
copying /home/mfauzi/ros-fkee/ch3/ros2_ws/build/param_demo/build/lib/param_demo/__init__.py -> /home/mfauzi/ros-fkee/ch3/ros2_ws/install/param_demo/lib/python3.12/site-packages/param_demo
byte-compiling /home/mfauzi/ros-fkee/ch3/ros2_ws/install/param_demo/lib/python3.12/site-packages/param_demo/param_node.py to param_node.cpython-312.pyc
byte-compiling /home/mfauzi/ros-fkee/ch3/ros2_ws/install/param_demo/lib/python3.12/site-packages/param_demo/__init__.py to __init__.cpython-312.pyc
running install_data
creating /home/mfauzi/ros-fkee/ch3/ros2_ws/install/param_demo/share/ament_index
creating /home/mfauzi/ros-fkee/ch3/ros2_ws/install/param_demo/share/ament_index/resource_index
creating /home/mfauzi/ros-fkee/ch3/ros2_ws/install/param_demo/share/ament_index/resource_index/packages
copying resource/param_demo -> /home/mfauzi/ros-fkee/ch3/ros2_ws/install/param_demo/share/ament_index/resource_index/packages
copying package.xml -> /home/mfauzi/ros-fkee/ch3/ros2_ws/install/param_demo/share/param_demo
running install_egg_info
Copying ../../build/param_demo/param_demo.egg-info to /home/mfauzi/ros-fkee/ch3/ros2_ws/install/param_demo/lib/python3.12/site-packages/param_demo-0.0.0-py3.12.egg-info
running install_scripts
Installing param_node script to /home/mfauzi/ros-fkee/ch3/ros2_ws/install/param_demo/lib/param_demo
writing list of installed files to '/home/mfauzi/ros-fkee/ch3/ros2_ws/build/param_demo/install.log'
