[1.137s] Invoking command in '/home/mfauzi/lab5/src/lab5_simulation': PYTHONPATH=/home/mfauzi/lab5/build/lab5_simulation/prefix_override:/usr/lib/python3/dist-packages/colcon_core/task/python/colcon_distutils_commands:/home/mfauzi/lab5/install/lab5_simulation/lib/python3.12/site-packages:${PYTHONPATH} /usr/bin/python3 -W ignore:setup.py install is deprecated -W ignore:easy_install command is deprecated setup.py egg_info --egg-base ../../build/lab5_simulation build --build-base /home/mfauzi/lab5/build/lab5_simulation/build install --record /home/mfauzi/lab5/build/lab5_simulation/install.log --single-version-externally-managed install_data
[1.328s] running egg_info
[1.341s] writing ../../build/lab5_simulation/lab5_simulation.egg-info/PKG-INFO
[1.348s] writing dependency_links to ../../build/lab5_simulation/lab5_simulation.egg-info/dependency_links.txt
[1.349s] writing entry points to ../../build/lab5_simulation/lab5_simulation.egg-info/entry_points.txt
[1.349s] writing requirements to ../../build/lab5_simulation/lab5_simulation.egg-info/requires.txt
[1.349s] writing top-level names to ../../build/lab5_simulation/lab5_simulation.egg-info/top_level.txt
[1.374s] reading manifest file '../../build/lab5_simulation/lab5_simulation.egg-info/SOURCES.txt'
[1.375s] writing manifest file '../../build/lab5_simulation/lab5_simulation.egg-info/SOURCES.txt'
[1.376s] running build
[1.376s] running build_py
[1.377s] copying lab5_simulation/timed_mover.py -> /home/mfauzi/lab5/build/lab5_simulation/build/lib/lab5_simulation
[1.377s] running install
[1.382s] running install_lib
[1.395s] copying /home/mfauzi/lab5/build/lab5_simulation/build/lib/lab5_simulation/timed_mover.py -> /home/mfauzi/lab5/install/lab5_simulation/lib/python3.12/site-packages/lab5_simulation
[1.396s] byte-compiling /home/mfauzi/lab5/install/lab5_simulation/lib/python3.12/site-packages/lab5_simulation/timed_mover.py to timed_mover.cpython-312.pyc
[1.397s] running install_data
[1.397s] running install_egg_info
[1.411s] removing '/home/mfauzi/lab5/install/lab5_simulation/lib/python3.12/site-packages/lab5_simulation-0.0.0-py3.12.egg-info' (and everything under it)
[1.412s] Copying ../../build/lab5_simulation/lab5_simulation.egg-info to /home/mfauzi/lab5/install/lab5_simulation/lib/python3.12/site-packages/lab5_simulation-0.0.0-py3.12.egg-info
[1.414s] running install_scripts
[1.504s] Installing timed_mover script to /home/mfauzi/lab5/install/lab5_simulation/lib/lab5_simulation
[1.504s] writing list of installed files to '/home/mfauzi/lab5/build/lab5_simulation/install.log'
[1.538s] Invoked command in '/home/mfauzi/lab5/src/lab5_simulation' returned '0': PYTHONPATH=/home/mfauzi/lab5/build/lab5_simulation/prefix_override:/usr/lib/python3/dist-packages/colcon_core/task/python/colcon_distutils_commands:/home/mfauzi/lab5/install/lab5_simulation/lib/python3.12/site-packages:${PYTHONPATH} /usr/bin/python3 -W ignore:setup.py install is deprecated -W ignore:easy_install command is deprecated setup.py egg_info --egg-base ../../build/lab5_simulation build --build-base /home/mfauzi/lab5/build/lab5_simulation/build install --record /home/mfauzi/lab5/build/lab5_simulation/install.log --single-version-externally-managed install_data
