[1.611s] Invoking command in '/home/mfauzi/ros-fkee/ch3/ros2_ws/src/my_node_py': PYTHONPATH=/home/mfauzi/ros-fkee/ch3/ros2_ws/build/my_node_py/prefix_override:/usr/lib/python3/dist-packages/colcon_core/task/python/colcon_distutils_commands:/home/mfauzi/ros-fkee/ch3/ros2_ws/install/my_node_py/lib/python3.12/site-packages:${PYTHONPATH} /usr/bin/python3 -W ignore:setup.py install is deprecated -W ignore:easy_install command is deprecated setup.py egg_info --egg-base ../../build/my_node_py build --build-base /home/mfauzi/ros-fkee/ch3/ros2_ws/build/my_node_py/build install --record /home/mfauzi/ros-fkee/ch3/ros2_ws/build/my_node_py/install.log --single-version-externally-managed install_data
[1.809s] running egg_info
[1.824s] writing ../../build/my_node_py/my_node_py.egg-info/PKG-INFO
[1.824s] writing dependency_links to ../../build/my_node_py/my_node_py.egg-info/dependency_links.txt
[1.825s] writing entry points to ../../build/my_node_py/my_node_py.egg-info/entry_points.txt
[1.825s] writing requirements to ../../build/my_node_py/my_node_py.egg-info/requires.txt
[1.825s] writing top-level names to ../../build/my_node_py/my_node_py.egg-info/top_level.txt
[1.863s] reading manifest file '../../build/my_node_py/my_node_py.egg-info/SOURCES.txt'
[1.864s] writing manifest file '../../build/my_node_py/my_node_py.egg-info/SOURCES.txt'
[1.864s] running build
[1.864s] running build_py
[1.864s] running install
[1.871s] running install_lib
[1.888s] creating /home/mfauzi/ros-fkee/ch3/ros2_ws/install/my_node_py/lib/python3.12/site-packages/my_node_py
[1.889s] copying /home/mfauzi/ros-fkee/ch3/ros2_ws/build/my_node_py/build/lib/my_node_py/minimal_node.py -> /home/mfauzi/ros-fkee/ch3/ros2_ws/install/my_node_py/lib/python3.12/site-packages/my_node_py
[1.889s] copying /home/mfauzi/ros-fkee/ch3/ros2_ws/build/my_node_py/build/lib/my_node_py/__init__.py -> /home/mfauzi/ros-fkee/ch3/ros2_ws/install/my_node_py/lib/python3.12/site-packages/my_node_py
[1.890s] byte-compiling /home/mfauzi/ros-fkee/ch3/ros2_ws/install/my_node_py/lib/python3.12/site-packages/my_node_py/minimal_node.py to minimal_node.cpython-312.pyc
[1.893s] byte-compiling /home/mfauzi/ros-fkee/ch3/ros2_ws/install/my_node_py/lib/python3.12/site-packages/my_node_py/__init__.py to __init__.cpython-312.pyc
[1.893s] running install_data
[1.894s] creating /home/mfauzi/ros-fkee/ch3/ros2_ws/install/my_node_py/share/ament_index
[1.894s] creating /home/mfauzi/ros-fkee/ch3/ros2_ws/install/my_node_py/share/ament_index/resource_index
[1.894s] creating /home/mfauzi/ros-fkee/ch3/ros2_ws/install/my_node_py/share/ament_index/resource_index/packages
[1.894s] copying resource/my_node_py -> /home/mfauzi/ros-fkee/ch3/ros2_ws/install/my_node_py/share/ament_index/resource_index/packages
[1.895s] copying package.xml -> /home/mfauzi/ros-fkee/ch3/ros2_ws/install/my_node_py/share/my_node_py
[1.895s] running install_egg_info
[1.914s] Copying ../../build/my_node_py/my_node_py.egg-info to /home/mfauzi/ros-fkee/ch3/ros2_ws/install/my_node_py/lib/python3.12/site-packages/my_node_py-0.0.0-py3.12.egg-info
[1.917s] running install_scripts
[2.018s] Installing minimal_node script to /home/mfauzi/ros-fkee/ch3/ros2_ws/install/my_node_py/lib/my_node_py
[2.019s] writing list of installed files to '/home/mfauzi/ros-fkee/ch3/ros2_ws/build/my_node_py/install.log'
[2.062s] Invoked command in '/home/mfauzi/ros-fkee/ch3/ros2_ws/src/my_node_py' returned '0': PYTHONPATH=/home/mfauzi/ros-fkee/ch3/ros2_ws/build/my_node_py/prefix_override:/usr/lib/python3/dist-packages/colcon_core/task/python/colcon_distutils_commands:/home/mfauzi/ros-fkee/ch3/ros2_ws/install/my_node_py/lib/python3.12/site-packages:${PYTHONPATH} /usr/bin/python3 -W ignore:setup.py install is deprecated -W ignore:easy_install command is deprecated setup.py egg_info --egg-base ../../build/my_node_py build --build-base /home/mfauzi/ros-fkee/ch3/ros2_ws/build/my_node_py/build install --record /home/mfauzi/ros-fkee/ch3/ros2_ws/build/my_node_py/install.log --single-version-externally-managed install_data
