[0.204s] DEBUG:colcon:Command line arguments: ['/usr/bin/colcon', 'build', '--packages-select', 'lab6_navigation']
[0.204s] DEBUG:colcon:Parsed command line arguments: Namespace(log_base=None, log_level=None, verb_name='build', build_base='build', install_base='install', merge_install=False, symlink_install=False, test_result_base=None, continue_on_error=False, executor='parallel', parallel_workers=24, event_handlers=None, ignore_user_meta=False, metas=['./colcon.meta'], base_paths=['.'], packages_ignore=None, packages_ignore_regex=None, paths=None, packages_up_to=None, packages_up_to_regex=None, packages_above=None, packages_above_and_dependencies=None, packages_above_depth=None, packages_select_by_dep=None, packages_skip_by_dep=None, packages_skip_up_to=None, packages_select_build_failed=False, packages_skip_build_finished=False, packages_select_test_failures=False, packages_skip_test_passed=False, packages_select=['lab6_navigation'], packages_skip=None, packages_select_regex=None, packages_skip_regex=None, packages_start=None, packages_end=None, allow_overriding=[], cmake_args=None, cmake_target=None, cmake_target_skip_unavailable=False, cmake_clean_cache=False, cmake_clean_first=False, cmake_force_configure=False, ament_cmake_args=None, catkin_cmake_args=None, catkin_skip_building_tests=False, mixin_files=None, mixin=None, verb_parser=<colcon_mixin.mixin.mixin_argument.MixinArgumentDecorator object at 0x7ba33de731a0>, verb_extension=<colcon_core.verb.build.BuildVerb object at 0x7ba33dfb7710>, main=<bound method BuildVerb.main of <colcon_core.verb.build.BuildVerb object at 0x7ba33dfb7710>>, mixin_verb=('build',))
[0.255s] Level 1:colcon.colcon_core.package_discovery:discover_packages(colcon_meta) check parameters
[0.256s] Level 1:colcon.colcon_core.package_discovery:discover_packages(recursive) check parameters
[0.256s] Level 1:colcon.colcon_core.package_discovery:discover_packages(ignore) check parameters
[0.256s] Level 1:colcon.colcon_core.package_discovery:discover_packages(path) check parameters
[0.256s] Level 1:colcon.colcon_core.package_discovery:discover_packages(colcon_meta) discover
[0.256s] Level 1:colcon.colcon_core.package_discovery:discover_packages(recursive) discover
[0.256s] INFO:colcon.colcon_core.package_discovery:Crawling recursively for packages in '/home/mfauzi/lab6'
[0.256s] Level 1:colcon.colcon_core.package_identification:_identify(.) by extensions ['ignore', 'ignore_ament_install']
[0.256s] Level 1:colcon.colcon_core.package_identification:_identify(.) by extension 'ignore'
[0.256s] Level 1:colcon.colcon_core.package_identification:_identify(.) by extension 'ignore_ament_install'
[0.256s] Level 1:colcon.colcon_core.package_identification:_identify(.) by extensions ['colcon_pkg']
[0.257s] Level 1:colcon.colcon_core.package_identification:_identify(.) by extension 'colcon_pkg'
[0.257s] Level 1:colcon.colcon_core.package_identification:_identify(.) by extensions ['colcon_meta']
[0.257s] Level 1:colcon.colcon_core.package_identification:_identify(.) by extension 'colcon_meta'
[0.257s] Level 1:colcon.colcon_core.package_identification:_identify(.) by extensions ['ros']
[0.257s] Level 1:colcon.colcon_core.package_identification:_identify(.) by extension 'ros'
[0.286s] Level 1:colcon.colcon_core.package_identification:_identify(.) by extensions ['cmake', 'python']
[0.286s] Level 1:colcon.colcon_core.package_identification:_identify(.) by extension 'cmake'
[0.286s] Level 1:colcon.colcon_core.package_identification:_identify(.) by extension 'python'
[0.286s] Level 1:colcon.colcon_core.package_identification:_identify(.) by extensions ['python_setup_py']
[0.286s] Level 1:colcon.colcon_core.package_identification:_identify(.) by extension 'python_setup_py'
[0.286s] Level 1:colcon.colcon_core.package_identification:_identify(build) by extensions ['ignore', 'ignore_ament_install']
[0.286s] Level 1:colcon.colcon_core.package_identification:_identify(build) by extension 'ignore'
[0.286s] Level 1:colcon.colcon_core.package_identification:_identify(build) ignored
[0.286s] Level 1:colcon.colcon_core.package_identification:_identify(install) by extensions ['ignore', 'ignore_ament_install']
[0.287s] Level 1:colcon.colcon_core.package_identification:_identify(install) by extension 'ignore'
[0.287s] Level 1:colcon.colcon_core.package_identification:_identify(install) ignored
[0.287s] Level 1:colcon.colcon_core.package_identification:_identify(log) by extensions ['ignore', 'ignore_ament_install']
[0.287s] Level 1:colcon.colcon_core.package_identification:_identify(log) by extension 'ignore'
[0.287s] Level 1:colcon.colcon_core.package_identification:_identify(log) ignored
[0.287s] Level 1:colcon.colcon_core.package_identification:_identify(src) by extensions ['ignore', 'ignore_ament_install']
[0.287s] Level 1:colcon.colcon_core.package_identification:_identify(src) by extension 'ignore'
[0.287s] Level 1:colcon.colcon_core.package_identification:_identify(src) by extension 'ignore_ament_install'
[0.287s] Level 1:colcon.colcon_core.package_identification:_identify(src) by extensions ['colcon_pkg']
[0.287s] Level 1:colcon.colcon_core.package_identification:_identify(src) by extension 'colcon_pkg'
[0.287s] Level 1:colcon.colcon_core.package_identification:_identify(src) by extensions ['colcon_meta']
[0.287s] Level 1:colcon.colcon_core.package_identification:_identify(src) by extension 'colcon_meta'
[0.287s] Level 1:colcon.colcon_core.package_identification:_identify(src) by extensions ['ros']
[0.287s] Level 1:colcon.colcon_core.package_identification:_identify(src) by extension 'ros'
[0.287s] Level 1:colcon.colcon_core.package_identification:_identify(src) by extensions ['cmake', 'python']
[0.287s] Level 1:colcon.colcon_core.package_identification:_identify(src) by extension 'cmake'
[0.287s] Level 1:colcon.colcon_core.package_identification:_identify(src) by extension 'python'
[0.288s] Level 1:colcon.colcon_core.package_identification:_identify(src) by extensions ['python_setup_py']
[0.288s] Level 1:colcon.colcon_core.package_identification:_identify(src) by extension 'python_setup_py'
[0.288s] Level 1:colcon.colcon_core.package_identification:_identify(src/lab6_navigation) by extensions ['ignore', 'ignore_ament_install']
[0.288s] Level 1:colcon.colcon_core.package_identification:_identify(src/lab6_navigation) by extension 'ignore'
[0.288s] Level 1:colcon.colcon_core.package_identification:_identify(src/lab6_navigation) by extension 'ignore_ament_install'
[0.288s] Level 1:colcon.colcon_core.package_identification:_identify(src/lab6_navigation) by extensions ['colcon_pkg']
[0.288s] Level 1:colcon.colcon_core.package_identification:_identify(src/lab6_navigation) by extension 'colcon_pkg'
[0.288s] Level 1:colcon.colcon_core.package_identification:_identify(src/lab6_navigation) by extensions ['colcon_meta']
[0.288s] Level 1:colcon.colcon_core.package_identification:_identify(src/lab6_navigation) by extension 'colcon_meta'
[0.288s] Level 1:colcon.colcon_core.package_identification:_identify(src/lab6_navigation) by extensions ['ros']
[0.288s] Level 1:colcon.colcon_core.package_identification:_identify(src/lab6_navigation) by extension 'ros'
[0.291s] DEBUG:colcon.colcon_core.package_identification:Package 'src/lab6_navigation' with type 'ros.ament_cmake' and name 'lab6_navigation'
[0.291s] Level 1:colcon.colcon_core.package_discovery:discover_packages(recursive) using defaults
[0.292s] Level 1:colcon.colcon_core.package_discovery:discover_packages(ignore) discover
[0.292s] Level 1:colcon.colcon_core.package_discovery:discover_packages(ignore) using defaults
[0.292s] Level 1:colcon.colcon_core.package_discovery:discover_packages(path) discover
[0.292s] Level 1:colcon.colcon_core.package_discovery:discover_packages(path) using defaults
[0.310s] Level 1:colcon.colcon_core.package_discovery:discover_packages(prefix_path) check parameters
[0.311s] Level 1:colcon.colcon_core.package_discovery:discover_packages(prefix_path) discover
[0.313s] DEBUG:colcon.colcon_installed_package_information.package_discovery:Found 7 installed packages in /home/mfauzi/linorobot2_ws/install
[0.313s] DEBUG:colcon.colcon_installed_package_information.package_discovery:Found 1 installed packages in /home/mfauzi/ros-fkee/ch5/install
[0.313s] DEBUG:colcon.colcon_installed_package_information.package_discovery:Found 1 installed packages in /home/mfauzi/mfLab5/install
[0.313s] DEBUG:colcon.colcon_installed_package_information.package_discovery:Found 1 installed packages in /home/mfauzi/lab5/install
[0.315s] DEBUG:colcon.colcon_installed_package_information.package_discovery:Found 475 installed packages in /opt/ros/jazzy
[0.319s] Level 1:colcon.colcon_core.package_discovery:discover_packages(prefix_path) using defaults
[0.381s] Level 5:colcon.colcon_core.verb:set package 'lab6_navigation' build argument 'cmake_args' from command line to 'None'
[0.381s] Level 5:colcon.colcon_core.verb:set package 'lab6_navigation' build argument 'cmake_target' from command line to 'None'
[0.381s] Level 5:colcon.colcon_core.verb:set package 'lab6_navigation' build argument 'cmake_target_skip_unavailable' from command line to 'False'
[0.381s] Level 5:colcon.colcon_core.verb:set package 'lab6_navigation' build argument 'cmake_clean_cache' from command line to 'False'
[0.381s] Level 5:colcon.colcon_core.verb:set package 'lab6_navigation' build argument 'cmake_clean_first' from command line to 'False'
[0.381s] Level 5:colcon.colcon_core.verb:set package 'lab6_navigation' build argument 'cmake_force_configure' from command line to 'False'
[0.381s] Level 5:colcon.colcon_core.verb:set package 'lab6_navigation' build argument 'ament_cmake_args' from command line to 'None'
[0.381s] Level 5:colcon.colcon_core.verb:set package 'lab6_navigation' build argument 'catkin_cmake_args' from command line to 'None'
[0.381s] Level 5:colcon.colcon_core.verb:set package 'lab6_navigation' build argument 'catkin_skip_building_tests' from command line to 'False'
[0.382s] DEBUG:colcon.colcon_core.verb:Building package 'lab6_navigation' with the following arguments: {'ament_cmake_args': None, 'build_base': '/home/mfauzi/lab6/build/lab6_navigation', 'catkin_cmake_args': None, 'catkin_skip_building_tests': False, 'cmake_args': None, 'cmake_clean_cache': False, 'cmake_clean_first': False, 'cmake_force_configure': False, 'cmake_target': None, 'cmake_target_skip_unavailable': False, 'install_base': '/home/mfauzi/lab6/install/lab6_navigation', 'merge_install': False, 'path': '/home/mfauzi/lab6/src/lab6_navigation', 'symlink_install': False, 'test_result_base': None}
[0.382s] INFO:colcon.colcon_core.executor:Executing jobs using 'parallel' executor
[0.383s] DEBUG:colcon.colcon_parallel_executor.executor.parallel:run_until_complete
[0.383s] INFO:colcon.colcon_ros.task.ament_cmake.build:Building ROS package in '/home/mfauzi/lab6/src/lab6_navigation' with build type 'ament_cmake'
[0.384s] INFO:colcon.colcon_cmake.task.cmake.build:Building CMake package in '/home/mfauzi/lab6/src/lab6_navigation'
[0.389s] INFO:colcon.colcon_core.plugin_system:Skipping extension 'colcon_core.shell.bat': Not used on non-Windows systems
[0.390s] INFO:colcon.colcon_core.shell:Skip shell extension 'powershell' for command environment: Not usable outside of PowerShell
[0.390s] DEBUG:colcon.colcon_core.shell:Skip shell extension 'dsv' for command environment
[0.409s] DEBUG:colcon.colcon_core.event_handler.log_command:Invoking command in '/home/mfauzi/lab6/build/lab6_navigation': CMAKE_PREFIX_PATH=${CMAKE_PREFIX_PATH}:/home/mfauzi/mfLab5/install/lab5_simulation:/home/mfauzi/lab5/install/lab5_simulation:/home/mfauzi/linorobot2_ws/install/linorobot2_gazebo:/opt/ros/jazzy /usr/bin/cmake --build /home/mfauzi/lab6/build/lab6_navigation -- -j24 -l24
[0.470s] DEBUG:colcon.colcon_core.event_handler.log_command:Invoked command in '/home/mfauzi/lab6/build/lab6_navigation' returned '0': CMAKE_PREFIX_PATH=${CMAKE_PREFIX_PATH}:/home/mfauzi/mfLab5/install/lab5_simulation:/home/mfauzi/lab5/install/lab5_simulation:/home/mfauzi/linorobot2_ws/install/linorobot2_gazebo:/opt/ros/jazzy /usr/bin/cmake --build /home/mfauzi/lab6/build/lab6_navigation -- -j24 -l24
[0.484s] DEBUG:colcon.colcon_core.event_handler.log_command:Invoking command in '/home/mfauzi/lab6/build/lab6_navigation': CMAKE_PREFIX_PATH=${CMAKE_PREFIX_PATH}:/home/mfauzi/mfLab5/install/lab5_simulation:/home/mfauzi/lab5/install/lab5_simulation:/home/mfauzi/linorobot2_ws/install/linorobot2_gazebo:/opt/ros/jazzy /usr/bin/cmake --install /home/mfauzi/lab6/build/lab6_navigation
[0.506s] Level 1:colcon.colcon_core.environment:create_environment_scripts_only(lab6_navigation)
[0.510s] DEBUG:colcon.colcon_core.event_handler.log_command:Invoked command in '/home/mfauzi/lab6/build/lab6_navigation' returned '0': CMAKE_PREFIX_PATH=${CMAKE_PREFIX_PATH}:/home/mfauzi/mfLab5/install/lab5_simulation:/home/mfauzi/lab5/install/lab5_simulation:/home/mfauzi/linorobot2_ws/install/linorobot2_gazebo:/opt/ros/jazzy /usr/bin/cmake --install /home/mfauzi/lab6/build/lab6_navigation
[0.513s] Level 1:colcon.colcon_core.environment:checking '/home/mfauzi/lab6/install/lab6_navigation' for CMake module files
[0.513s] Level 1:colcon.colcon_core.environment:checking '/home/mfauzi/lab6/install/lab6_navigation' for CMake config files
[0.514s] Level 1:colcon.colcon_core.shell:create_environment_hook('lab6_navigation', 'cmake_prefix_path')
[0.514s] INFO:colcon.colcon_core.shell:Creating environment hook '/home/mfauzi/lab6/install/lab6_navigation/share/lab6_navigation/hook/cmake_prefix_path.ps1'
[0.515s] INFO:colcon.colcon_core.shell:Creating environment descriptor '/home/mfauzi/lab6/install/lab6_navigation/share/lab6_navigation/hook/cmake_prefix_path.dsv'
[0.515s] INFO:colcon.colcon_core.shell:Creating environment hook '/home/mfauzi/lab6/install/lab6_navigation/share/lab6_navigation/hook/cmake_prefix_path.sh'
[0.516s] Level 1:colcon.colcon_core.environment:checking '/home/mfauzi/lab6/install/lab6_navigation/bin'
[0.516s] Level 1:colcon.colcon_core.environment:checking '/home/mfauzi/lab6/install/lab6_navigation/lib/pkgconfig/lab6_navigation.pc'
[0.516s] Level 1:colcon.colcon_core.environment:checking '/home/mfauzi/lab6/install/lab6_navigation/lib/python3.12/site-packages'
[0.517s] Level 1:colcon.colcon_core.environment:checking '/home/mfauzi/lab6/install/lab6_navigation/bin'
[0.517s] INFO:colcon.colcon_core.shell:Creating package script '/home/mfauzi/lab6/install/lab6_navigation/share/lab6_navigation/package.ps1'
[0.518s] INFO:colcon.colcon_core.shell:Creating package descriptor '/home/mfauzi/lab6/install/lab6_navigation/share/lab6_navigation/package.dsv'
[0.519s] INFO:colcon.colcon_core.shell:Creating package script '/home/mfauzi/lab6/install/lab6_navigation/share/lab6_navigation/package.sh'
[0.520s] INFO:colcon.colcon_core.shell:Creating package script '/home/mfauzi/lab6/install/lab6_navigation/share/lab6_navigation/package.bash'
[0.521s] INFO:colcon.colcon_core.shell:Creating package script '/home/mfauzi/lab6/install/lab6_navigation/share/lab6_navigation/package.zsh'
[0.521s] Level 1:colcon.colcon_core.environment:create_file_with_runtime_dependencies(/home/mfauzi/lab6/install/lab6_navigation/share/colcon-core/packages/lab6_navigation)
[0.523s] Level 1:colcon.colcon_core.environment:create_environment_scripts_only(lab6_navigation)
[0.523s] Level 1:colcon.colcon_core.environment:checking '/home/mfauzi/lab6/install/lab6_navigation' for CMake module files
[0.524s] Level 1:colcon.colcon_core.environment:checking '/home/mfauzi/lab6/install/lab6_navigation' for CMake config files
[0.524s] Level 1:colcon.colcon_core.shell:create_environment_hook('lab6_navigation', 'cmake_prefix_path')
[0.524s] INFO:colcon.colcon_core.shell:Creating environment hook '/home/mfauzi/lab6/install/lab6_navigation/share/lab6_navigation/hook/cmake_prefix_path.ps1'
[0.525s] INFO:colcon.colcon_core.shell:Creating environment descriptor '/home/mfauzi/lab6/install/lab6_navigation/share/lab6_navigation/hook/cmake_prefix_path.dsv'
[0.525s] INFO:colcon.colcon_core.shell:Creating environment hook '/home/mfauzi/lab6/install/lab6_navigation/share/lab6_navigation/hook/cmake_prefix_path.sh'
[0.526s] Level 1:colcon.colcon_core.environment:checking '/home/mfauzi/lab6/install/lab6_navigation/bin'
[0.526s] Level 1:colcon.colcon_core.environment:checking '/home/mfauzi/lab6/install/lab6_navigation/lib/pkgconfig/lab6_navigation.pc'
[0.526s] Level 1:colcon.colcon_core.environment:checking '/home/mfauzi/lab6/install/lab6_navigation/lib/python3.12/site-packages'
[0.527s] Level 1:colcon.colcon_core.environment:checking '/home/mfauzi/lab6/install/lab6_navigation/bin'
[0.527s] INFO:colcon.colcon_core.shell:Creating package script '/home/mfauzi/lab6/install/lab6_navigation/share/lab6_navigation/package.ps1'
[0.527s] INFO:colcon.colcon_core.shell:Creating package descriptor '/home/mfauzi/lab6/install/lab6_navigation/share/lab6_navigation/package.dsv'
[0.528s] INFO:colcon.colcon_core.shell:Creating package script '/home/mfauzi/lab6/install/lab6_navigation/share/lab6_navigation/package.sh'
[0.552s] INFO:colcon.colcon_core.shell:Creating package script '/home/mfauzi/lab6/install/lab6_navigation/share/lab6_navigation/package.bash'
[0.553s] INFO:colcon.colcon_core.shell:Creating package script '/home/mfauzi/lab6/install/lab6_navigation/share/lab6_navigation/package.zsh'
[0.553s] Level 1:colcon.colcon_core.environment:create_file_with_runtime_dependencies(/home/mfauzi/lab6/install/lab6_navigation/share/colcon-core/packages/lab6_navigation)
[0.554s] DEBUG:colcon.colcon_parallel_executor.executor.parallel:closing loop
[0.555s] DEBUG:colcon.colcon_parallel_executor.executor.parallel:loop closed
[0.556s] DEBUG:colcon.colcon_parallel_executor.executor.parallel:run_until_complete finished with '0'
[0.556s] DEBUG:colcon.colcon_core.event_reactor:joining thread
[0.588s] INFO:colcon.colcon_core.plugin_system:Skipping extension 'colcon_notification.desktop_notification.notify_send': Could not find 'notify-send'
[0.588s] INFO:colcon.colcon_core.plugin_system:Skipping extension 'colcon_notification.desktop_notification.terminal_notifier': Not used on non-Darwin systems
[0.589s] INFO:colcon.colcon_core.plugin_system:Skipping extension 'colcon_notification.desktop_notification.win32': Not used on non-Windows systems
[0.589s] INFO:colcon.colcon_notification.desktop_notification:Sending desktop notification using 'notify2'
[0.599s] DEBUG:colcon.colcon_notification.desktop_notification.notify2:Failed to initialize notify2: org.freedesktop.DBus.Error.ServiceUnknown: The name org.freedesktop.Notifications was not provided by any .service files
[0.600s] DEBUG:colcon.colcon_core.event_reactor:joined thread
[0.600s] INFO:colcon.colcon_core.shell:Creating prefix script '/home/mfauzi/lab6/install/local_setup.ps1'
[0.601s] INFO:colcon.colcon_core.shell:Creating prefix util module '/home/mfauzi/lab6/install/_local_setup_util_ps1.py'
[0.603s] INFO:colcon.colcon_core.shell:Creating prefix chain script '/home/mfauzi/lab6/install/setup.ps1'
[0.605s] INFO:colcon.colcon_core.shell:Creating prefix script '/home/mfauzi/lab6/install/local_setup.sh'
[0.606s] INFO:colcon.colcon_core.shell:Creating prefix util module '/home/mfauzi/lab6/install/_local_setup_util_sh.py'
[0.606s] INFO:colcon.colcon_core.shell:Creating prefix chain script '/home/mfauzi/lab6/install/setup.sh'
[0.608s] INFO:colcon.colcon_core.shell:Creating prefix script '/home/mfauzi/lab6/install/local_setup.bash'
[0.609s] INFO:colcon.colcon_core.shell:Creating prefix chain script '/home/mfauzi/lab6/install/setup.bash'
[0.610s] INFO:colcon.colcon_core.shell:Creating prefix script '/home/mfauzi/lab6/install/local_setup.zsh'
[0.610s] INFO:colcon.colcon_core.shell:Creating prefix chain script '/home/mfauzi/lab6/install/setup.zsh'
