[0.012s] Invoking command in '/home/mfauzi/lab6/build/lab6_navigation': CMAKE_PREFIX_PATH=${CMAKE_PREFIX_PATH}:/home/mfauzi/mfLab5/install/lab5_simulation:/home/mfauzi/lab5/install/lab5_simulation:/home/mfauzi/linorobot2_ws/install/linorobot2_gazebo:/opt/ros/jazzy /usr/bin/cmake /home/mfauzi/lab6/src/lab6_navigation -DCMAKE_INSTALL_PREFIX=/home/mfauzi/lab6/install/lab6_navigation
[0.164s] -- The C compiler identification is GNU 13.3.0
[0.417s] -- The CXX compiler identification is GNU 13.3.0
[0.577s] -- Detecting C compiler ABI info
[0.696s] -- Detecting C compiler ABI info - done
[0.701s] -- Check for working C compiler: /usr/bin/cc - skipped
[0.702s] -- Detecting C compile features
[0.702s] -- Detecting C compile features - done
[0.733s] -- Detecting CXX compiler ABI info
[0.849s] -- Detecting CXX compiler ABI info - done
[0.854s] -- Check for working CXX compiler: /usr/bin/c++ - skipped
[0.855s] -- Detecting CXX compile features
[0.855s] -- Detecting CXX compile features - done
[0.882s] -- Found ament_cmake: 2.5.6 (/opt/ros/jazzy/share/ament_cmake/cmake)
[0.993s] -- Found Python3: /usr/bin/python3 (found version "3.12.3") found components: Interpreter 
[1.108s] -- Found rclcpp: 28.1.18 (/opt/ros/jazzy/share/rclcpp/cmake)
[1.226s] -- Found rosidl_generator_c: 4.6.7 (/opt/ros/jazzy/share/rosidl_generator_c/cmake)
[1.245s] -- Found rosidl_generator_cpp: 4.6.7 (/opt/ros/jazzy/share/rosidl_generator_cpp/cmake)
[1.270s] -- Using all available rosidl_typesupport_c: rosidl_typesupport_fastrtps_c;rosidl_typesupport_introspection_c
[1.293s] -- Using all available rosidl_typesupport_cpp: rosidl_typesupport_fastrtps_cpp;rosidl_typesupport_introspection_cpp
[1.385s] -- Found rmw_implementation_cmake: 7.3.3 (/opt/ros/jazzy/share/rmw_implementation_cmake/cmake)
[1.390s] -- Found rmw_fastrtps_cpp: 8.4.3 (/opt/ros/jazzy/share/rmw_fastrtps_cpp/cmake)
[1.463s] -- Found OpenSSL: /usr/lib/x86_64-linux-gnu/libcrypto.so (found version "3.0.13")  
[1.522s] -- Found FastRTPS: /opt/ros/jazzy/include (Required is at least version "2.13") 
[1.557s] -- Using RMW implementation 'rmw_fastrtps_cpp' as default
[1.672s] -- Found rclpy: 7.1.11 (/opt/ros/jazzy/share/rclpy/cmake)
[1.675s] -- Found geometry_msgs: 5.3.7 (/opt/ros/jazzy/share/geometry_msgs/cmake)
[1.712s] -- Found sensor_msgs: 5.3.7 (/opt/ros/jazzy/share/sensor_msgs/cmake)
[1.735s] -- Found nav_msgs: 5.3.7 (/opt/ros/jazzy/share/nav_msgs/cmake)
[1.761s] -- Found xacro: 2.1.1 (/opt/ros/jazzy/share/xacro/cmake)
[1.764s] -- Found ros_gz_sim: 1.0.22 (/opt/ros/jazzy/share/ros_gz_sim/cmake)
[1.913s] -- Found ros_gz_bridge: 1.0.22 (/opt/ros/jazzy/share/ros_gz_bridge/cmake)
[1.941s] -- Looking for gz-msgs10 -- found version 10.3.2
[1.953s] -- Searching for dependencies of gz-msgs10
[2.522s] -- Found Protobuf: /usr/lib/x86_64-linux-gnu/libprotobuf.so (found version "3.21.12") 
[2.525s] -- Looking for gz-utils2 -- found version 2.2.1
[2.525s] -- Searching for dependencies of gz-utils2
[2.528s] -- Looking for gz-math7 -- found version 7.5.2
[2.528s] -- Searching for dependencies of gz-math7
[2.528s] -- Looking for gz-utils2 -- found version 2.2.1
[2.532s] -- Checking for module 'tinyxml2'
[2.542s] --   Found tinyxml2, version 10.0.0
[2.570s] -- Looking for gz-transport13 -- found version 13.5.0
[2.571s] -- Searching for dependencies of gz-transport13
[3.305s] -- Config-file not installed for ZeroMQ -- checking for pkg-config
[3.310s] -- Checking for module 'libzmq >= 4'
[3.321s] --   Found libzmq, version 4.3.5
[3.349s] -- Found ZeroMQ: TRUE (Required is at least version "4") 
[3.367s] -- Checking for module 'uuid'
[3.377s] --   Found uuid, version 2.39.3
[3.396s] -- Found UUID: TRUE  
[3.397s] -- Looking for gz-utils2 -- found version 2.2.1
[3.397s] -- Searching for dependencies of gz-utils2
[3.397s] -- Searching for <gz-utils2> component [cli]
[3.399s] -- Looking for gz-utils2-cli -- found version 2.2.1
[3.399s] -- Searching for dependencies of gz-utils2-cli
[3.400s] -- Looking for gz-msgs10 -- found version 10.3.2
[3.556s] -- Found ament_lint_auto: 0.17.5 (/opt/ros/jazzy/share/ament_lint_auto/cmake)
[3.649s] -- Added test 'flake8' to check Python code syntax and style conventions
[3.649s] -- Configured 'flake8' exclude dirs and/or files: 
[3.650s] -- Added test 'lint_cmake' to check CMake code style
[3.651s] -- Added test 'pep257' to check Python code against some of the docstring style conventions in PEP 257
[3.652s] -- Added test 'xmllint' to check XML markup files
[3.654s] -- Configuring done (3.6s)
[3.661s] -- Generating done (0.0s)
[3.663s] -- Build files have been written to: /home/mfauzi/lab6/build/lab6_navigation
[3.673s] Invoked command in '/home/mfauzi/lab6/build/lab6_navigation' returned '0': CMAKE_PREFIX_PATH=${CMAKE_PREFIX_PATH}:/home/mfauzi/mfLab5/install/lab5_simulation:/home/mfauzi/lab5/install/lab5_simulation:/home/mfauzi/linorobot2_ws/install/linorobot2_gazebo:/opt/ros/jazzy /usr/bin/cmake /home/mfauzi/lab6/src/lab6_navigation -DCMAKE_INSTALL_PREFIX=/home/mfauzi/lab6/install/lab6_navigation
[3.675s] Invoking command in '/home/mfauzi/lab6/build/lab6_navigation': CMAKE_PREFIX_PATH=${CMAKE_PREFIX_PATH}:/home/mfauzi/mfLab5/install/lab5_simulation:/home/mfauzi/lab5/install/lab5_simulation:/home/mfauzi/linorobot2_ws/install/linorobot2_gazebo:/opt/ros/jazzy /usr/bin/cmake --build /home/mfauzi/lab6/build/lab6_navigation -- -j24 -l24
[3.704s] Invoked command in '/home/mfauzi/lab6/build/lab6_navigation' returned '0': CMAKE_PREFIX_PATH=${CMAKE_PREFIX_PATH}:/home/mfauzi/mfLab5/install/lab5_simulation:/home/mfauzi/lab5/install/lab5_simulation:/home/mfauzi/linorobot2_ws/install/linorobot2_gazebo:/opt/ros/jazzy /usr/bin/cmake --build /home/mfauzi/lab6/build/lab6_navigation -- -j24 -l24
[3.711s] Invoking command in '/home/mfauzi/lab6/build/lab6_navigation': CMAKE_PREFIX_PATH=${CMAKE_PREFIX_PATH}:/home/mfauzi/mfLab5/install/lab5_simulation:/home/mfauzi/lab5/install/lab5_simulation:/home/mfauzi/linorobot2_ws/install/linorobot2_gazebo:/opt/ros/jazzy /usr/bin/cmake --install /home/mfauzi/lab6/build/lab6_navigation
[3.717s] -- Install configuration: ""
[3.717s] -- Installing: /home/mfauzi/lab6/install/lab6_navigation/share/lab6_navigation/launch
[3.717s] -- Installing: /home/mfauzi/lab6/install/lab6_navigation/share/lab6_navigation/launch/auto_nav.launch.py
[3.717s] -- Installing: /home/mfauzi/lab6/install/lab6_navigation/share/lab6_navigation/launch/sim.launch.py
[3.717s] -- Installing: /home/mfauzi/lab6/install/lab6_navigation/share/lab6_navigation/launch/slam.launch.py
[3.718s] -- Installing: /home/mfauzi/lab6/install/lab6_navigation/share/lab6_navigation/urdf
[3.718s] -- Installing: /home/mfauzi/lab6/install/lab6_navigation/share/lab6_navigation/urdf/my_robot.urdf.xacro
[3.718s] -- Installing: /home/mfauzi/lab6/install/lab6_navigation/share/lab6_navigation/rviz
[3.718s] -- Installing: /home/mfauzi/lab6/install/lab6_navigation/share/lab6_navigation/worlds
[3.718s] -- Installing: /home/mfauzi/lab6/install/lab6_navigation/share/lab6_navigation/maps
[3.718s] -- Installing: /home/mfauzi/lab6/install/lab6_navigation/share/lab6_navigation/config
[3.719s] -- Installing: /home/mfauzi/lab6/install/lab6_navigation/share/lab6_navigation/config/nav2_params.yaml
[3.719s] -- Installing: /home/mfauzi/lab6/install/lab6_navigation/share/ament_index/resource_index/package_run_dependencies/lab6_navigation
[3.719s] -- Installing: /home/mfauzi/lab6/install/lab6_navigation/share/ament_index/resource_index/parent_prefix_path/lab6_navigation
[3.720s] -- Installing: /home/mfauzi/lab6/install/lab6_navigation/share/lab6_navigation/environment/ament_prefix_path.sh
[3.720s] -- Installing: /home/mfauzi/lab6/install/lab6_navigation/share/lab6_navigation/environment/ament_prefix_path.dsv
[3.720s] -- Installing: /home/mfauzi/lab6/install/lab6_navigation/share/lab6_navigation/environment/path.sh
[3.720s] -- Installing: /home/mfauzi/lab6/install/lab6_navigation/share/lab6_navigation/environment/path.dsv
[3.720s] -- Installing: /home/mfauzi/lab6/install/lab6_navigation/share/lab6_navigation/local_setup.bash
[3.721s] -- Installing: /home/mfauzi/lab6/install/lab6_navigation/share/lab6_navigation/local_setup.sh
[3.721s] -- Installing: /home/mfauzi/lab6/install/lab6_navigation/share/lab6_navigation/local_setup.zsh
[3.721s] -- Installing: /home/mfauzi/lab6/install/lab6_navigation/share/lab6_navigation/local_setup.dsv
[3.721s] -- Installing: /home/mfauzi/lab6/install/lab6_navigation/share/lab6_navigation/package.dsv
[3.721s] -- Installing: /home/mfauzi/lab6/install/lab6_navigation/share/ament_index/resource_index/packages/lab6_navigation
[3.723s] -- Installing: /home/mfauzi/lab6/install/lab6_navigation/share/lab6_navigation/cmake/lab6_navigationConfig.cmake
[3.723s] -- Installing: /home/mfauzi/lab6/install/lab6_navigation/share/lab6_navigation/cmake/lab6_navigationConfig-version.cmake
[3.723s] -- Installing: /home/mfauzi/lab6/install/lab6_navigation/share/lab6_navigation/package.xml
[3.724s] Invoked command in '/home/mfauzi/lab6/build/lab6_navigation' returned '0': CMAKE_PREFIX_PATH=${CMAKE_PREFIX_PATH}:/home/mfauzi/mfLab5/install/lab5_simulation:/home/mfauzi/lab5/install/lab5_simulation:/home/mfauzi/linorobot2_ws/install/linorobot2_gazebo:/opt/ros/jazzy /usr/bin/cmake --install /home/mfauzi/lab6/build/lab6_navigation
