[1.515s] Invoking command in '/home/mfauzi/ros-fkee/ch3/ros2_ws/src/node_temp_py': PYTHONPATH=/home/mfauzi/ros-fkee/ch3/ros2_ws/build/node_temp_py/prefix_override:/usr/lib/python3/dist-packages/colcon_core/task/python/colcon_distutils_commands:/home/mfauzi/ros-fkee/ch3/ros2_ws/install/node_temp_py/lib/python3.12/site-packages:${PYTHONPATH} /usr/bin/python3 -W ignore:setup.py install is deprecated -W ignore:easy_install command is deprecated setup.py egg_info --egg-base ../../build/node_temp_py build --build-base /home/mfauzi/ros-fkee/ch3/ros2_ws/build/node_temp_py/build install --record /home/mfauzi/ros-fkee/ch3/ros2_ws/build/node_temp_py/install.log --single-version-externally-managed install_data
[1.715s] running egg_info
[1.731s] writing ../../build/node_temp_py/node_temp_py.egg-info/PKG-INFO
[1.731s] writing dependency_links to ../../build/node_temp_py/node_temp_py.egg-info/dependency_links.txt
[1.731s] writing entry points to ../../build/node_temp_py/node_temp_py.egg-info/entry_points.txt
[1.732s] writing requirements to ../../build/node_temp_py/node_temp_py.egg-info/requires.txt
[1.732s] writing top-level names to ../../build/node_temp_py/node_temp_py.egg-info/top_level.txt
[1.757s] reading manifest file '../../build/node_temp_py/node_temp_py.egg-info/SOURCES.txt'
[1.758s] writing manifest file '../../build/node_temp_py/node_temp_py.egg-info/SOURCES.txt'
[1.758s] running build
[1.758s] running build_py
[1.759s] running install
[1.764s] running install_lib
[1.777s] running install_data
[1.777s] running install_egg_info
[1.795s] removing '/home/mfauzi/ros-fkee/ch3/ros2_ws/install/node_temp_py/lib/python3.12/site-packages/node_temp_py-0.0.0-py3.12.egg-info' (and everything under it)
[1.796s] Copying ../../build/node_temp_py/node_temp_py.egg-info to /home/mfauzi/ros-fkee/ch3/ros2_ws/install/node_temp_py/lib/python3.12/site-packages/node_temp_py-0.0.0-py3.12.egg-info
[1.798s] running install_scripts
[1.903s] Installing temp_display script to /home/mfauzi/ros-fkee/ch3/ros2_ws/install/node_temp_py/lib/node_temp_py
[1.903s] Installing temp_sensor script to /home/mfauzi/ros-fkee/ch3/ros2_ws/install/node_temp_py/lib/node_temp_py
[1.904s] writing list of installed files to '/home/mfauzi/ros-fkee/ch3/ros2_ws/build/node_temp_py/install.log'
[1.952s] Invoked command in '/home/mfauzi/ros-fkee/ch3/ros2_ws/src/node_temp_py' returned '0': PYTHONPATH=/home/mfauzi/ros-fkee/ch3/ros2_ws/build/node_temp_py/prefix_override:/usr/lib/python3/dist-packages/colcon_core/task/python/colcon_distutils_commands:/home/mfauzi/ros-fkee/ch3/ros2_ws/install/node_temp_py/lib/python3.12/site-packages:${PYTHONPATH} /usr/bin/python3 -W ignore:setup.py install is deprecated -W ignore:easy_install command is deprecated setup.py egg_info --egg-base ../../build/node_temp_py build --build-base /home/mfauzi/ros-fkee/ch3/ros2_ws/build/node_temp_py/build install --record /home/mfauzi/ros-fkee/ch3/ros2_ws/build/node_temp_py/install.log --single-version-externally-managed install_data
