[1.015s] Invoking command in '/home/mfauzi/ros-fkee/ch3/ros2_ws/src/my_node_py': PYTHONPATH=/home/mfauzi/ros-fkee/ch3/ros2_ws/build/my_node_py/prefix_override:/usr/lib/python3/dist-packages/colcon_core/task/python/colcon_distutils_commands:/home/mfauzi/ros-fkee/ch3/ros2_ws/install/my_node_py/lib/python3.12/site-packages:${PYTHONPATH} /usr/bin/python3 -W ignore:setup.py install is deprecated -W ignore:easy_install command is deprecated setup.py egg_info --egg-base ../../build/my_node_py build --build-base /home/mfauzi/ros-fkee/ch3/ros2_ws/build/my_node_py/build install --record /home/mfauzi/ros-fkee/ch3/ros2_ws/build/my_node_py/install.log --single-version-externally-managed install_data
[1.204s] running egg_info
[1.215s] writing ../../build/my_node_py/my_node_py.egg-info/PKG-INFO
[1.216s] writing dependency_links to ../../build/my_node_py/my_node_py.egg-info/dependency_links.txt
[1.216s] writing entry points to ../../build/my_node_py/my_node_py.egg-info/entry_points.txt
[1.217s] writing requirements to ../../build/my_node_py/my_node_py.egg-info/requires.txt
[1.217s] writing top-level names to ../../build/my_node_py/my_node_py.egg-info/top_level.txt
[1.242s] reading manifest file '../../build/my_node_py/my_node_py.egg-info/SOURCES.txt'
[1.243s] writing manifest file '../../build/my_node_py/my_node_py.egg-info/SOURCES.txt'
[1.243s] running build
[1.244s] running build_py
[1.244s] running install
[1.249s] running install_lib
[1.259s] creating /home/mfauzi/ros-fkee/ch3/ros2_ws/install/my_node_py/lib/python3.12/site-packages/my_node_py
[1.260s] copying /home/mfauzi/ros-fkee/ch3/ros2_ws/build/my_node_py/build/lib/my_node_py/minimal_node.py -> /home/mfauzi/ros-fkee/ch3/ros2_ws/install/my_node_py/lib/python3.12/site-packages/my_node_py
[1.261s] copying /home/mfauzi/ros-fkee/ch3/ros2_ws/build/my_node_py/build/lib/my_node_py/__init__.py -> /home/mfauzi/ros-fkee/ch3/ros2_ws/install/my_node_py/lib/python3.12/site-packages/my_node_py
[1.261s] byte-compiling /home/mfauzi/ros-fkee/ch3/ros2_ws/install/my_node_py/lib/python3.12/site-packages/my_node_py/minimal_node.py to minimal_node.cpython-312.pyc
[1.262s] byte-compiling /home/mfauzi/ros-fkee/ch3/ros2_ws/install/my_node_py/lib/python3.12/site-packages/my_node_py/__init__.py to __init__.cpython-312.pyc
[1.262s] running install_data
[1.262s] creating /home/mfauzi/ros-fkee/ch3/ros2_ws/install/my_node_py/share/ament_index
[1.263s] creating /home/mfauzi/ros-fkee/ch3/ros2_ws/install/my_node_py/share/ament_index/resource_index
[1.263s] creating /home/mfauzi/ros-fkee/ch3/ros2_ws/install/my_node_py/share/ament_index/resource_index/packages
[1.263s] copying resource/my_node_py -> /home/mfauzi/ros-fkee/ch3/ros2_ws/install/my_node_py/share/ament_index/resource_index/packages
[1.263s] copying package.xml -> /home/mfauzi/ros-fkee/ch3/ros2_ws/install/my_node_py/share/my_node_py
[1.264s] running install_egg_info
[1.282s] Copying ../../build/my_node_py/my_node_py.egg-info to /home/mfauzi/ros-fkee/ch3/ros2_ws/install/my_node_py/lib/python3.12/site-packages/my_node_py-0.0.0-py3.12.egg-info
[1.283s] running install_scripts
[1.376s] Installing minimal_node script to /home/mfauzi/ros-fkee/ch3/ros2_ws/install/my_node_py/lib/my_node_py
[1.376s] writing list of installed files to '/home/mfauzi/ros-fkee/ch3/ros2_ws/build/my_node_py/install.log'
[1.412s] Invoked command in '/home/mfauzi/ros-fkee/ch3/ros2_ws/src/my_node_py' returned '0': PYTHONPATH=/home/mfauzi/ros-fkee/ch3/ros2_ws/build/my_node_py/prefix_override:/usr/lib/python3/dist-packages/colcon_core/task/python/colcon_distutils_commands:/home/mfauzi/ros-fkee/ch3/ros2_ws/install/my_node_py/lib/python3.12/site-packages:${PYTHONPATH} /usr/bin/python3 -W ignore:setup.py install is deprecated -W ignore:easy_install command is deprecated setup.py egg_info --egg-base ../../build/my_node_py build --build-base /home/mfauzi/ros-fkee/ch3/ros2_ws/build/my_node_py/build install --record /home/mfauzi/ros-fkee/ch3/ros2_ws/build/my_node_py/install.log --single-version-externally-managed install_data
