[0.598s] Invoking command in '/home/mfauzi/ros-fkee/ch3/ros2_ws/src/node_temp_py': PYTHONPATH=/home/mfauzi/ros-fkee/ch3/ros2_ws/build/node_temp_py/prefix_override:/usr/lib/python3/dist-packages/colcon_core/task/python/colcon_distutils_commands:/home/mfauzi/ros-fkee/ch3/ros2_ws/install/node_temp_py/lib/python3.12/site-packages:${PYTHONPATH} /usr/bin/python3 -W ignore:setup.py install is deprecated -W ignore:easy_install command is deprecated setup.py egg_info --egg-base ../../build/node_temp_py build --build-base /home/mfauzi/ros-fkee/ch3/ros2_ws/build/node_temp_py/build install --record /home/mfauzi/ros-fkee/ch3/ros2_ws/build/node_temp_py/install.log --single-version-externally-managed install_data
[0.723s] running egg_info
[0.731s] writing ../../build/node_temp_py/node_temp_py.egg-info/PKG-INFO
[0.732s] writing dependency_links to ../../build/node_temp_py/node_temp_py.egg-info/dependency_links.txt
[0.732s] writing entry points to ../../build/node_temp_py/node_temp_py.egg-info/entry_points.txt
[0.732s] writing requirements to ../../build/node_temp_py/node_temp_py.egg-info/requires.txt
[0.732s] writing top-level names to ../../build/node_temp_py/node_temp_py.egg-info/top_level.txt
[0.749s] reading manifest file '../../build/node_temp_py/node_temp_py.egg-info/SOURCES.txt'
[0.749s] writing manifest file '../../build/node_temp_py/node_temp_py.egg-info/SOURCES.txt'
[0.749s] running build
[0.749s] running build_py
[0.749s] running install
[0.752s] running install_lib
[0.761s] running install_data
[0.761s] copying launch/robot_bringup.launch.py -> /home/mfauzi/ros-fkee/ch3/ros2_ws/install/node_temp_py/share/node_temp_py/launch
[0.761s] running install_egg_info
[0.771s] removing '/home/mfauzi/ros-fkee/ch3/ros2_ws/install/node_temp_py/lib/python3.12/site-packages/node_temp_py-0.0.0-py3.12.egg-info' (and everything under it)
[0.771s] Copying ../../build/node_temp_py/node_temp_py.egg-info to /home/mfauzi/ros-fkee/ch3/ros2_ws/install/node_temp_py/lib/python3.12/site-packages/node_temp_py-0.0.0-py3.12.egg-info
[0.772s] running install_scripts
[0.831s] Installing temp_display script to /home/mfauzi/ros-fkee/ch3/ros2_ws/install/node_temp_py/lib/node_temp_py
[0.831s] Installing temp_sensor script to /home/mfauzi/ros-fkee/ch3/ros2_ws/install/node_temp_py/lib/node_temp_py
[0.832s] writing list of installed files to '/home/mfauzi/ros-fkee/ch3/ros2_ws/build/node_temp_py/install.log'
[0.850s] Invoked command in '/home/mfauzi/ros-fkee/ch3/ros2_ws/src/node_temp_py' returned '0': PYTHONPATH=/home/mfauzi/ros-fkee/ch3/ros2_ws/build/node_temp_py/prefix_override:/usr/lib/python3/dist-packages/colcon_core/task/python/colcon_distutils_commands:/home/mfauzi/ros-fkee/ch3/ros2_ws/install/node_temp_py/lib/python3.12/site-packages:${PYTHONPATH} /usr/bin/python3 -W ignore:setup.py install is deprecated -W ignore:easy_install command is deprecated setup.py egg_info --egg-base ../../build/node_temp_py build --build-base /home/mfauzi/ros-fkee/ch3/ros2_ws/build/node_temp_py/build install --record /home/mfauzi/ros-fkee/ch3/ros2_ws/build/node_temp_py/install.log --single-version-externally-managed install_data
