[0.011s] Invoking command in '/home/mfauzi/ros-fkee/ch5/build/my_robot_bringup': CMAKE_PREFIX_PATH=${CMAKE_PREFIX_PATH}:/home/mfauzi/mfLab5/install/lab5_simulation:/home/mfauzi/lab5/install/lab5_simulation:/home/mfauzi/linorobot2_ws/install/linorobot2_gazebo:/opt/ros/jazzy /usr/bin/cmake /home/mfauzi/ros-fkee/ch5/src/my_robot_bringup -DCMAKE_INSTALL_PREFIX=/home/mfauzi/ros-fkee/ch5/install/my_robot_bringup
[0.061s] -- Found ament_cmake: 2.5.6 (/opt/ros/jazzy/share/ament_cmake/cmake)
[0.225s] -- Override CMake install command with custom implementation using symlinks instead of copying resources
[0.253s] -- Found rclcpp: 28.1.18 (/opt/ros/jazzy/share/rclcpp/cmake)
[0.349s] -- Found rosidl_generator_c: 4.6.7 (/opt/ros/jazzy/share/rosidl_generator_c/cmake)
[0.359s] -- Found rosidl_generator_cpp: 4.6.7 (/opt/ros/jazzy/share/rosidl_generator_cpp/cmake)
[0.374s] -- Using all available rosidl_typesupport_c: rosidl_typesupport_fastrtps_c;rosidl_typesupport_introspection_c
[0.390s] -- Using all available rosidl_typesupport_cpp: rosidl_typesupport_fastrtps_cpp;rosidl_typesupport_introspection_cpp
[0.459s] -- Found rmw_implementation_cmake: 7.3.3 (/opt/ros/jazzy/share/rmw_implementation_cmake/cmake)
[0.462s] -- Found rmw_fastrtps_cpp: 8.4.3 (/opt/ros/jazzy/share/rmw_fastrtps_cpp/cmake)
[0.566s] -- Using RMW implementation 'rmw_fastrtps_cpp' as default
[0.664s] -- Found rclpy: 7.1.11 (/opt/ros/jazzy/share/rclpy/cmake)
[0.665s] -- Found geometry_msgs: 5.3.7 (/opt/ros/jazzy/share/geometry_msgs/cmake)
[0.698s] -- Found sensor_msgs: 5.3.7 (/opt/ros/jazzy/share/sensor_msgs/cmake)
[0.724s] -- Found nav_msgs: 5.3.7 (/opt/ros/jazzy/share/nav_msgs/cmake)
[0.748s] -- Found xacro: 2.1.1 (/opt/ros/jazzy/share/xacro/cmake)
[0.749s] -- Found ros_gz_sim: 1.0.22 (/opt/ros/jazzy/share/ros_gz_sim/cmake)
[0.878s] -- Found ros_gz_bridge: 1.0.22 (/opt/ros/jazzy/share/ros_gz_bridge/cmake)
[0.893s] -- Looking for gz-msgs10 -- found version 10.3.2
[0.908s] -- Searching for dependencies of gz-msgs10
[1.282s] -- Looking for gz-utils2 -- found version 2.2.1
[1.283s] -- Searching for dependencies of gz-utils2
[1.285s] -- Looking for gz-math7 -- found version 7.5.2
[1.285s] -- Searching for dependencies of gz-math7
[1.286s] -- Looking for gz-utils2 -- found version 2.2.1
[1.289s] -- Checking for module 'tinyxml2'
[1.303s] --   Found tinyxml2, version 10.0.0
[1.330s] -- Looking for gz-transport13 -- found version 13.5.0
[1.331s] -- Searching for dependencies of gz-transport13
[2.013s] -- Config-file not installed for ZeroMQ -- checking for pkg-config
[2.016s] -- Checking for module 'libzmq >= 4'
[2.026s] --   Found libzmq, version 4.3.5
[2.057s] -- Checking for module 'uuid'
[2.066s] --   Found uuid, version 2.39.3
[2.084s] -- Looking for gz-utils2 -- found version 2.2.1
[2.084s] -- Searching for dependencies of gz-utils2
[2.084s] -- Searching for <gz-utils2> component [cli]
[2.085s] -- Looking for gz-utils2-cli -- found version 2.2.1
[2.085s] -- Searching for dependencies of gz-utils2-cli
[2.087s] -- Looking for gz-msgs10 -- found version 10.3.2
[2.225s] -- Found ament_lint_auto: 0.17.5 (/opt/ros/jazzy/share/ament_lint_auto/cmake)
[2.312s] -- Added test 'flake8' to check Python code syntax and style conventions
[2.312s] -- Configured 'flake8' exclude dirs and/or files: 
[2.313s] -- Added test 'lint_cmake' to check CMake code style
[2.313s] -- Added test 'pep257' to check Python code against some of the docstring style conventions in PEP 257
[2.314s] -- Added test 'xmllint' to check XML markup files
[2.316s] -- Configuring done (2.3s)
[2.326s] -- Generating done (0.0s)
[2.330s] -- Build files have been written to: /home/mfauzi/ros-fkee/ch5/build/my_robot_bringup
[2.339s] Invoked command in '/home/mfauzi/ros-fkee/ch5/build/my_robot_bringup' returned '0': CMAKE_PREFIX_PATH=${CMAKE_PREFIX_PATH}:/home/mfauzi/mfLab5/install/lab5_simulation:/home/mfauzi/lab5/install/lab5_simulation:/home/mfauzi/linorobot2_ws/install/linorobot2_gazebo:/opt/ros/jazzy /usr/bin/cmake /home/mfauzi/ros-fkee/ch5/src/my_robot_bringup -DCMAKE_INSTALL_PREFIX=/home/mfauzi/ros-fkee/ch5/install/my_robot_bringup
[2.341s] Invoking command in '/home/mfauzi/ros-fkee/ch5/build/my_robot_bringup': CMAKE_PREFIX_PATH=${CMAKE_PREFIX_PATH}:/home/mfauzi/mfLab5/install/lab5_simulation:/home/mfauzi/lab5/install/lab5_simulation:/home/mfauzi/linorobot2_ws/install/linorobot2_gazebo:/opt/ros/jazzy /usr/bin/cmake --build /home/mfauzi/ros-fkee/ch5/build/my_robot_bringup -- -j24 -l24
[2.370s] Invoked command in '/home/mfauzi/ros-fkee/ch5/build/my_robot_bringup' returned '0': CMAKE_PREFIX_PATH=${CMAKE_PREFIX_PATH}:/home/mfauzi/mfLab5/install/lab5_simulation:/home/mfauzi/lab5/install/lab5_simulation:/home/mfauzi/linorobot2_ws/install/linorobot2_gazebo:/opt/ros/jazzy /usr/bin/cmake --build /home/mfauzi/ros-fkee/ch5/build/my_robot_bringup -- -j24 -l24
[2.378s] Invoking command in '/home/mfauzi/ros-fkee/ch5/build/my_robot_bringup': CMAKE_PREFIX_PATH=${CMAKE_PREFIX_PATH}:/home/mfauzi/mfLab5/install/lab5_simulation:/home/mfauzi/lab5/install/lab5_simulation:/home/mfauzi/linorobot2_ws/install/linorobot2_gazebo:/opt/ros/jazzy /usr/bin/cmake --install /home/mfauzi/ros-fkee/ch5/build/my_robot_bringup
[2.383s] -- Install configuration: ""
[2.383s] -- Execute custom install script
[2.383s] -- Up-to-date symlink: /home/mfauzi/ros-fkee/ch5/install/my_robot_bringup/share/my_robot_bringup/launch/sim.launch.py
[2.383s] -- Up-to-date symlink: /home/mfauzi/ros-fkee/ch5/install/my_robot_bringup/share/my_robot_bringup/urdf/my_robot.urdf.xacro
[2.383s] -- Up-to-date symlink: /home/mfauzi/ros-fkee/ch5/install/my_robot_bringup/share/ament_index/resource_index/package_run_dependencies/my_robot_bringup
[2.384s] -- Up-to-date symlink: /home/mfauzi/ros-fkee/ch5/install/my_robot_bringup/share/ament_index/resource_index/parent_prefix_path/my_robot_bringup
[2.384s] -- Up-to-date symlink: /home/mfauzi/ros-fkee/ch5/install/my_robot_bringup/share/my_robot_bringup/environment/ament_prefix_path.sh
[2.384s] -- Up-to-date symlink: /home/mfauzi/ros-fkee/ch5/install/my_robot_bringup/share/my_robot_bringup/environment/ament_prefix_path.dsv
[2.384s] -- Up-to-date symlink: /home/mfauzi/ros-fkee/ch5/install/my_robot_bringup/share/my_robot_bringup/environment/path.sh
[2.385s] -- Up-to-date symlink: /home/mfauzi/ros-fkee/ch5/install/my_robot_bringup/share/my_robot_bringup/environment/path.dsv
[2.385s] -- Up-to-date symlink: /home/mfauzi/ros-fkee/ch5/install/my_robot_bringup/share/my_robot_bringup/local_setup.bash
[2.385s] -- Up-to-date symlink: /home/mfauzi/ros-fkee/ch5/install/my_robot_bringup/share/my_robot_bringup/local_setup.sh
[2.385s] -- Up-to-date symlink: /home/mfauzi/ros-fkee/ch5/install/my_robot_bringup/share/my_robot_bringup/local_setup.zsh
[2.385s] -- Up-to-date symlink: /home/mfauzi/ros-fkee/ch5/install/my_robot_bringup/share/my_robot_bringup/local_setup.dsv
[2.385s] -- Symlinking: /home/mfauzi/ros-fkee/ch5/install/my_robot_bringup/share/my_robot_bringup/package.dsv
[2.391s] -- Up-to-date symlink: /home/mfauzi/ros-fkee/ch5/install/my_robot_bringup/share/ament_index/resource_index/packages/my_robot_bringup
[2.391s] -- Up-to-date symlink: /home/mfauzi/ros-fkee/ch5/install/my_robot_bringup/share/my_robot_bringup/cmake/my_robot_bringupConfig.cmake
[2.392s] -- Up-to-date symlink: /home/mfauzi/ros-fkee/ch5/install/my_robot_bringup/share/my_robot_bringup/cmake/my_robot_bringupConfig-version.cmake
[2.392s] -- Up-to-date symlink: /home/mfauzi/ros-fkee/ch5/install/my_robot_bringup/share/my_robot_bringup/package.xml
[2.393s] Invoked command in '/home/mfauzi/ros-fkee/ch5/build/my_robot_bringup' returned '0': CMAKE_PREFIX_PATH=${CMAKE_PREFIX_PATH}:/home/mfauzi/mfLab5/install/lab5_simulation:/home/mfauzi/lab5/install/lab5_simulation:/home/mfauzi/linorobot2_ws/install/linorobot2_gazebo:/opt/ros/jazzy /usr/bin/cmake --install /home/mfauzi/ros-fkee/ch5/build/my_robot_bringup
