[1.850s] Invoking command in '/home/mfauzi/ros-fkee/ch3/ros2_ws/src/node_temp_py': PYTHONPATH=/home/mfauzi/ros-fkee/ch3/ros2_ws/build/node_temp_py/prefix_override:/usr/lib/python3/dist-packages/colcon_core/task/python/colcon_distutils_commands:/home/mfauzi/ros-fkee/ch3/ros2_ws/install/node_temp_py/lib/python3.12/site-packages:${PYTHONPATH} /usr/bin/python3 -W ignore:setup.py install is deprecated -W ignore:easy_install command is deprecated setup.py egg_info --egg-base ../../build/node_temp_py build --build-base /home/mfauzi/ros-fkee/ch3/ros2_ws/build/node_temp_py/build install --record /home/mfauzi/ros-fkee/ch3/ros2_ws/build/node_temp_py/install.log --single-version-externally-managed install_data
[2.080s] running egg_info
[2.097s] writing ../../build/node_temp_py/node_temp_py.egg-info/PKG-INFO
[2.098s] writing dependency_links to ../../build/node_temp_py/node_temp_py.egg-info/dependency_links.txt
[2.098s] writing entry points to ../../build/node_temp_py/node_temp_py.egg-info/entry_points.txt
[2.098s] writing requirements to ../../build/node_temp_py/node_temp_py.egg-info/requires.txt
[2.099s] writing top-level names to ../../build/node_temp_py/node_temp_py.egg-info/top_level.txt
[2.126s] reading manifest file '../../build/node_temp_py/node_temp_py.egg-info/SOURCES.txt'
[2.127s] writing manifest file '../../build/node_temp_py/node_temp_py.egg-info/SOURCES.txt'
[2.128s] running build
[2.128s] running build_py
[2.128s] running install
[2.134s] running install_lib
[2.151s] running install_data
[2.152s] running install_egg_info
[2.166s] removing '/home/mfauzi/ros-fkee/ch3/ros2_ws/install/node_temp_py/lib/python3.12/site-packages/node_temp_py-0.0.0-py3.12.egg-info' (and everything under it)
[2.166s] Copying ../../build/node_temp_py/node_temp_py.egg-info to /home/mfauzi/ros-fkee/ch3/ros2_ws/install/node_temp_py/lib/python3.12/site-packages/node_temp_py-0.0.0-py3.12.egg-info
[2.168s] running install_scripts
[2.268s] Installing temp_display script to /home/mfauzi/ros-fkee/ch3/ros2_ws/install/node_temp_py/lib/node_temp_py
[2.269s] Installing temp_sensor script to /home/mfauzi/ros-fkee/ch3/ros2_ws/install/node_temp_py/lib/node_temp_py
[2.269s] writing list of installed files to '/home/mfauzi/ros-fkee/ch3/ros2_ws/build/node_temp_py/install.log'
[2.325s] Invoked command in '/home/mfauzi/ros-fkee/ch3/ros2_ws/src/node_temp_py' returned '0': PYTHONPATH=/home/mfauzi/ros-fkee/ch3/ros2_ws/build/node_temp_py/prefix_override:/usr/lib/python3/dist-packages/colcon_core/task/python/colcon_distutils_commands:/home/mfauzi/ros-fkee/ch3/ros2_ws/install/node_temp_py/lib/python3.12/site-packages:${PYTHONPATH} /usr/bin/python3 -W ignore:setup.py install is deprecated -W ignore:easy_install command is deprecated setup.py egg_info --egg-base ../../build/node_temp_py build --build-base /home/mfauzi/ros-fkee/ch3/ros2_ws/build/node_temp_py/build install --record /home/mfauzi/ros-fkee/ch3/ros2_ws/build/node_temp_py/install.log --single-version-externally-managed install_data
