[1.196s] Invoking command in '/home/mfauzi/ros-fkee/ch3/ros2_ws/src/param_demo': PYTHONPATH=/home/mfauzi/ros-fkee/ch3/ros2_ws/build/param_demo/prefix_override:/usr/lib/python3/dist-packages/colcon_core/task/python/colcon_distutils_commands:/home/mfauzi/ros-fkee/ch3/ros2_ws/install/param_demo/lib/python3.12/site-packages:${PYTHONPATH} /usr/bin/python3 -W ignore:setup.py install is deprecated -W ignore:easy_install command is deprecated setup.py egg_info --egg-base ../../build/param_demo build --build-base /home/mfauzi/ros-fkee/ch3/ros2_ws/build/param_demo/build install --record /home/mfauzi/ros-fkee/ch3/ros2_ws/build/param_demo/install.log --single-version-externally-managed install_data
[1.425s] running egg_info
[1.441s] writing ../../build/param_demo/param_demo.egg-info/PKG-INFO
[1.442s] writing dependency_links to ../../build/param_demo/param_demo.egg-info/dependency_links.txt
[1.442s] writing entry points to ../../build/param_demo/param_demo.egg-info/entry_points.txt
[1.443s] writing requirements to ../../build/param_demo/param_demo.egg-info/requires.txt
[1.443s] writing top-level names to ../../build/param_demo/param_demo.egg-info/top_level.txt
[1.468s] reading manifest file '../../build/param_demo/param_demo.egg-info/SOURCES.txt'
[1.469s] writing manifest file '../../build/param_demo/param_demo.egg-info/SOURCES.txt'
[1.469s] running build
[1.469s] running build_py
[1.470s] running install
[1.475s] running install_lib
[1.489s] running install_data
[1.489s] running install_egg_info
[1.501s] removing '/home/mfauzi/ros-fkee/ch3/ros2_ws/install/param_demo/lib/python3.12/site-packages/param_demo-0.0.0-py3.12.egg-info' (and everything under it)
[1.502s] Copying ../../build/param_demo/param_demo.egg-info to /home/mfauzi/ros-fkee/ch3/ros2_ws/install/param_demo/lib/python3.12/site-packages/param_demo-0.0.0-py3.12.egg-info
[1.504s] running install_scripts
[1.598s] Installing param_node script to /home/mfauzi/ros-fkee/ch3/ros2_ws/install/param_demo/lib/param_demo
[1.599s] writing list of installed files to '/home/mfauzi/ros-fkee/ch3/ros2_ws/build/param_demo/install.log'
[1.625s] Invoked command in '/home/mfauzi/ros-fkee/ch3/ros2_ws/src/param_demo' returned '0': PYTHONPATH=/home/mfauzi/ros-fkee/ch3/ros2_ws/build/param_demo/prefix_override:/usr/lib/python3/dist-packages/colcon_core/task/python/colcon_distutils_commands:/home/mfauzi/ros-fkee/ch3/ros2_ws/install/param_demo/lib/python3.12/site-packages:${PYTHONPATH} /usr/bin/python3 -W ignore:setup.py install is deprecated -W ignore:easy_install command is deprecated setup.py egg_info --egg-base ../../build/param_demo build --build-base /home/mfauzi/ros-fkee/ch3/ros2_ws/build/param_demo/build install --record /home/mfauzi/ros-fkee/ch3/ros2_ws/build/param_demo/install.log --single-version-externally-managed install_data
