[0.511s] DEBUG:colcon:Command line arguments: ['/usr/bin/colcon', 'build', '--packages-select', 'my_robot_bringup']
[0.511s] DEBUG:colcon:Parsed command line arguments: Namespace(log_base=None, log_level=None, verb_name='build', build_base='build', install_base='install', merge_install=False, symlink_install=False, test_result_base=None, continue_on_error=False, executor='parallel', parallel_workers=24, event_handlers=None, ignore_user_meta=False, metas=['./colcon.meta'], base_paths=['.'], packages_ignore=None, packages_ignore_regex=None, paths=None, packages_up_to=None, packages_up_to_regex=None, packages_above=None, packages_above_and_dependencies=None, packages_above_depth=None, packages_select_by_dep=None, packages_skip_by_dep=None, packages_skip_up_to=None, packages_select_build_failed=False, packages_skip_build_finished=False, packages_select_test_failures=False, packages_skip_test_passed=False, packages_select=['my_robot_bringup'], packages_skip=None, packages_select_regex=None, packages_skip_regex=None, packages_start=None, packages_end=None, allow_overriding=[], cmake_args=None, cmake_target=None, cmake_target_skip_unavailable=False, cmake_clean_cache=False, cmake_clean_first=False, cmake_force_configure=False, ament_cmake_args=None, catkin_cmake_args=None, catkin_skip_building_tests=False, mixin_files=None, mixin=None, verb_parser=<colcon_mixin.mixin.mixin_argument.MixinArgumentDecorator object at 0x7b78ee154c20>, verb_extension=<colcon_core.verb.build.BuildVerb object at 0x7b78ee1ba150>, main=<bound method BuildVerb.main of <colcon_core.verb.build.BuildVerb object at 0x7b78ee1ba150>>, mixin_verb=('build',))
[0.638s] Level 1:colcon.colcon_core.package_discovery:discover_packages(colcon_meta) check parameters
[0.638s] Level 1:colcon.colcon_core.package_discovery:discover_packages(recursive) check parameters
[0.638s] Level 1:colcon.colcon_core.package_discovery:discover_packages(ignore) check parameters
[0.638s] Level 1:colcon.colcon_core.package_discovery:discover_packages(path) check parameters
[0.638s] Level 1:colcon.colcon_core.package_discovery:discover_packages(colcon_meta) discover
[0.638s] Level 1:colcon.colcon_core.package_discovery:discover_packages(recursive) discover
[0.639s] INFO:colcon.colcon_core.package_discovery:Crawling recursively for packages in '/home/mfauzi/ros-fkee/ch3/ros2_ws'
[0.639s] Level 1:colcon.colcon_core.package_identification:_identify(.) by extensions ['ignore', 'ignore_ament_install']
[0.639s] Level 1:colcon.colcon_core.package_identification:_identify(.) by extension 'ignore'
[0.639s] Level 1:colcon.colcon_core.package_identification:_identify(.) by extension 'ignore_ament_install'
[0.639s] Level 1:colcon.colcon_core.package_identification:_identify(.) by extensions ['colcon_pkg']
[0.640s] Level 1:colcon.colcon_core.package_identification:_identify(.) by extension 'colcon_pkg'
[0.640s] Level 1:colcon.colcon_core.package_identification:_identify(.) by extensions ['colcon_meta']
[0.640s] Level 1:colcon.colcon_core.package_identification:_identify(.) by extension 'colcon_meta'
[0.640s] Level 1:colcon.colcon_core.package_identification:_identify(.) by extensions ['ros']
[0.640s] Level 1:colcon.colcon_core.package_identification:_identify(.) by extension 'ros'
[0.697s] Level 1:colcon.colcon_core.package_identification:_identify(.) by extensions ['cmake', 'python']
[0.697s] Level 1:colcon.colcon_core.package_identification:_identify(.) by extension 'cmake'
[0.697s] Level 1:colcon.colcon_core.package_identification:_identify(.) by extension 'python'
[0.697s] Level 1:colcon.colcon_core.package_identification:_identify(.) by extensions ['python_setup_py']
[0.698s] Level 1:colcon.colcon_core.package_identification:_identify(.) by extension 'python_setup_py'
[0.698s] Level 1:colcon.colcon_core.package_identification:_identify(build) by extensions ['ignore', 'ignore_ament_install']
[0.698s] Level 1:colcon.colcon_core.package_identification:_identify(build) by extension 'ignore'
[0.698s] Level 1:colcon.colcon_core.package_identification:_identify(build) ignored
[0.699s] Level 1:colcon.colcon_core.package_identification:_identify(install) by extensions ['ignore', 'ignore_ament_install']
[0.700s] Level 1:colcon.colcon_core.package_identification:_identify(install) by extension 'ignore'
[0.700s] Level 1:colcon.colcon_core.package_identification:_identify(install) ignored
[0.700s] Level 1:colcon.colcon_core.package_identification:_identify(log) by extensions ['ignore', 'ignore_ament_install']
[0.700s] Level 1:colcon.colcon_core.package_identification:_identify(log) by extension 'ignore'
[0.700s] Level 1:colcon.colcon_core.package_identification:_identify(log) ignored
[0.701s] Level 1:colcon.colcon_core.package_identification:_identify(src) by extensions ['ignore', 'ignore_ament_install']
[0.701s] Level 1:colcon.colcon_core.package_identification:_identify(src) by extension 'ignore'
[0.701s] Level 1:colcon.colcon_core.package_identification:_identify(src) by extension 'ignore_ament_install'
[0.701s] Level 1:colcon.colcon_core.package_identification:_identify(src) by extensions ['colcon_pkg']
[0.702s] Level 1:colcon.colcon_core.package_identification:_identify(src) by extension 'colcon_pkg'
[0.702s] Level 1:colcon.colcon_core.package_identification:_identify(src) by extensions ['colcon_meta']
[0.702s] Level 1:colcon.colcon_core.package_identification:_identify(src) by extension 'colcon_meta'
[0.702s] Level 1:colcon.colcon_core.package_identification:_identify(src) by extensions ['ros']
[0.702s] Level 1:colcon.colcon_core.package_identification:_identify(src) by extension 'ros'
[0.702s] Level 1:colcon.colcon_core.package_identification:_identify(src) by extensions ['cmake', 'python']
[0.702s] Level 1:colcon.colcon_core.package_identification:_identify(src) by extension 'cmake'
[0.703s] Level 1:colcon.colcon_core.package_identification:_identify(src) by extension 'python'
[0.703s] Level 1:colcon.colcon_core.package_identification:_identify(src) by extensions ['python_setup_py']
[0.703s] Level 1:colcon.colcon_core.package_identification:_identify(src) by extension 'python_setup_py'
[0.703s] Level 1:colcon.colcon_core.package_identification:_identify(src/my_node_py) by extensions ['ignore', 'ignore_ament_install']
[0.704s] Level 1:colcon.colcon_core.package_identification:_identify(src/my_node_py) by extension 'ignore'
[0.704s] Level 1:colcon.colcon_core.package_identification:_identify(src/my_node_py) by extension 'ignore_ament_install'
[0.704s] Level 1:colcon.colcon_core.package_identification:_identify(src/my_node_py) by extensions ['colcon_pkg']
[0.704s] Level 1:colcon.colcon_core.package_identification:_identify(src/my_node_py) by extension 'colcon_pkg'
[0.704s] Level 1:colcon.colcon_core.package_identification:_identify(src/my_node_py) by extensions ['colcon_meta']
[0.704s] Level 1:colcon.colcon_core.package_identification:_identify(src/my_node_py) by extension 'colcon_meta'
[0.704s] Level 1:colcon.colcon_core.package_identification:_identify(src/my_node_py) by extensions ['ros']
[0.704s] Level 1:colcon.colcon_core.package_identification:_identify(src/my_node_py) by extension 'ros'
[0.709s] DEBUG:colcon.colcon_core.package_identification:Package 'src/my_node_py' with type 'ros.ament_python' and name 'my_node_py'
[0.709s] Level 1:colcon.colcon_core.package_identification:_identify(src/my_robot_bringup) by extensions ['ignore', 'ignore_ament_install']
[0.710s] Level 1:colcon.colcon_core.package_identification:_identify(src/my_robot_bringup) by extension 'ignore'
[0.710s] Level 1:colcon.colcon_core.package_identification:_identify(src/my_robot_bringup) by extension 'ignore_ament_install'
[0.710s] Level 1:colcon.colcon_core.package_identification:_identify(src/my_robot_bringup) by extensions ['colcon_pkg']
[0.710s] Level 1:colcon.colcon_core.package_identification:_identify(src/my_robot_bringup) by extension 'colcon_pkg'
[0.710s] Level 1:colcon.colcon_core.package_identification:_identify(src/my_robot_bringup) by extensions ['colcon_meta']
[0.710s] Level 1:colcon.colcon_core.package_identification:_identify(src/my_robot_bringup) by extension 'colcon_meta'
[0.710s] Level 1:colcon.colcon_core.package_identification:_identify(src/my_robot_bringup) by extensions ['ros']
[0.711s] Level 1:colcon.colcon_core.package_identification:_identify(src/my_robot_bringup) by extension 'ros'
[0.711s] DEBUG:colcon.colcon_core.package_identification:Package 'src/my_robot_bringup' with type 'ros.ament_python' and name 'my_robot_bringup'
[0.712s] Level 1:colcon.colcon_core.package_identification:_identify(src/node_temp_py) by extensions ['ignore', 'ignore_ament_install']
[0.712s] Level 1:colcon.colcon_core.package_identification:_identify(src/node_temp_py) by extension 'ignore'
[0.712s] Level 1:colcon.colcon_core.package_identification:_identify(src/node_temp_py) by extension 'ignore_ament_install'
[0.712s] Level 1:colcon.colcon_core.package_identification:_identify(src/node_temp_py) by extensions ['colcon_pkg']
[0.712s] Level 1:colcon.colcon_core.package_identification:_identify(src/node_temp_py) by extension 'colcon_pkg'
[0.712s] Level 1:colcon.colcon_core.package_identification:_identify(src/node_temp_py) by extensions ['colcon_meta']
[0.713s] Level 1:colcon.colcon_core.package_identification:_identify(src/node_temp_py) by extension 'colcon_meta'
[0.713s] Level 1:colcon.colcon_core.package_identification:_identify(src/node_temp_py) by extensions ['ros']
[0.713s] Level 1:colcon.colcon_core.package_identification:_identify(src/node_temp_py) by extension 'ros'
[0.714s] DEBUG:colcon.colcon_core.package_identification:Package 'src/node_temp_py' with type 'ros.ament_python' and name 'node_temp_py'
[0.714s] Level 1:colcon.colcon_core.package_discovery:discover_packages(recursive) using defaults
[0.714s] Level 1:colcon.colcon_core.package_discovery:discover_packages(ignore) discover
[0.714s] Level 1:colcon.colcon_core.package_discovery:discover_packages(ignore) using defaults
[0.714s] Level 1:colcon.colcon_core.package_discovery:discover_packages(path) discover
[0.714s] Level 1:colcon.colcon_core.package_discovery:discover_packages(path) using defaults
[0.750s] INFO:colcon.colcon_core.package_selection:Skipping not selected package 'my_node_py' in 'src/my_node_py'
[0.750s] INFO:colcon.colcon_core.package_selection:Skipping not selected package 'node_temp_py' in 'src/node_temp_py'
[0.751s] Level 1:colcon.colcon_core.package_discovery:discover_packages(prefix_path) check parameters
[0.751s] Level 1:colcon.colcon_core.package_discovery:discover_packages(prefix_path) discover
[0.758s] DEBUG:colcon.colcon_installed_package_information.package_discovery:Found 342 installed packages in /opt/ros/jazzy
[0.760s] Level 1:colcon.colcon_core.package_discovery:discover_packages(prefix_path) using defaults
[0.901s] Level 5:colcon.colcon_core.verb:set package 'my_robot_bringup' build argument 'cmake_args' from command line to 'None'
[0.901s] Level 5:colcon.colcon_core.verb:set package 'my_robot_bringup' build argument 'cmake_target' from command line to 'None'
[0.901s] Level 5:colcon.colcon_core.verb:set package 'my_robot_bringup' build argument 'cmake_target_skip_unavailable' from command line to 'False'
[0.901s] Level 5:colcon.colcon_core.verb:set package 'my_robot_bringup' build argument 'cmake_clean_cache' from command line to 'False'
[0.901s] Level 5:colcon.colcon_core.verb:set package 'my_robot_bringup' build argument 'cmake_clean_first' from command line to 'False'
[0.901s] Level 5:colcon.colcon_core.verb:set package 'my_robot_bringup' build argument 'cmake_force_configure' from command line to 'False'
[0.901s] Level 5:colcon.colcon_core.verb:set package 'my_robot_bringup' build argument 'ament_cmake_args' from command line to 'None'
[0.901s] Level 5:colcon.colcon_core.verb:set package 'my_robot_bringup' build argument 'catkin_cmake_args' from command line to 'None'
[0.901s] Level 5:colcon.colcon_core.verb:set package 'my_robot_bringup' build argument 'catkin_skip_building_tests' from command line to 'False'
[0.902s] DEBUG:colcon.colcon_core.verb:Building package 'my_robot_bringup' with the following arguments: {'ament_cmake_args': None, 'build_base': '/home/mfauzi/ros-fkee/ch3/ros2_ws/build/my_robot_bringup', 'catkin_cmake_args': None, 'catkin_skip_building_tests': False, 'cmake_args': None, 'cmake_clean_cache': False, 'cmake_clean_first': False, 'cmake_force_configure': False, 'cmake_target': None, 'cmake_target_skip_unavailable': False, 'install_base': '/home/mfauzi/ros-fkee/ch3/ros2_ws/install/my_robot_bringup', 'merge_install': False, 'path': '/home/mfauzi/ros-fkee/ch3/ros2_ws/src/my_robot_bringup', 'symlink_install': False, 'test_result_base': None}
[0.902s] INFO:colcon.colcon_core.executor:Executing jobs using 'parallel' executor
[0.903s] DEBUG:colcon.colcon_parallel_executor.executor.parallel:run_until_complete
[0.904s] INFO:colcon.colcon_ros.task.ament_python.build:Building ROS package in '/home/mfauzi/ros-fkee/ch3/ros2_ws/src/my_robot_bringup' with build type 'ament_python'
[0.904s] Level 1:colcon.colcon_core.shell:create_environment_hook('my_robot_bringup', 'ament_prefix_path')
[0.911s] INFO:colcon.colcon_core.plugin_system:Skipping extension 'colcon_core.shell.bat': Not used on non-Windows systems
[0.911s] INFO:colcon.colcon_core.shell:Creating environment hook '/home/mfauzi/ros-fkee/ch3/ros2_ws/install/my_robot_bringup/share/my_robot_bringup/hook/ament_prefix_path.ps1'
[0.914s] INFO:colcon.colcon_core.shell:Creating environment descriptor '/home/mfauzi/ros-fkee/ch3/ros2_ws/install/my_robot_bringup/share/my_robot_bringup/hook/ament_prefix_path.dsv'
[0.915s] INFO:colcon.colcon_core.shell:Creating environment hook '/home/mfauzi/ros-fkee/ch3/ros2_ws/install/my_robot_bringup/share/my_robot_bringup/hook/ament_prefix_path.sh'
[0.917s] INFO:colcon.colcon_core.shell:Skip shell extension 'powershell' for command environment: Not usable outside of PowerShell
[0.917s] DEBUG:colcon.colcon_core.shell:Skip shell extension 'dsv' for command environment
[1.139s] INFO:colcon.colcon_core.task.python.build:Building Python package in '/home/mfauzi/ros-fkee/ch3/ros2_ws/src/my_robot_bringup'
[1.139s] INFO:colcon.colcon_core.shell:Skip shell extension 'powershell' for command environment: Not usable outside of PowerShell
[1.139s] DEBUG:colcon.colcon_core.shell:Skip shell extension 'dsv' for command environment
[2.264s] DEBUG:colcon.colcon_core.event_handler.log_command:Invoking command in '/home/mfauzi/ros-fkee/ch3/ros2_ws/src/my_robot_bringup': PYTHONPATH=/home/mfauzi/ros-fkee/ch3/ros2_ws/build/my_robot_bringup/prefix_override:/usr/lib/python3/dist-packages/colcon_core/task/python/colcon_distutils_commands:/home/mfauzi/ros-fkee/ch3/ros2_ws/install/my_robot_bringup/lib/python3.12/site-packages:${PYTHONPATH} /usr/bin/python3 -W ignore:setup.py install is deprecated -W ignore:easy_install command is deprecated setup.py egg_info --egg-base ../../build/my_robot_bringup build --build-base /home/mfauzi/ros-fkee/ch3/ros2_ws/build/my_robot_bringup/build install --record /home/mfauzi/ros-fkee/ch3/ros2_ws/build/my_robot_bringup/install.log --single-version-externally-managed install_data
[2.627s] DEBUG:colcon.colcon_core.event_handler.log_command:Invoked command in '/home/mfauzi/ros-fkee/ch3/ros2_ws/src/my_robot_bringup' returned '0': PYTHONPATH=/home/mfauzi/ros-fkee/ch3/ros2_ws/build/my_robot_bringup/prefix_override:/usr/lib/python3/dist-packages/colcon_core/task/python/colcon_distutils_commands:/home/mfauzi/ros-fkee/ch3/ros2_ws/install/my_robot_bringup/lib/python3.12/site-packages:${PYTHONPATH} /usr/bin/python3 -W ignore:setup.py install is deprecated -W ignore:easy_install command is deprecated setup.py egg_info --egg-base ../../build/my_robot_bringup build --build-base /home/mfauzi/ros-fkee/ch3/ros2_ws/build/my_robot_bringup/build install --record /home/mfauzi/ros-fkee/ch3/ros2_ws/build/my_robot_bringup/install.log --single-version-externally-managed install_data
[2.642s] Level 1:colcon.colcon_core.environment:checking '/home/mfauzi/ros-fkee/ch3/ros2_ws/install/my_robot_bringup' for CMake module files
[2.642s] Level 1:colcon.colcon_core.environment:checking '/home/mfauzi/ros-fkee/ch3/ros2_ws/install/my_robot_bringup' for CMake config files
[2.643s] Level 1:colcon.colcon_core.environment:checking '/home/mfauzi/ros-fkee/ch3/ros2_ws/install/my_robot_bringup/lib'
[2.643s] Level 1:colcon.colcon_core.environment:checking '/home/mfauzi/ros-fkee/ch3/ros2_ws/install/my_robot_bringup/bin'
[2.643s] Level 1:colcon.colcon_core.environment:checking '/home/mfauzi/ros-fkee/ch3/ros2_ws/install/my_robot_bringup/lib/pkgconfig/my_robot_bringup.pc'
[2.644s] Level 1:colcon.colcon_core.environment:checking '/home/mfauzi/ros-fkee/ch3/ros2_ws/install/my_robot_bringup/lib/python3.12/site-packages'
[2.644s] Level 1:colcon.colcon_core.shell:create_environment_hook('my_robot_bringup', 'pythonpath')
[2.644s] INFO:colcon.colcon_core.shell:Creating environment hook '/home/mfauzi/ros-fkee/ch3/ros2_ws/install/my_robot_bringup/share/my_robot_bringup/hook/pythonpath.ps1'
[2.645s] INFO:colcon.colcon_core.shell:Creating environment descriptor '/home/mfauzi/ros-fkee/ch3/ros2_ws/install/my_robot_bringup/share/my_robot_bringup/hook/pythonpath.dsv'
[2.646s] INFO:colcon.colcon_core.shell:Creating environment hook '/home/mfauzi/ros-fkee/ch3/ros2_ws/install/my_robot_bringup/share/my_robot_bringup/hook/pythonpath.sh'
[2.646s] Level 1:colcon.colcon_core.environment:checking '/home/mfauzi/ros-fkee/ch3/ros2_ws/install/my_robot_bringup/bin'
[2.647s] Level 1:colcon.colcon_core.environment:create_environment_scripts_only(my_robot_bringup)
[2.647s] INFO:colcon.colcon_core.shell:Creating package script '/home/mfauzi/ros-fkee/ch3/ros2_ws/install/my_robot_bringup/share/my_robot_bringup/package.ps1'
[2.649s] INFO:colcon.colcon_core.shell:Creating package descriptor '/home/mfauzi/ros-fkee/ch3/ros2_ws/install/my_robot_bringup/share/my_robot_bringup/package.dsv'
[2.650s] INFO:colcon.colcon_core.shell:Creating package script '/home/mfauzi/ros-fkee/ch3/ros2_ws/install/my_robot_bringup/share/my_robot_bringup/package.sh'
[2.651s] INFO:colcon.colcon_core.shell:Creating package script '/home/mfauzi/ros-fkee/ch3/ros2_ws/install/my_robot_bringup/share/my_robot_bringup/package.bash'
[2.653s] INFO:colcon.colcon_core.shell:Creating package script '/home/mfauzi/ros-fkee/ch3/ros2_ws/install/my_robot_bringup/share/my_robot_bringup/package.zsh'
[2.654s] Level 1:colcon.colcon_core.environment:create_file_with_runtime_dependencies(/home/mfauzi/ros-fkee/ch3/ros2_ws/install/my_robot_bringup/share/colcon-core/packages/my_robot_bringup)
[2.656s] DEBUG:colcon.colcon_parallel_executor.executor.parallel:closing loop
[2.658s] DEBUG:colcon.colcon_parallel_executor.executor.parallel:loop closed
[2.658s] DEBUG:colcon.colcon_parallel_executor.executor.parallel:run_until_complete finished with '0'
[2.659s] DEBUG:colcon.colcon_core.event_reactor:joining thread
[2.691s] INFO:colcon.colcon_core.plugin_system:Skipping extension 'colcon_notification.desktop_notification.notify_send': Could not find 'notify-send'
[2.691s] INFO:colcon.colcon_core.plugin_system:Skipping extension 'colcon_notification.desktop_notification.terminal_notifier': Not used on non-Darwin systems
[2.692s] INFO:colcon.colcon_core.plugin_system:Skipping extension 'colcon_notification.desktop_notification.win32': Not used on non-Windows systems
[2.692s] INFO:colcon.colcon_notification.desktop_notification:Sending desktop notification using 'notify2'
[2.694s] DEBUG:colcon.colcon_notification.desktop_notification.notify2:Failed to initialize notify2: org.freedesktop.DBus.Error.ServiceUnknown: The name org.freedesktop.Notifications was not provided by any .service files
[2.694s] DEBUG:colcon.colcon_core.event_reactor:joined thread
[2.694s] INFO:colcon.colcon_core.shell:Creating prefix script '/home/mfauzi/ros-fkee/ch3/ros2_ws/install/local_setup.ps1'
[2.696s] INFO:colcon.colcon_core.shell:Creating prefix util module '/home/mfauzi/ros-fkee/ch3/ros2_ws/install/_local_setup_util_ps1.py'
[2.697s] INFO:colcon.colcon_core.shell:Creating prefix chain script '/home/mfauzi/ros-fkee/ch3/ros2_ws/install/setup.ps1'
[2.699s] INFO:colcon.colcon_core.shell:Creating prefix script '/home/mfauzi/ros-fkee/ch3/ros2_ws/install/local_setup.sh'
[2.699s] INFO:colcon.colcon_core.shell:Creating prefix util module '/home/mfauzi/ros-fkee/ch3/ros2_ws/install/_local_setup_util_sh.py'
[2.700s] INFO:colcon.colcon_core.shell:Creating prefix chain script '/home/mfauzi/ros-fkee/ch3/ros2_ws/install/setup.sh'
[2.701s] INFO:colcon.colcon_core.shell:Creating prefix script '/home/mfauzi/ros-fkee/ch3/ros2_ws/install/local_setup.bash'
[2.702s] INFO:colcon.colcon_core.shell:Creating prefix chain script '/home/mfauzi/ros-fkee/ch3/ros2_ws/install/setup.bash'
[2.703s] INFO:colcon.colcon_core.shell:Creating prefix script '/home/mfauzi/ros-fkee/ch3/ros2_ws/install/local_setup.zsh'
[2.704s] INFO:colcon.colcon_core.shell:Creating prefix chain script '/home/mfauzi/ros-fkee/ch3/ros2_ws/install/setup.zsh'
