[0.703s] DEBUG:colcon:Command line arguments: ['/usr/bin/colcon', 'build']
[0.704s] DEBUG:colcon:Parsed command line arguments: Namespace(log_base=None, log_level=None, verb_name='build', build_base='build', install_base='install', merge_install=False, symlink_install=False, test_result_base=None, continue_on_error=False, executor='parallel', parallel_workers=24, event_handlers=None, ignore_user_meta=False, metas=['./colcon.meta'], base_paths=['.'], packages_ignore=None, packages_ignore_regex=None, paths=None, packages_up_to=None, packages_up_to_regex=None, packages_above=None, packages_above_and_dependencies=None, packages_above_depth=None, packages_select_by_dep=None, packages_skip_by_dep=None, packages_skip_up_to=None, packages_select_build_failed=False, packages_skip_build_finished=False, packages_select_test_failures=False, packages_skip_test_passed=False, packages_select=None, packages_skip=None, packages_select_regex=None, packages_skip_regex=None, packages_start=None, packages_end=None, allow_overriding=[], cmake_args=None, cmake_target=None, cmake_target_skip_unavailable=False, cmake_clean_cache=False, cmake_clean_first=False, cmake_force_configure=False, ament_cmake_args=None, catkin_cmake_args=None, catkin_skip_building_tests=False, mixin_files=None, mixin=None, verb_parser=<colcon_mixin.mixin.mixin_argument.MixinArgumentDecorator object at 0x767bd4982390>, verb_extension=<colcon_core.verb.build.BuildVerb object at 0x767bd4aaeb10>, main=<bound method BuildVerb.main of <colcon_core.verb.build.BuildVerb object at 0x767bd4aaeb10>>, mixin_verb=('build',))
[0.842s] Level 1:colcon.colcon_core.package_discovery:discover_packages(colcon_meta) check parameters
[0.842s] Level 1:colcon.colcon_core.package_discovery:discover_packages(recursive) check parameters
[0.842s] Level 1:colcon.colcon_core.package_discovery:discover_packages(ignore) check parameters
[0.842s] Level 1:colcon.colcon_core.package_discovery:discover_packages(path) check parameters
[0.842s] Level 1:colcon.colcon_core.package_discovery:discover_packages(colcon_meta) discover
[0.842s] Level 1:colcon.colcon_core.package_discovery:discover_packages(recursive) discover
[0.843s] INFO:colcon.colcon_core.package_discovery:Crawling recursively for packages in '/home/mfauzi/ros-fkee/ch3/ros2_ws'
[0.843s] Level 1:colcon.colcon_core.package_identification:_identify(.) by extensions ['ignore', 'ignore_ament_install']
[0.843s] Level 1:colcon.colcon_core.package_identification:_identify(.) by extension 'ignore'
[0.843s] Level 1:colcon.colcon_core.package_identification:_identify(.) by extension 'ignore_ament_install'
[0.843s] Level 1:colcon.colcon_core.package_identification:_identify(.) by extensions ['colcon_pkg']
[0.843s] Level 1:colcon.colcon_core.package_identification:_identify(.) by extension 'colcon_pkg'
[0.843s] Level 1:colcon.colcon_core.package_identification:_identify(.) by extensions ['colcon_meta']
[0.843s] Level 1:colcon.colcon_core.package_identification:_identify(.) by extension 'colcon_meta'
[0.844s] Level 1:colcon.colcon_core.package_identification:_identify(.) by extensions ['ros']
[0.844s] Level 1:colcon.colcon_core.package_identification:_identify(.) by extension 'ros'
[0.882s] Level 1:colcon.colcon_core.package_identification:_identify(.) by extensions ['cmake', 'python']
[0.882s] Level 1:colcon.colcon_core.package_identification:_identify(.) by extension 'cmake'
[0.883s] Level 1:colcon.colcon_core.package_identification:_identify(.) by extension 'python'
[0.883s] Level 1:colcon.colcon_core.package_identification:_identify(.) by extensions ['python_setup_py']
[0.883s] Level 1:colcon.colcon_core.package_identification:_identify(.) by extension 'python_setup_py'
[0.883s] Level 1:colcon.colcon_core.package_identification:_identify(build) by extensions ['ignore', 'ignore_ament_install']
[0.883s] Level 1:colcon.colcon_core.package_identification:_identify(build) by extension 'ignore'
[0.883s] Level 1:colcon.colcon_core.package_identification:_identify(build) ignored
[0.883s] Level 1:colcon.colcon_core.package_identification:_identify(install) by extensions ['ignore', 'ignore_ament_install']
[0.883s] Level 1:colcon.colcon_core.package_identification:_identify(install) by extension 'ignore'
[0.884s] Level 1:colcon.colcon_core.package_identification:_identify(install) ignored
[0.884s] Level 1:colcon.colcon_core.package_identification:_identify(log) by extensions ['ignore', 'ignore_ament_install']
[0.884s] Level 1:colcon.colcon_core.package_identification:_identify(log) by extension 'ignore'
[0.884s] Level 1:colcon.colcon_core.package_identification:_identify(log) ignored
[0.884s] Level 1:colcon.colcon_core.package_identification:_identify(src) by extensions ['ignore', 'ignore_ament_install']
[0.884s] Level 1:colcon.colcon_core.package_identification:_identify(src) by extension 'ignore'
[0.884s] Level 1:colcon.colcon_core.package_identification:_identify(src) by extension 'ignore_ament_install'
[0.884s] Level 1:colcon.colcon_core.package_identification:_identify(src) by extensions ['colcon_pkg']
[0.884s] Level 1:colcon.colcon_core.package_identification:_identify(src) by extension 'colcon_pkg'
[0.884s] Level 1:colcon.colcon_core.package_identification:_identify(src) by extensions ['colcon_meta']
[0.885s] Level 1:colcon.colcon_core.package_identification:_identify(src) by extension 'colcon_meta'
[0.885s] Level 1:colcon.colcon_core.package_identification:_identify(src) by extensions ['ros']
[0.885s] Level 1:colcon.colcon_core.package_identification:_identify(src) by extension 'ros'
[0.885s] Level 1:colcon.colcon_core.package_identification:_identify(src) by extensions ['cmake', 'python']
[0.885s] Level 1:colcon.colcon_core.package_identification:_identify(src) by extension 'cmake'
[0.885s] Level 1:colcon.colcon_core.package_identification:_identify(src) by extension 'python'
[0.885s] Level 1:colcon.colcon_core.package_identification:_identify(src) by extensions ['python_setup_py']
[0.885s] Level 1:colcon.colcon_core.package_identification:_identify(src) by extension 'python_setup_py'
[0.885s] Level 1:colcon.colcon_core.package_identification:_identify(src/my_node_py) by extensions ['ignore', 'ignore_ament_install']
[0.885s] Level 1:colcon.colcon_core.package_identification:_identify(src/my_node_py) by extension 'ignore'
[0.885s] Level 1:colcon.colcon_core.package_identification:_identify(src/my_node_py) by extension 'ignore_ament_install'
[0.886s] Level 1:colcon.colcon_core.package_identification:_identify(src/my_node_py) by extensions ['colcon_pkg']
[0.886s] Level 1:colcon.colcon_core.package_identification:_identify(src/my_node_py) by extension 'colcon_pkg'
[0.886s] Level 1:colcon.colcon_core.package_identification:_identify(src/my_node_py) by extensions ['colcon_meta']
[0.886s] Level 1:colcon.colcon_core.package_identification:_identify(src/my_node_py) by extension 'colcon_meta'
[0.886s] Level 1:colcon.colcon_core.package_identification:_identify(src/my_node_py) by extensions ['ros']
[0.886s] Level 1:colcon.colcon_core.package_identification:_identify(src/my_node_py) by extension 'ros'
[0.889s] DEBUG:colcon.colcon_core.package_identification:Package 'src/my_node_py' with type 'ros.ament_python' and name 'my_node_py'
[0.890s] Level 1:colcon.colcon_core.package_identification:_identify(src/node_temp_py) by extensions ['ignore', 'ignore_ament_install']
[0.890s] Level 1:colcon.colcon_core.package_identification:_identify(src/node_temp_py) by extension 'ignore'
[0.890s] Level 1:colcon.colcon_core.package_identification:_identify(src/node_temp_py) by extension 'ignore_ament_install'
[0.890s] Level 1:colcon.colcon_core.package_identification:_identify(src/node_temp_py) by extensions ['colcon_pkg']
[0.890s] Level 1:colcon.colcon_core.package_identification:_identify(src/node_temp_py) by extension 'colcon_pkg'
[0.890s] Level 1:colcon.colcon_core.package_identification:_identify(src/node_temp_py) by extensions ['colcon_meta']
[0.890s] Level 1:colcon.colcon_core.package_identification:_identify(src/node_temp_py) by extension 'colcon_meta'
[0.890s] Level 1:colcon.colcon_core.package_identification:_identify(src/node_temp_py) by extensions ['ros']
[0.890s] Level 1:colcon.colcon_core.package_identification:_identify(src/node_temp_py) by extension 'ros'
[0.891s] DEBUG:colcon.colcon_core.package_identification:Package 'src/node_temp_py' with type 'ros.ament_python' and name 'node_temp_py'
[0.891s] Level 1:colcon.colcon_core.package_identification:_identify(src/param_demo) by extensions ['ignore', 'ignore_ament_install']
[0.891s] Level 1:colcon.colcon_core.package_identification:_identify(src/param_demo) by extension 'ignore'
[0.891s] Level 1:colcon.colcon_core.package_identification:_identify(src/param_demo) by extension 'ignore_ament_install'
[0.892s] Level 1:colcon.colcon_core.package_identification:_identify(src/param_demo) by extensions ['colcon_pkg']
[0.892s] Level 1:colcon.colcon_core.package_identification:_identify(src/param_demo) by extension 'colcon_pkg'
[0.892s] Level 1:colcon.colcon_core.package_identification:_identify(src/param_demo) by extensions ['colcon_meta']
[0.892s] Level 1:colcon.colcon_core.package_identification:_identify(src/param_demo) by extension 'colcon_meta'
[0.892s] Level 1:colcon.colcon_core.package_identification:_identify(src/param_demo) by extensions ['ros']
[0.892s] Level 1:colcon.colcon_core.package_identification:_identify(src/param_demo) by extension 'ros'
[0.893s] DEBUG:colcon.colcon_core.package_identification:Package 'src/param_demo' with type 'ros.ament_python' and name 'param_demo'
[0.893s] Level 1:colcon.colcon_core.package_discovery:discover_packages(recursive) using defaults
[0.893s] Level 1:colcon.colcon_core.package_discovery:discover_packages(ignore) discover
[0.893s] Level 1:colcon.colcon_core.package_discovery:discover_packages(ignore) using defaults
[0.893s] Level 1:colcon.colcon_core.package_discovery:discover_packages(path) discover
[0.893s] Level 1:colcon.colcon_core.package_discovery:discover_packages(path) using defaults
[0.926s] Level 1:colcon.colcon_core.package_discovery:discover_packages(prefix_path) check parameters
[0.926s] Level 1:colcon.colcon_core.package_discovery:discover_packages(prefix_path) discover
[0.930s] DEBUG:colcon.colcon_installed_package_information.package_discovery:Found 3 installed packages in /home/mfauzi/ros-fkee/ch3/ros2_ws/install
[0.933s] DEBUG:colcon.colcon_installed_package_information.package_discovery:Found 342 installed packages in /opt/ros/jazzy
[0.935s] Level 1:colcon.colcon_core.package_discovery:discover_packages(prefix_path) using defaults
[1.086s] Level 5:colcon.colcon_core.verb:set package 'my_node_py' build argument 'cmake_args' from command line to 'None'
[1.086s] Level 5:colcon.colcon_core.verb:set package 'my_node_py' build argument 'cmake_target' from command line to 'None'
[1.086s] Level 5:colcon.colcon_core.verb:set package 'my_node_py' build argument 'cmake_target_skip_unavailable' from command line to 'False'
[1.087s] Level 5:colcon.colcon_core.verb:set package 'my_node_py' build argument 'cmake_clean_cache' from command line to 'False'
[1.087s] Level 5:colcon.colcon_core.verb:set package 'my_node_py' build argument 'cmake_clean_first' from command line to 'False'
[1.087s] Level 5:colcon.colcon_core.verb:set package 'my_node_py' build argument 'cmake_force_configure' from command line to 'False'
[1.087s] Level 5:colcon.colcon_core.verb:set package 'my_node_py' build argument 'ament_cmake_args' from command line to 'None'
[1.087s] Level 5:colcon.colcon_core.verb:set package 'my_node_py' build argument 'catkin_cmake_args' from command line to 'None'
[1.087s] Level 5:colcon.colcon_core.verb:set package 'my_node_py' build argument 'catkin_skip_building_tests' from command line to 'False'
[1.087s] DEBUG:colcon.colcon_core.verb:Building package 'my_node_py' with the following arguments: {'ament_cmake_args': None, 'build_base': '/home/mfauzi/ros-fkee/ch3/ros2_ws/build/my_node_py', 'catkin_cmake_args': None, 'catkin_skip_building_tests': False, 'cmake_args': None, 'cmake_clean_cache': False, 'cmake_clean_first': False, 'cmake_force_configure': False, 'cmake_target': None, 'cmake_target_skip_unavailable': False, 'install_base': '/home/mfauzi/ros-fkee/ch3/ros2_ws/install/my_node_py', 'merge_install': False, 'path': '/home/mfauzi/ros-fkee/ch3/ros2_ws/src/my_node_py', 'symlink_install': False, 'test_result_base': None}
[1.087s] Level 5:colcon.colcon_core.verb:set package 'node_temp_py' build argument 'cmake_args' from command line to 'None'
[1.087s] Level 5:colcon.colcon_core.verb:set package 'node_temp_py' build argument 'cmake_target' from command line to 'None'
[1.087s] Level 5:colcon.colcon_core.verb:set package 'node_temp_py' build argument 'cmake_target_skip_unavailable' from command line to 'False'
[1.087s] Level 5:colcon.colcon_core.verb:set package 'node_temp_py' build argument 'cmake_clean_cache' from command line to 'False'
[1.087s] Level 5:colcon.colcon_core.verb:set package 'node_temp_py' build argument 'cmake_clean_first' from command line to 'False'
[1.087s] Level 5:colcon.colcon_core.verb:set package 'node_temp_py' build argument 'cmake_force_configure' from command line to 'False'
[1.087s] Level 5:colcon.colcon_core.verb:set package 'node_temp_py' build argument 'ament_cmake_args' from command line to 'None'
[1.087s] Level 5:colcon.colcon_core.verb:set package 'node_temp_py' build argument 'catkin_cmake_args' from command line to 'None'
[1.087s] Level 5:colcon.colcon_core.verb:set package 'node_temp_py' build argument 'catkin_skip_building_tests' from command line to 'False'
[1.087s] DEBUG:colcon.colcon_core.verb:Building package 'node_temp_py' with the following arguments: {'ament_cmake_args': None, 'build_base': '/home/mfauzi/ros-fkee/ch3/ros2_ws/build/node_temp_py', 'catkin_cmake_args': None, 'catkin_skip_building_tests': False, 'cmake_args': None, 'cmake_clean_cache': False, 'cmake_clean_first': False, 'cmake_force_configure': False, 'cmake_target': None, 'cmake_target_skip_unavailable': False, 'install_base': '/home/mfauzi/ros-fkee/ch3/ros2_ws/install/node_temp_py', 'merge_install': False, 'path': '/home/mfauzi/ros-fkee/ch3/ros2_ws/src/node_temp_py', 'symlink_install': False, 'test_result_base': None}
[1.087s] Level 5:colcon.colcon_core.verb:set package 'param_demo' build argument 'cmake_args' from command line to 'None'
[1.087s] Level 5:colcon.colcon_core.verb:set package 'param_demo' build argument 'cmake_target' from command line to 'None'
[1.087s] Level 5:colcon.colcon_core.verb:set package 'param_demo' build argument 'cmake_target_skip_unavailable' from command line to 'False'
[1.087s] Level 5:colcon.colcon_core.verb:set package 'param_demo' build argument 'cmake_clean_cache' from command line to 'False'
[1.087s] Level 5:colcon.colcon_core.verb:set package 'param_demo' build argument 'cmake_clean_first' from command line to 'False'
[1.087s] Level 5:colcon.colcon_core.verb:set package 'param_demo' build argument 'cmake_force_configure' from command line to 'False'
[1.087s] Level 5:colcon.colcon_core.verb:set package 'param_demo' build argument 'ament_cmake_args' from command line to 'None'
[1.087s] Level 5:colcon.colcon_core.verb:set package 'param_demo' build argument 'catkin_cmake_args' from command line to 'None'
[1.087s] Level 5:colcon.colcon_core.verb:set package 'param_demo' build argument 'catkin_skip_building_tests' from command line to 'False'
[1.087s] DEBUG:colcon.colcon_core.verb:Building package 'param_demo' with the following arguments: {'ament_cmake_args': None, 'build_base': '/home/mfauzi/ros-fkee/ch3/ros2_ws/build/param_demo', 'catkin_cmake_args': None, 'catkin_skip_building_tests': False, 'cmake_args': None, 'cmake_clean_cache': False, 'cmake_clean_first': False, 'cmake_force_configure': False, 'cmake_target': None, 'cmake_target_skip_unavailable': False, 'install_base': '/home/mfauzi/ros-fkee/ch3/ros2_ws/install/param_demo', 'merge_install': False, 'path': '/home/mfauzi/ros-fkee/ch3/ros2_ws/src/param_demo', 'symlink_install': False, 'test_result_base': None}
[1.087s] INFO:colcon.colcon_core.executor:Executing jobs using 'parallel' executor
[1.089s] DEBUG:colcon.colcon_parallel_executor.executor.parallel:run_until_complete
[1.090s] INFO:colcon.colcon_ros.task.ament_python.build:Building ROS package in '/home/mfauzi/ros-fkee/ch3/ros2_ws/src/my_node_py' with build type 'ament_python'
[1.090s] Level 1:colcon.colcon_core.shell:create_environment_hook('my_node_py', 'ament_prefix_path')
[1.099s] INFO:colcon.colcon_core.plugin_system:Skipping extension 'colcon_core.shell.bat': Not used on non-Windows systems
[1.099s] INFO:colcon.colcon_core.shell:Creating environment hook '/home/mfauzi/ros-fkee/ch3/ros2_ws/install/my_node_py/share/my_node_py/hook/ament_prefix_path.ps1'
[1.100s] INFO:colcon.colcon_core.shell:Creating environment descriptor '/home/mfauzi/ros-fkee/ch3/ros2_ws/install/my_node_py/share/my_node_py/hook/ament_prefix_path.dsv'
[1.101s] INFO:colcon.colcon_core.shell:Creating environment hook '/home/mfauzi/ros-fkee/ch3/ros2_ws/install/my_node_py/share/my_node_py/hook/ament_prefix_path.sh'
[1.102s] INFO:colcon.colcon_core.shell:Skip shell extension 'powershell' for command environment: Not usable outside of PowerShell
[1.102s] DEBUG:colcon.colcon_core.shell:Skip shell extension 'dsv' for command environment
[1.106s] INFO:colcon.colcon_ros.task.ament_python.build:Building ROS package in '/home/mfauzi/ros-fkee/ch3/ros2_ws/src/node_temp_py' with build type 'ament_python'
[1.107s] Level 1:colcon.colcon_core.shell:create_environment_hook('node_temp_py', 'ament_prefix_path')
[1.108s] INFO:colcon.colcon_core.shell:Creating environment hook '/home/mfauzi/ros-fkee/ch3/ros2_ws/install/node_temp_py/share/node_temp_py/hook/ament_prefix_path.ps1'
[1.110s] INFO:colcon.colcon_core.shell:Creating environment descriptor '/home/mfauzi/ros-fkee/ch3/ros2_ws/install/node_temp_py/share/node_temp_py/hook/ament_prefix_path.dsv'
[1.111s] INFO:colcon.colcon_core.shell:Creating environment hook '/home/mfauzi/ros-fkee/ch3/ros2_ws/install/node_temp_py/share/node_temp_py/hook/ament_prefix_path.sh'
[1.112s] INFO:colcon.colcon_core.shell:Skip shell extension 'powershell' for command environment: Not usable outside of PowerShell
[1.112s] DEBUG:colcon.colcon_core.shell:Skip shell extension 'dsv' for command environment
[1.115s] INFO:colcon.colcon_ros.task.ament_python.build:Building ROS package in '/home/mfauzi/ros-fkee/ch3/ros2_ws/src/param_demo' with build type 'ament_python'
[1.115s] Level 1:colcon.colcon_core.shell:create_environment_hook('param_demo', 'ament_prefix_path')
[1.116s] INFO:colcon.colcon_core.shell:Creating environment hook '/home/mfauzi/ros-fkee/ch3/ros2_ws/install/param_demo/share/param_demo/hook/ament_prefix_path.ps1'
[1.117s] INFO:colcon.colcon_core.shell:Creating environment descriptor '/home/mfauzi/ros-fkee/ch3/ros2_ws/install/param_demo/share/param_demo/hook/ament_prefix_path.dsv'
[1.117s] INFO:colcon.colcon_core.shell:Creating environment hook '/home/mfauzi/ros-fkee/ch3/ros2_ws/install/param_demo/share/param_demo/hook/ament_prefix_path.sh'
[1.118s] INFO:colcon.colcon_core.shell:Skip shell extension 'powershell' for command environment: Not usable outside of PowerShell
[1.118s] DEBUG:colcon.colcon_core.shell:Skip shell extension 'dsv' for command environment
[1.333s] INFO:colcon.colcon_core.task.python.build:Building Python package in '/home/mfauzi/ros-fkee/ch3/ros2_ws/src/my_node_py'
[1.333s] INFO:colcon.colcon_core.shell:Skip shell extension 'powershell' for command environment: Not usable outside of PowerShell
[1.333s] DEBUG:colcon.colcon_core.shell:Skip shell extension 'dsv' for command environment
[1.517s] INFO:colcon.colcon_core.task.python.build:Building Python package in '/home/mfauzi/ros-fkee/ch3/ros2_ws/src/node_temp_py'
[1.518s] INFO:colcon.colcon_core.shell:Skip shell extension 'powershell' for command environment: Not usable outside of PowerShell
[1.518s] DEBUG:colcon.colcon_core.shell:Skip shell extension 'dsv' for command environment
[1.700s] INFO:colcon.colcon_core.task.python.build:Building Python package in '/home/mfauzi/ros-fkee/ch3/ros2_ws/src/param_demo'
[1.701s] INFO:colcon.colcon_core.shell:Skip shell extension 'powershell' for command environment: Not usable outside of PowerShell
[1.701s] DEBUG:colcon.colcon_core.shell:Skip shell extension 'dsv' for command environment
[2.650s] DEBUG:colcon.colcon_core.event_handler.log_command:Invoking command in '/home/mfauzi/ros-fkee/ch3/ros2_ws/src/my_node_py': PYTHONPATH=/home/mfauzi/ros-fkee/ch3/ros2_ws/build/my_node_py/prefix_override:/usr/lib/python3/dist-packages/colcon_core/task/python/colcon_distutils_commands:/home/mfauzi/ros-fkee/ch3/ros2_ws/install/my_node_py/lib/python3.12/site-packages:${PYTHONPATH} /usr/bin/python3 -W ignore:setup.py install is deprecated -W ignore:easy_install command is deprecated setup.py egg_info --egg-base ../../build/my_node_py build --build-base /home/mfauzi/ros-fkee/ch3/ros2_ws/build/my_node_py/build install --record /home/mfauzi/ros-fkee/ch3/ros2_ws/build/my_node_py/install.log --single-version-externally-managed install_data
[2.660s] DEBUG:colcon.colcon_core.event_handler.log_command:Invoking command in '/home/mfauzi/ros-fkee/ch3/ros2_ws/src/node_temp_py': PYTHONPATH=/home/mfauzi/ros-fkee/ch3/ros2_ws/build/node_temp_py/prefix_override:/usr/lib/python3/dist-packages/colcon_core/task/python/colcon_distutils_commands:/home/mfauzi/ros-fkee/ch3/ros2_ws/install/node_temp_py/lib/python3.12/site-packages:${PYTHONPATH} /usr/bin/python3 -W ignore:setup.py install is deprecated -W ignore:easy_install command is deprecated setup.py egg_info --egg-base ../../build/node_temp_py build --build-base /home/mfauzi/ros-fkee/ch3/ros2_ws/build/node_temp_py/build install --record /home/mfauzi/ros-fkee/ch3/ros2_ws/build/node_temp_py/install.log --single-version-externally-managed install_data
[2.663s] DEBUG:colcon.colcon_core.event_handler.log_command:Invoking command in '/home/mfauzi/ros-fkee/ch3/ros2_ws/src/param_demo': PYTHONPATH=/home/mfauzi/ros-fkee/ch3/ros2_ws/build/param_demo/prefix_override:/usr/lib/python3/dist-packages/colcon_core/task/python/colcon_distutils_commands:/home/mfauzi/ros-fkee/ch3/ros2_ws/install/param_demo/lib/python3.12/site-packages:${PYTHONPATH} /usr/bin/python3 -W ignore:setup.py install is deprecated -W ignore:easy_install command is deprecated setup.py egg_info --egg-base ../../build/param_demo build --build-base /home/mfauzi/ros-fkee/ch3/ros2_ws/build/param_demo/build install --record /home/mfauzi/ros-fkee/ch3/ros2_ws/build/param_demo/install.log --single-version-externally-managed install_data
[3.044s] DEBUG:colcon.colcon_core.event_handler.log_command:Invoked command in '/home/mfauzi/ros-fkee/ch3/ros2_ws/src/param_demo' returned '0': PYTHONPATH=/home/mfauzi/ros-fkee/ch3/ros2_ws/build/param_demo/prefix_override:/usr/lib/python3/dist-packages/colcon_core/task/python/colcon_distutils_commands:/home/mfauzi/ros-fkee/ch3/ros2_ws/install/param_demo/lib/python3.12/site-packages:${PYTHONPATH} /usr/bin/python3 -W ignore:setup.py install is deprecated -W ignore:easy_install command is deprecated setup.py egg_info --egg-base ../../build/param_demo build --build-base /home/mfauzi/ros-fkee/ch3/ros2_ws/build/param_demo/build install --record /home/mfauzi/ros-fkee/ch3/ros2_ws/build/param_demo/install.log --single-version-externally-managed install_data
[3.050s] Level 1:colcon.colcon_core.environment:checking '/home/mfauzi/ros-fkee/ch3/ros2_ws/install/param_demo' for CMake module files
[3.051s] Level 1:colcon.colcon_core.environment:checking '/home/mfauzi/ros-fkee/ch3/ros2_ws/install/param_demo' for CMake config files
[3.051s] Level 1:colcon.colcon_core.environment:checking '/home/mfauzi/ros-fkee/ch3/ros2_ws/install/param_demo/lib'
[3.052s] Level 1:colcon.colcon_core.environment:checking '/home/mfauzi/ros-fkee/ch3/ros2_ws/install/param_demo/bin'
[3.052s] Level 1:colcon.colcon_core.environment:checking '/home/mfauzi/ros-fkee/ch3/ros2_ws/install/param_demo/lib/pkgconfig/param_demo.pc'
[3.052s] Level 1:colcon.colcon_core.environment:checking '/home/mfauzi/ros-fkee/ch3/ros2_ws/install/param_demo/lib/python3.12/site-packages'
[3.052s] Level 1:colcon.colcon_core.shell:create_environment_hook('param_demo', 'pythonpath')
[3.052s] INFO:colcon.colcon_core.shell:Creating environment hook '/home/mfauzi/ros-fkee/ch3/ros2_ws/install/param_demo/share/param_demo/hook/pythonpath.ps1'
[3.053s] INFO:colcon.colcon_core.shell:Creating environment descriptor '/home/mfauzi/ros-fkee/ch3/ros2_ws/install/param_demo/share/param_demo/hook/pythonpath.dsv'
[3.054s] INFO:colcon.colcon_core.shell:Creating environment hook '/home/mfauzi/ros-fkee/ch3/ros2_ws/install/param_demo/share/param_demo/hook/pythonpath.sh'
[3.055s] Level 1:colcon.colcon_core.environment:checking '/home/mfauzi/ros-fkee/ch3/ros2_ws/install/param_demo/bin'
[3.055s] Level 1:colcon.colcon_core.environment:create_environment_scripts_only(param_demo)
[3.055s] INFO:colcon.colcon_core.shell:Creating package script '/home/mfauzi/ros-fkee/ch3/ros2_ws/install/param_demo/share/param_demo/package.ps1'
[3.057s] INFO:colcon.colcon_core.shell:Creating package descriptor '/home/mfauzi/ros-fkee/ch3/ros2_ws/install/param_demo/share/param_demo/package.dsv'
[3.058s] INFO:colcon.colcon_core.shell:Creating package script '/home/mfauzi/ros-fkee/ch3/ros2_ws/install/param_demo/share/param_demo/package.sh'
[3.059s] INFO:colcon.colcon_core.shell:Creating package script '/home/mfauzi/ros-fkee/ch3/ros2_ws/install/param_demo/share/param_demo/package.bash'
[3.059s] INFO:colcon.colcon_core.shell:Creating package script '/home/mfauzi/ros-fkee/ch3/ros2_ws/install/param_demo/share/param_demo/package.zsh'
[3.060s] Level 1:colcon.colcon_core.environment:create_file_with_runtime_dependencies(/home/mfauzi/ros-fkee/ch3/ros2_ws/install/param_demo/share/colcon-core/packages/param_demo)
[3.068s] Level 1:colcon.colcon_core.environment:checking '/home/mfauzi/ros-fkee/ch3/ros2_ws/install/node_temp_py' for CMake module files
[3.069s] DEBUG:colcon.colcon_core.event_handler.log_command:Invoked command in '/home/mfauzi/ros-fkee/ch3/ros2_ws/src/node_temp_py' returned '0': PYTHONPATH=/home/mfauzi/ros-fkee/ch3/ros2_ws/build/node_temp_py/prefix_override:/usr/lib/python3/dist-packages/colcon_core/task/python/colcon_distutils_commands:/home/mfauzi/ros-fkee/ch3/ros2_ws/install/node_temp_py/lib/python3.12/site-packages:${PYTHONPATH} /usr/bin/python3 -W ignore:setup.py install is deprecated -W ignore:easy_install command is deprecated setup.py egg_info --egg-base ../../build/node_temp_py build --build-base /home/mfauzi/ros-fkee/ch3/ros2_ws/build/node_temp_py/build install --record /home/mfauzi/ros-fkee/ch3/ros2_ws/build/node_temp_py/install.log --single-version-externally-managed install_data
[3.069s] Level 1:colcon.colcon_core.environment:checking '/home/mfauzi/ros-fkee/ch3/ros2_ws/install/node_temp_py' for CMake config files
[3.070s] Level 1:colcon.colcon_core.environment:checking '/home/mfauzi/ros-fkee/ch3/ros2_ws/install/node_temp_py/lib'
[3.070s] Level 1:colcon.colcon_core.environment:checking '/home/mfauzi/ros-fkee/ch3/ros2_ws/install/node_temp_py/bin'
[3.070s] Level 1:colcon.colcon_core.environment:checking '/home/mfauzi/ros-fkee/ch3/ros2_ws/install/node_temp_py/lib/pkgconfig/node_temp_py.pc'
[3.070s] Level 1:colcon.colcon_core.environment:checking '/home/mfauzi/ros-fkee/ch3/ros2_ws/install/node_temp_py/lib/python3.12/site-packages'
[3.070s] Level 1:colcon.colcon_core.shell:create_environment_hook('node_temp_py', 'pythonpath')
[3.071s] INFO:colcon.colcon_core.shell:Creating environment hook '/home/mfauzi/ros-fkee/ch3/ros2_ws/install/node_temp_py/share/node_temp_py/hook/pythonpath.ps1'
[3.071s] INFO:colcon.colcon_core.shell:Creating environment descriptor '/home/mfauzi/ros-fkee/ch3/ros2_ws/install/node_temp_py/share/node_temp_py/hook/pythonpath.dsv'
[3.072s] INFO:colcon.colcon_core.shell:Creating environment hook '/home/mfauzi/ros-fkee/ch3/ros2_ws/install/node_temp_py/share/node_temp_py/hook/pythonpath.sh'
[3.072s] Level 1:colcon.colcon_core.environment:checking '/home/mfauzi/ros-fkee/ch3/ros2_ws/install/node_temp_py/bin'
[3.073s] Level 1:colcon.colcon_core.environment:create_environment_scripts_only(node_temp_py)
[3.073s] INFO:colcon.colcon_core.shell:Creating package script '/home/mfauzi/ros-fkee/ch3/ros2_ws/install/node_temp_py/share/node_temp_py/package.ps1'
[3.074s] INFO:colcon.colcon_core.shell:Creating package descriptor '/home/mfauzi/ros-fkee/ch3/ros2_ws/install/node_temp_py/share/node_temp_py/package.dsv'
[3.075s] INFO:colcon.colcon_core.shell:Creating package script '/home/mfauzi/ros-fkee/ch3/ros2_ws/install/node_temp_py/share/node_temp_py/package.sh'
[3.076s] INFO:colcon.colcon_core.shell:Creating package script '/home/mfauzi/ros-fkee/ch3/ros2_ws/install/node_temp_py/share/node_temp_py/package.bash'
[3.076s] INFO:colcon.colcon_core.shell:Creating package script '/home/mfauzi/ros-fkee/ch3/ros2_ws/install/node_temp_py/share/node_temp_py/package.zsh'
[3.077s] Level 1:colcon.colcon_core.environment:create_file_with_runtime_dependencies(/home/mfauzi/ros-fkee/ch3/ros2_ws/install/node_temp_py/share/colcon-core/packages/node_temp_py)
[3.079s] Level 1:colcon.colcon_core.environment:checking '/home/mfauzi/ros-fkee/ch3/ros2_ws/install/my_node_py' for CMake module files
[3.080s] DEBUG:colcon.colcon_core.event_handler.log_command:Invoked command in '/home/mfauzi/ros-fkee/ch3/ros2_ws/src/my_node_py' returned '0': PYTHONPATH=/home/mfauzi/ros-fkee/ch3/ros2_ws/build/my_node_py/prefix_override:/usr/lib/python3/dist-packages/colcon_core/task/python/colcon_distutils_commands:/home/mfauzi/ros-fkee/ch3/ros2_ws/install/my_node_py/lib/python3.12/site-packages:${PYTHONPATH} /usr/bin/python3 -W ignore:setup.py install is deprecated -W ignore:easy_install command is deprecated setup.py egg_info --egg-base ../../build/my_node_py build --build-base /home/mfauzi/ros-fkee/ch3/ros2_ws/build/my_node_py/build install --record /home/mfauzi/ros-fkee/ch3/ros2_ws/build/my_node_py/install.log --single-version-externally-managed install_data
[3.081s] Level 1:colcon.colcon_core.environment:checking '/home/mfauzi/ros-fkee/ch3/ros2_ws/install/my_node_py' for CMake config files
[3.081s] Level 1:colcon.colcon_core.environment:checking '/home/mfauzi/ros-fkee/ch3/ros2_ws/install/my_node_py/lib'
[3.081s] Level 1:colcon.colcon_core.environment:checking '/home/mfauzi/ros-fkee/ch3/ros2_ws/install/my_node_py/bin'
[3.082s] Level 1:colcon.colcon_core.environment:checking '/home/mfauzi/ros-fkee/ch3/ros2_ws/install/my_node_py/lib/pkgconfig/my_node_py.pc'
[3.082s] Level 1:colcon.colcon_core.environment:checking '/home/mfauzi/ros-fkee/ch3/ros2_ws/install/my_node_py/lib/python3.12/site-packages'
[3.082s] Level 1:colcon.colcon_core.shell:create_environment_hook('my_node_py', 'pythonpath')
[3.082s] INFO:colcon.colcon_core.shell:Creating environment hook '/home/mfauzi/ros-fkee/ch3/ros2_ws/install/my_node_py/share/my_node_py/hook/pythonpath.ps1'
[3.083s] INFO:colcon.colcon_core.shell:Creating environment descriptor '/home/mfauzi/ros-fkee/ch3/ros2_ws/install/my_node_py/share/my_node_py/hook/pythonpath.dsv'
[3.083s] INFO:colcon.colcon_core.shell:Creating environment hook '/home/mfauzi/ros-fkee/ch3/ros2_ws/install/my_node_py/share/my_node_py/hook/pythonpath.sh'
[3.084s] Level 1:colcon.colcon_core.environment:checking '/home/mfauzi/ros-fkee/ch3/ros2_ws/install/my_node_py/bin'
[3.084s] Level 1:colcon.colcon_core.environment:create_environment_scripts_only(my_node_py)
[3.084s] INFO:colcon.colcon_core.shell:Creating package script '/home/mfauzi/ros-fkee/ch3/ros2_ws/install/my_node_py/share/my_node_py/package.ps1'
[3.084s] INFO:colcon.colcon_core.shell:Creating package descriptor '/home/mfauzi/ros-fkee/ch3/ros2_ws/install/my_node_py/share/my_node_py/package.dsv'
[3.085s] INFO:colcon.colcon_core.shell:Creating package script '/home/mfauzi/ros-fkee/ch3/ros2_ws/install/my_node_py/share/my_node_py/package.sh'
[3.086s] INFO:colcon.colcon_core.shell:Creating package script '/home/mfauzi/ros-fkee/ch3/ros2_ws/install/my_node_py/share/my_node_py/package.bash'
[3.086s] INFO:colcon.colcon_core.shell:Creating package script '/home/mfauzi/ros-fkee/ch3/ros2_ws/install/my_node_py/share/my_node_py/package.zsh'
[3.086s] Level 1:colcon.colcon_core.environment:create_file_with_runtime_dependencies(/home/mfauzi/ros-fkee/ch3/ros2_ws/install/my_node_py/share/colcon-core/packages/my_node_py)
[3.087s] DEBUG:colcon.colcon_parallel_executor.executor.parallel:closing loop
[3.087s] DEBUG:colcon.colcon_parallel_executor.executor.parallel:loop closed
[3.088s] DEBUG:colcon.colcon_parallel_executor.executor.parallel:run_until_complete finished with '0'
[3.089s] DEBUG:colcon.colcon_core.event_reactor:joining thread
[3.108s] INFO:colcon.colcon_core.plugin_system:Skipping extension 'colcon_notification.desktop_notification.notify_send': Could not find 'notify-send'
[3.108s] INFO:colcon.colcon_core.plugin_system:Skipping extension 'colcon_notification.desktop_notification.terminal_notifier': Not used on non-Darwin systems
[3.109s] INFO:colcon.colcon_core.plugin_system:Skipping extension 'colcon_notification.desktop_notification.win32': Not used on non-Windows systems
[3.109s] INFO:colcon.colcon_notification.desktop_notification:Sending desktop notification using 'notify2'
[3.110s] DEBUG:colcon.colcon_notification.desktop_notification.notify2:Failed to initialize notify2: org.freedesktop.DBus.Error.ServiceUnknown: The name org.freedesktop.Notifications was not provided by any .service files
[3.111s] DEBUG:colcon.colcon_core.event_reactor:joined thread
[3.111s] INFO:colcon.colcon_core.shell:Creating prefix script '/home/mfauzi/ros-fkee/ch3/ros2_ws/install/local_setup.ps1'
[3.112s] INFO:colcon.colcon_core.shell:Creating prefix util module '/home/mfauzi/ros-fkee/ch3/ros2_ws/install/_local_setup_util_ps1.py'
[3.113s] INFO:colcon.colcon_core.shell:Creating prefix chain script '/home/mfauzi/ros-fkee/ch3/ros2_ws/install/setup.ps1'
[3.114s] INFO:colcon.colcon_core.shell:Creating prefix script '/home/mfauzi/ros-fkee/ch3/ros2_ws/install/local_setup.sh'
[3.115s] INFO:colcon.colcon_core.shell:Creating prefix util module '/home/mfauzi/ros-fkee/ch3/ros2_ws/install/_local_setup_util_sh.py'
[3.115s] INFO:colcon.colcon_core.shell:Creating prefix chain script '/home/mfauzi/ros-fkee/ch3/ros2_ws/install/setup.sh'
[3.116s] INFO:colcon.colcon_core.shell:Creating prefix script '/home/mfauzi/ros-fkee/ch3/ros2_ws/install/local_setup.bash'
[3.117s] INFO:colcon.colcon_core.shell:Creating prefix chain script '/home/mfauzi/ros-fkee/ch3/ros2_ws/install/setup.bash'
[3.118s] INFO:colcon.colcon_core.shell:Creating prefix script '/home/mfauzi/ros-fkee/ch3/ros2_ws/install/local_setup.zsh'
[3.119s] INFO:colcon.colcon_core.shell:Creating prefix chain script '/home/mfauzi/ros-fkee/ch3/ros2_ws/install/setup.zsh'
