[1.336s] Invoking command in '/home/mfauzi/mfLab5/src/lab5_simulation': PYTHONPATH=/home/mfauzi/mfLab5/build/lab5_simulation/prefix_override:/usr/lib/python3/dist-packages/colcon_core/task/python/colcon_distutils_commands:/home/mfauzi/mfLab5/install/lab5_simulation/lib/python3.12/site-packages:${PYTHONPATH} /usr/bin/python3 -W ignore:setup.py install is deprecated -W ignore:easy_install command is deprecated setup.py egg_info --egg-base ../../build/lab5_simulation build --build-base /home/mfauzi/mfLab5/build/lab5_simulation/build install --record /home/mfauzi/mfLab5/build/lab5_simulation/install.log --single-version-externally-managed install_data
[1.562s] running egg_info
[1.579s] writing ../../build/lab5_simulation/lab5_simulation.egg-info/PKG-INFO
[1.587s] writing dependency_links to ../../build/lab5_simulation/lab5_simulation.egg-info/dependency_links.txt
[1.587s] writing entry points to ../../build/lab5_simulation/lab5_simulation.egg-info/entry_points.txt
[1.587s] writing requirements to ../../build/lab5_simulation/lab5_simulation.egg-info/requires.txt
[1.587s] writing top-level names to ../../build/lab5_simulation/lab5_simulation.egg-info/top_level.txt
[1.623s] reading manifest file '../../build/lab5_simulation/lab5_simulation.egg-info/SOURCES.txt'
[1.624s] writing manifest file '../../build/lab5_simulation/lab5_simulation.egg-info/SOURCES.txt'
[1.624s] running build
[1.625s] running build_py
[1.626s] running install
[1.631s] running install_lib
[1.649s] running install_data
[1.649s] copying urdf/diff_bot.urdf.xacro -> /home/mfauzi/mfLab5/install/lab5_simulation/share/lab5_simulation/urdf
[1.649s] running install_egg_info
[1.664s] removing '/home/mfauzi/mfLab5/install/lab5_simulation/lib/python3.12/site-packages/lab5_simulation-0.0.0-py3.12.egg-info' (and everything under it)
[1.665s] Copying ../../build/lab5_simulation/lab5_simulation.egg-info to /home/mfauzi/mfLab5/install/lab5_simulation/lib/python3.12/site-packages/lab5_simulation-0.0.0-py3.12.egg-info
[1.672s] running install_scripts
[1.788s] Installing timed_mover script to /home/mfauzi/mfLab5/install/lab5_simulation/lib/lab5_simulation
[1.789s] writing list of installed files to '/home/mfauzi/mfLab5/build/lab5_simulation/install.log'
[1.815s] Invoked command in '/home/mfauzi/mfLab5/src/lab5_simulation' returned '0': PYTHONPATH=/home/mfauzi/mfLab5/build/lab5_simulation/prefix_override:/usr/lib/python3/dist-packages/colcon_core/task/python/colcon_distutils_commands:/home/mfauzi/mfLab5/install/lab5_simulation/lib/python3.12/site-packages:${PYTHONPATH} /usr/bin/python3 -W ignore:setup.py install is deprecated -W ignore:easy_install command is deprecated setup.py egg_info --egg-base ../../build/lab5_simulation build --build-base /home/mfauzi/mfLab5/build/lab5_simulation/build install --record /home/mfauzi/mfLab5/build/lab5_simulation/install.log --single-version-externally-managed install_data
