[1.829s] Invoking command in '/home/mfauzi/ros-fkee/ch3/ros2_ws/src/param_demo': PYTHONPATH=/home/mfauzi/ros-fkee/ch3/ros2_ws/build/param_demo/prefix_override:/usr/lib/python3/dist-packages/colcon_core/task/python/colcon_distutils_commands:/home/mfauzi/ros-fkee/ch3/ros2_ws/install/param_demo/lib/python3.12/site-packages:${PYTHONPATH} /usr/bin/python3 -W ignore:setup.py install is deprecated -W ignore:easy_install command is deprecated setup.py egg_info --egg-base ../../build/param_demo build --build-base /home/mfauzi/ros-fkee/ch3/ros2_ws/build/param_demo/build install --record /home/mfauzi/ros-fkee/ch3/ros2_ws/build/param_demo/install.log --single-version-externally-managed install_data
[2.046s] running egg_info
[2.071s] writing ../../build/param_demo/param_demo.egg-info/PKG-INFO
[2.072s] writing dependency_links to ../../build/param_demo/param_demo.egg-info/dependency_links.txt
[2.072s] writing entry points to ../../build/param_demo/param_demo.egg-info/entry_points.txt
[2.072s] writing requirements to ../../build/param_demo/param_demo.egg-info/requires.txt
[2.073s] writing top-level names to ../../build/param_demo/param_demo.egg-info/top_level.txt
[2.101s] reading manifest file '../../build/param_demo/param_demo.egg-info/SOURCES.txt'
[2.102s] writing manifest file '../../build/param_demo/param_demo.egg-info/SOURCES.txt'
[2.102s] running build
[2.103s] running build_py
[2.103s] copying param_demo/param_node.py -> /home/mfauzi/ros-fkee/ch3/ros2_ws/build/param_demo/build/lib/param_demo
[2.103s] running install
[2.107s] running install_lib
[2.124s] copying /home/mfauzi/ros-fkee/ch3/ros2_ws/build/param_demo/build/lib/param_demo/param_node.py -> /home/mfauzi/ros-fkee/ch3/ros2_ws/install/param_demo/lib/python3.12/site-packages/param_demo
[2.125s] byte-compiling /home/mfauzi/ros-fkee/ch3/ros2_ws/install/param_demo/lib/python3.12/site-packages/param_demo/param_node.py to param_node.cpython-312.pyc
[2.125s] running install_data
[2.126s] running install_egg_info
[2.144s] removing '/home/mfauzi/ros-fkee/ch3/ros2_ws/install/param_demo/lib/python3.12/site-packages/param_demo-0.0.0-py3.12.egg-info' (and everything under it)
[2.144s] Copying ../../build/param_demo/param_demo.egg-info to /home/mfauzi/ros-fkee/ch3/ros2_ws/install/param_demo/lib/python3.12/site-packages/param_demo-0.0.0-py3.12.egg-info
[2.147s] running install_scripts
[2.248s] Installing param_node script to /home/mfauzi/ros-fkee/ch3/ros2_ws/install/param_demo/lib/param_demo
[2.248s] writing list of installed files to '/home/mfauzi/ros-fkee/ch3/ros2_ws/build/param_demo/install.log'
[2.298s] Invoked command in '/home/mfauzi/ros-fkee/ch3/ros2_ws/src/param_demo' returned '0': PYTHONPATH=/home/mfauzi/ros-fkee/ch3/ros2_ws/build/param_demo/prefix_override:/usr/lib/python3/dist-packages/colcon_core/task/python/colcon_distutils_commands:/home/mfauzi/ros-fkee/ch3/ros2_ws/install/param_demo/lib/python3.12/site-packages:${PYTHONPATH} /usr/bin/python3 -W ignore:setup.py install is deprecated -W ignore:easy_install command is deprecated setup.py egg_info --egg-base ../../build/param_demo build --build-base /home/mfauzi/ros-fkee/ch3/ros2_ws/build/param_demo/build install --record /home/mfauzi/ros-fkee/ch3/ros2_ws/build/param_demo/install.log --single-version-externally-managed install_data
