running egg_info
creating ../../build/lab4_2wd_robot/lab4_2wd_robot.egg-info
writing ../../build/lab4_2wd_robot/lab4_2wd_robot.egg-info/PKG-INFO
writing dependency_links to ../../build/lab4_2wd_robot/lab4_2wd_robot.egg-info/dependency_links.txt
writing requirements to ../../build/lab4_2wd_robot/lab4_2wd_robot.egg-info/requires.txt
writing top-level names to ../../build/lab4_2wd_robot/lab4_2wd_robot.egg-info/top_level.txt
writing manifest file '../../build/lab4_2wd_robot/lab4_2wd_robot.egg-info/SOURCES.txt'
reading manifest file '../../build/lab4_2wd_robot/lab4_2wd_robot.egg-info/SOURCES.txt'
writing manifest file '../../build/lab4_2wd_robot/lab4_2wd_robot.egg-info/SOURCES.txt'
running build
running build_py
creating /home/mfauzi/lab-activity/lab4_g/build/lab4_2wd_robot/build
creating /home/mfauzi/lab-activity/lab4_g/build/lab4_2wd_robot/build/lib
creating /home/mfauzi/lab-activity/lab4_g/build/lab4_2wd_robot/build/lib/lab4_2wd_robot
copying lab4_2wd_robot/__init__.py -> /home/mfauzi/lab-activity/lab4_g/build/lab4_2wd_robot/build/lib/lab4_2wd_robot
running install
running install_lib
creating /home/mfauzi/lab-activity/lab4_g/install/lab4_2wd_robot/lib/python3.12/site-packages/lab4_2wd_robot
copying /home/mfauzi/lab-activity/lab4_g/build/lab4_2wd_robot/build/lib/lab4_2wd_robot/__init__.py -> /home/mfauzi/lab-activity/lab4_g/install/lab4_2wd_robot/lib/python3.12/site-packages/lab4_2wd_robot
byte-compiling /home/mfauzi/lab-activity/lab4_g/install/lab4_2wd_robot/lib/python3.12/site-packages/lab4_2wd_robot/__init__.py to __init__.cpython-312.pyc
running install_data
creating /home/mfauzi/lab-activity/lab4_g/install/lab4_2wd_robot/share/ament_index
creating /home/mfauzi/lab-activity/lab4_g/install/lab4_2wd_robot/share/ament_index/resource_index
creating /home/mfauzi/lab-activity/lab4_g/install/lab4_2wd_robot/share/ament_index/resource_index/packages
copying resource/lab4_2wd_robot -> /home/mfauzi/lab-activity/lab4_g/install/lab4_2wd_robot/share/ament_index/resource_index/packages
copying package.xml -> /home/mfauzi/lab-activity/lab4_g/install/lab4_2wd_robot/share/lab4_2wd_robot
creating /home/mfauzi/lab-activity/lab4_g/install/lab4_2wd_robot/share/lab4_2wd_robot/launch
copying launch/display.launch.py -> /home/mfauzi/lab-activity/lab4_g/install/lab4_2wd_robot/share/lab4_2wd_robot/launch
creating /home/mfauzi/lab-activity/lab4_g/install/lab4_2wd_robot/share/lab4_2wd_robot/urdf
copying urdf/diff_bot.urdf -> /home/mfauzi/lab-activity/lab4_g/install/lab4_2wd_robot/share/lab4_2wd_robot/urdf
running install_egg_info
Copying ../../build/lab4_2wd_robot/lab4_2wd_robot.egg-info to /home/mfauzi/lab-activity/lab4_g/install/lab4_2wd_robot/lib/python3.12/site-packages/lab4_2wd_robot-0.0.0-py3.12.egg-info
running install_scripts
writing list of installed files to '/home/mfauzi/lab-activity/lab4_g/build/lab4_2wd_robot/install.log'
