[0.992s] Invoking command in '/home/mfauzi/lab-activity/lab4_g/src/lab4_2wd_robot': PYTHONPATH=/home/mfauzi/lab-activity/lab4_g/build/lab4_2wd_robot/prefix_override:/usr/lib/python3/dist-packages/colcon_core/task/python/colcon_distutils_commands:/home/mfauzi/lab-activity/lab4_g/install/lab4_2wd_robot/lib/python3.12/site-packages:${PYTHONPATH} /usr/bin/python3 -W ignore:setup.py install is deprecated -W ignore:easy_install command is deprecated setup.py egg_info --egg-base ../../build/lab4_2wd_robot build --build-base /home/mfauzi/lab-activity/lab4_g/build/lab4_2wd_robot/build install --record /home/mfauzi/lab-activity/lab4_g/build/lab4_2wd_robot/install.log --single-version-externally-managed install_data
[1.192s] running egg_info
[1.192s] creating ../../build/lab4_2wd_robot/lab4_2wd_robot.egg-info
[1.202s] writing ../../build/lab4_2wd_robot/lab4_2wd_robot.egg-info/PKG-INFO
[1.202s] writing dependency_links to ../../build/lab4_2wd_robot/lab4_2wd_robot.egg-info/dependency_links.txt
[1.202s] writing requirements to ../../build/lab4_2wd_robot/lab4_2wd_robot.egg-info/requires.txt
[1.203s] writing top-level names to ../../build/lab4_2wd_robot/lab4_2wd_robot.egg-info/top_level.txt
[1.203s] writing manifest file '../../build/lab4_2wd_robot/lab4_2wd_robot.egg-info/SOURCES.txt'
[1.225s] reading manifest file '../../build/lab4_2wd_robot/lab4_2wd_robot.egg-info/SOURCES.txt'
[1.226s] writing manifest file '../../build/lab4_2wd_robot/lab4_2wd_robot.egg-info/SOURCES.txt'
[1.226s] running build
[1.226s] running build_py
[1.227s] creating /home/mfauzi/lab-activity/lab4_g/build/lab4_2wd_robot/build
[1.228s] creating /home/mfauzi/lab-activity/lab4_g/build/lab4_2wd_robot/build/lib
[1.229s] creating /home/mfauzi/lab-activity/lab4_g/build/lab4_2wd_robot/build/lib/lab4_2wd_robot
[1.229s] copying lab4_2wd_robot/__init__.py -> /home/mfauzi/lab-activity/lab4_g/build/lab4_2wd_robot/build/lib/lab4_2wd_robot
[1.230s] running install
[1.233s] running install_lib
[1.245s] creating /home/mfauzi/lab-activity/lab4_g/install/lab4_2wd_robot/lib/python3.12/site-packages/lab4_2wd_robot
[1.246s] copying /home/mfauzi/lab-activity/lab4_g/build/lab4_2wd_robot/build/lib/lab4_2wd_robot/__init__.py -> /home/mfauzi/lab-activity/lab4_g/install/lab4_2wd_robot/lib/python3.12/site-packages/lab4_2wd_robot
[1.247s] byte-compiling /home/mfauzi/lab-activity/lab4_g/install/lab4_2wd_robot/lib/python3.12/site-packages/lab4_2wd_robot/__init__.py to __init__.cpython-312.pyc
[1.248s] running install_data
[1.248s] creating /home/mfauzi/lab-activity/lab4_g/install/lab4_2wd_robot/share/ament_index
[1.249s] creating /home/mfauzi/lab-activity/lab4_g/install/lab4_2wd_robot/share/ament_index/resource_index
[1.249s] creating /home/mfauzi/lab-activity/lab4_g/install/lab4_2wd_robot/share/ament_index/resource_index/packages
[1.249s] copying resource/lab4_2wd_robot -> /home/mfauzi/lab-activity/lab4_g/install/lab4_2wd_robot/share/ament_index/resource_index/packages
[1.249s] copying package.xml -> /home/mfauzi/lab-activity/lab4_g/install/lab4_2wd_robot/share/lab4_2wd_robot
[1.250s] creating /home/mfauzi/lab-activity/lab4_g/install/lab4_2wd_robot/share/lab4_2wd_robot/launch
[1.250s] copying launch/display.launch.py -> /home/mfauzi/lab-activity/lab4_g/install/lab4_2wd_robot/share/lab4_2wd_robot/launch
[1.250s] creating /home/mfauzi/lab-activity/lab4_g/install/lab4_2wd_robot/share/lab4_2wd_robot/urdf
[1.250s] copying urdf/diff_bot.urdf -> /home/mfauzi/lab-activity/lab4_g/install/lab4_2wd_robot/share/lab4_2wd_robot/urdf
[1.250s] running install_egg_info
[1.260s] Copying ../../build/lab4_2wd_robot/lab4_2wd_robot.egg-info to /home/mfauzi/lab-activity/lab4_g/install/lab4_2wd_robot/lib/python3.12/site-packages/lab4_2wd_robot-0.0.0-py3.12.egg-info
[1.262s] running install_scripts
[1.338s] writing list of installed files to '/home/mfauzi/lab-activity/lab4_g/build/lab4_2wd_robot/install.log'
[1.360s] Invoked command in '/home/mfauzi/lab-activity/lab4_g/src/lab4_2wd_robot' returned '0': PYTHONPATH=/home/mfauzi/lab-activity/lab4_g/build/lab4_2wd_robot/prefix_override:/usr/lib/python3/dist-packages/colcon_core/task/python/colcon_distutils_commands:/home/mfauzi/lab-activity/lab4_g/install/lab4_2wd_robot/lib/python3.12/site-packages:${PYTHONPATH} /usr/bin/python3 -W ignore:setup.py install is deprecated -W ignore:easy_install command is deprecated setup.py egg_info --egg-base ../../build/lab4_2wd_robot build --build-base /home/mfauzi/lab-activity/lab4_g/build/lab4_2wd_robot/build install --record /home/mfauzi/lab-activity/lab4_g/build/lab4_2wd_robot/install.log --single-version-externally-managed install_data
