[1.548s] Invoking command in '/home/mfauzi/ros-fkee/ch3/ros2_ws/src/param_demo': PYTHONPATH=/home/mfauzi/ros-fkee/ch3/ros2_ws/build/param_demo/prefix_override:/usr/lib/python3/dist-packages/colcon_core/task/python/colcon_distutils_commands:/home/mfauzi/ros-fkee/ch3/ros2_ws/install/param_demo/lib/python3.12/site-packages:${PYTHONPATH} /usr/bin/python3 -W ignore:setup.py install is deprecated -W ignore:easy_install command is deprecated setup.py egg_info --egg-base ../../build/param_demo build --build-base /home/mfauzi/ros-fkee/ch3/ros2_ws/build/param_demo/build install --record /home/mfauzi/ros-fkee/ch3/ros2_ws/build/param_demo/install.log --single-version-externally-managed install_data
[1.719s] running egg_info
[1.730s] writing ../../build/param_demo/param_demo.egg-info/PKG-INFO
[1.731s] writing dependency_links to ../../build/param_demo/param_demo.egg-info/dependency_links.txt
[1.731s] writing entry points to ../../build/param_demo/param_demo.egg-info/entry_points.txt
[1.731s] writing requirements to ../../build/param_demo/param_demo.egg-info/requires.txt
[1.732s] writing top-level names to ../../build/param_demo/param_demo.egg-info/top_level.txt
[1.758s] reading manifest file '../../build/param_demo/param_demo.egg-info/SOURCES.txt'
[1.760s] writing manifest file '../../build/param_demo/param_demo.egg-info/SOURCES.txt'
[1.760s] running build
[1.760s] running build_py
[1.760s] running install
[1.765s] running install_lib
[1.776s] running install_data
[1.776s] running install_egg_info
[1.792s] removing '/home/mfauzi/ros-fkee/ch3/ros2_ws/install/param_demo/lib/python3.12/site-packages/param_demo-0.0.0-py3.12.egg-info' (and everything under it)
[1.793s] Copying ../../build/param_demo/param_demo.egg-info to /home/mfauzi/ros-fkee/ch3/ros2_ws/install/param_demo/lib/python3.12/site-packages/param_demo-0.0.0-py3.12.egg-info
[1.795s] running install_scripts
[1.894s] Installing param_node script to /home/mfauzi/ros-fkee/ch3/ros2_ws/install/param_demo/lib/param_demo
[1.894s] writing list of installed files to '/home/mfauzi/ros-fkee/ch3/ros2_ws/build/param_demo/install.log'
[1.929s] Invoked command in '/home/mfauzi/ros-fkee/ch3/ros2_ws/src/param_demo' returned '0': PYTHONPATH=/home/mfauzi/ros-fkee/ch3/ros2_ws/build/param_demo/prefix_override:/usr/lib/python3/dist-packages/colcon_core/task/python/colcon_distutils_commands:/home/mfauzi/ros-fkee/ch3/ros2_ws/install/param_demo/lib/python3.12/site-packages:${PYTHONPATH} /usr/bin/python3 -W ignore:setup.py install is deprecated -W ignore:easy_install command is deprecated setup.py egg_info --egg-base ../../build/param_demo build --build-base /home/mfauzi/ros-fkee/ch3/ros2_ws/build/param_demo/build install --record /home/mfauzi/ros-fkee/ch3/ros2_ws/build/param_demo/install.log --single-version-externally-managed install_data
