[0.009s] Invoking command in '/home/mfauzi/ros-fkee/ch5/build/my_robot_bringup': CMAKE_PREFIX_PATH=${CMAKE_PREFIX_PATH}:/opt/ros/jazzy /usr/bin/cmake /home/mfauzi/ros-fkee/ch5/src/my_robot_bringup -DAMENT_CMAKE_SYMLINK_INSTALL=1 -DCMAKE_INSTALL_PREFIX=/home/mfauzi/ros-fkee/ch5/install/my_robot_bringup
[0.062s] -- The C compiler identification is GNU 13.3.0
[0.221s] -- The CXX compiler identification is GNU 13.3.0
[0.359s] -- Detecting C compiler ABI info
[0.456s] -- Detecting C compiler ABI info - done
[0.461s] -- Check for working C compiler: /usr/bin/cc - skipped
[0.461s] -- Detecting C compile features
[0.462s] -- Detecting C compile features - done
[0.486s] -- Detecting CXX compiler ABI info
[0.585s] -- Detecting CXX compiler ABI info - done
[0.590s] -- Check for working CXX compiler: /usr/bin/c++ - skipped
[0.590s] -- Detecting CXX compile features
[0.591s] -- Detecting CXX compile features - done
[0.593s] -- Found ament_cmake: 2.5.6 (/opt/ros/jazzy/share/ament_cmake/cmake)
[0.683s] -- Found Python3: /usr/bin/python3 (found version "3.12.3") found components: Interpreter 
[0.728s] -- Override CMake install command with custom implementation using symlinks instead of copying resources
[0.757s] -- Found rclcpp: 28.1.18 (/opt/ros/jazzy/share/rclcpp/cmake)
[0.831s] -- Found rosidl_generator_c: 4.6.7 (/opt/ros/jazzy/share/rosidl_generator_c/cmake)
[0.841s] -- Found rosidl_generator_cpp: 4.6.7 (/opt/ros/jazzy/share/rosidl_generator_cpp/cmake)
[0.851s] -- Using all available rosidl_typesupport_c: rosidl_typesupport_fastrtps_c;rosidl_typesupport_introspection_c
[0.863s] -- Using all available rosidl_typesupport_cpp: rosidl_typesupport_fastrtps_cpp;rosidl_typesupport_introspection_cpp
[0.912s] -- Found rmw_implementation_cmake: 7.3.3 (/opt/ros/jazzy/share/rmw_implementation_cmake/cmake)
[0.914s] -- Found rmw_fastrtps_cpp: 8.4.3 (/opt/ros/jazzy/share/rmw_fastrtps_cpp/cmake)
[0.960s] -- Found OpenSSL: /usr/lib/x86_64-linux-gnu/libcrypto.so (found version "3.0.13")  
[1.007s] -- Found FastRTPS: /opt/ros/jazzy/include (Required is at least version "2.13") 
[1.039s] -- Using RMW implementation 'rmw_fastrtps_cpp' as default
[1.110s] -- Found rclpy: 7.1.11 (/opt/ros/jazzy/share/rclpy/cmake)
[1.111s] -- Found geometry_msgs: 5.3.7 (/opt/ros/jazzy/share/geometry_msgs/cmake)
[1.130s] -- Found sensor_msgs: 5.3.7 (/opt/ros/jazzy/share/sensor_msgs/cmake)
[1.145s] -- Found nav_msgs: 5.3.7 (/opt/ros/jazzy/share/nav_msgs/cmake)
[1.160s] -- Found xacro: 2.1.1 (/opt/ros/jazzy/share/xacro/cmake)
[1.165s] -- Found ros_gz_sim: 1.0.22 (/opt/ros/jazzy/share/ros_gz_sim/cmake)
[1.295s] -- Found ros_gz_bridge: 1.0.22 (/opt/ros/jazzy/share/ros_gz_bridge/cmake)
[1.318s] -- Looking for gz-msgs10 -- found version 10.3.2
[1.329s] -- Searching for dependencies of gz-msgs10
[1.803s] -- Found Protobuf: /usr/lib/x86_64-linux-gnu/libprotobuf.so (found version "3.21.12") 
[1.806s] -- Looking for gz-utils2 -- found version 2.2.1
[1.806s] -- Searching for dependencies of gz-utils2
[1.809s] -- Looking for gz-math7 -- found version 7.5.2
[1.809s] -- Searching for dependencies of gz-math7
[1.809s] -- Looking for gz-utils2 -- found version 2.2.1
[1.814s] -- Checking for module 'tinyxml2'
[1.822s] --   Found tinyxml2, version 10.0.0
[1.849s] -- Looking for gz-transport13 -- found version 13.5.0
[1.849s] -- Searching for dependencies of gz-transport13
[2.477s] -- Config-file not installed for ZeroMQ -- checking for pkg-config
[2.482s] -- Checking for module 'libzmq >= 4'
[2.492s] --   Found libzmq, version 4.3.5
[2.518s] -- Found ZeroMQ: TRUE (Required is at least version "4") 
[2.532s] -- Checking for module 'uuid'
[2.540s] --   Found uuid, version 2.39.3
[2.559s] -- Found UUID: TRUE  
[2.559s] -- Looking for gz-utils2 -- found version 2.2.1
[2.559s] -- Searching for dependencies of gz-utils2
[2.559s] -- Searching for <gz-utils2> component [cli]
[2.561s] -- Looking for gz-utils2-cli -- found version 2.2.1
[2.561s] -- Searching for dependencies of gz-utils2-cli
[2.563s] -- Looking for gz-msgs10 -- found version 10.3.2
[2.700s] -- Found ament_lint_auto: 0.17.5 (/opt/ros/jazzy/share/ament_lint_auto/cmake)
[2.775s] -- Added test 'flake8' to check Python code syntax and style conventions
[2.775s] -- Configured 'flake8' exclude dirs and/or files: 
[2.776s] -- Added test 'lint_cmake' to check CMake code style
[2.776s] -- Added test 'pep257' to check Python code against some of the docstring style conventions in PEP 257
[2.778s] -- Added test 'xmllint' to check XML markup files
[2.780s] -- Configuring done (2.8s)
[2.785s] -- Generating done (0.0s)
[2.788s] -- Build files have been written to: /home/mfauzi/ros-fkee/ch5/build/my_robot_bringup
[2.797s] Invoked command in '/home/mfauzi/ros-fkee/ch5/build/my_robot_bringup' returned '0': CMAKE_PREFIX_PATH=${CMAKE_PREFIX_PATH}:/opt/ros/jazzy /usr/bin/cmake /home/mfauzi/ros-fkee/ch5/src/my_robot_bringup -DAMENT_CMAKE_SYMLINK_INSTALL=1 -DCMAKE_INSTALL_PREFIX=/home/mfauzi/ros-fkee/ch5/install/my_robot_bringup
[2.798s] Invoking command in '/home/mfauzi/ros-fkee/ch5/build/my_robot_bringup': CMAKE_PREFIX_PATH=${CMAKE_PREFIX_PATH}:/opt/ros/jazzy /usr/bin/cmake --build /home/mfauzi/ros-fkee/ch5/build/my_robot_bringup -- -j24 -l24
[2.826s] Invoked command in '/home/mfauzi/ros-fkee/ch5/build/my_robot_bringup' returned '0': CMAKE_PREFIX_PATH=${CMAKE_PREFIX_PATH}:/opt/ros/jazzy /usr/bin/cmake --build /home/mfauzi/ros-fkee/ch5/build/my_robot_bringup -- -j24 -l24
[2.832s] Invoking command in '/home/mfauzi/ros-fkee/ch5/build/my_robot_bringup': CMAKE_PREFIX_PATH=${CMAKE_PREFIX_PATH}:/opt/ros/jazzy /usr/bin/cmake --install /home/mfauzi/ros-fkee/ch5/build/my_robot_bringup
[2.836s] -- Install configuration: ""
[2.836s] -- Execute custom install script
[2.837s] -- Symlinking: /home/mfauzi/ros-fkee/ch5/install/my_robot_bringup/share/my_robot_bringup/launch/sim.launch.py
[2.843s] -- Symlinking: /home/mfauzi/ros-fkee/ch5/install/my_robot_bringup/share/my_robot_bringup/urdf/my_robot.urdf.xacro
[2.847s] [31mCMake Error at ament_cmake_symlink_install/ament_cmake_symlink_install.cmake:105 (message):
[2.847s]   ament_cmake_symlink_install_directory() can't find
[2.847s]   '/home/mfauzi/ros-fkee/ch5/src/my_robot_bringup/worlds'
[2.847s] Call Stack (most recent call first):
[2.847s]   ament_cmake_symlink_install/ament_cmake_symlink_install.cmake:319 (ament_cmake_symlink_install_directory)
[2.847s]   cmake_install.cmake:46 (include)
[2.847s] 
[2.847s] [0m
[2.848s] Invoked command in '/home/mfauzi/ros-fkee/ch5/build/my_robot_bringup' returned '1': CMAKE_PREFIX_PATH=${CMAKE_PREFIX_PATH}:/opt/ros/jazzy /usr/bin/cmake --install /home/mfauzi/ros-fkee/ch5/build/my_robot_bringup
