[0.439s] Invoking command in '/home/mfauzi/mfLab5/src/lab5_simulation': PYTHONPATH=/home/mfauzi/mfLab5/build/lab5_simulation/prefix_override:/usr/lib/python3/dist-packages/colcon_core/task/python/colcon_distutils_commands:/home/mfauzi/mfLab5/install/lab5_simulation/lib/python3.12/site-packages:${PYTHONPATH} /usr/bin/python3 -W ignore:setup.py install is deprecated -W ignore:easy_install command is deprecated setup.py egg_info --egg-base ../../build/lab5_simulation build --build-base /home/mfauzi/mfLab5/build/lab5_simulation/build install --record /home/mfauzi/mfLab5/build/lab5_simulation/install.log --single-version-externally-managed install_data
[0.562s] running egg_info
[0.569s] writing ../../build/lab5_simulation/lab5_simulation.egg-info/PKG-INFO
[0.570s] writing dependency_links to ../../build/lab5_simulation/lab5_simulation.egg-info/dependency_links.txt
[0.570s] writing requirements to ../../build/lab5_simulation/lab5_simulation.egg-info/requires.txt
[0.570s] writing top-level names to ../../build/lab5_simulation/lab5_simulation.egg-info/top_level.txt
[0.587s] reading manifest file '../../build/lab5_simulation/lab5_simulation.egg-info/SOURCES.txt'
[0.587s] writing manifest file '../../build/lab5_simulation/lab5_simulation.egg-info/SOURCES.txt'
[0.587s] running build
[0.587s] running build_py
[0.587s] running install
[0.590s] running install_lib
[0.598s] running install_data
[0.599s] copying urdf/diff_bot.urdf.xacro -> /home/mfauzi/mfLab5/install/lab5_simulation/share/lab5_simulation/urdf
[0.599s] running install_egg_info
[0.607s] removing '/home/mfauzi/mfLab5/install/lab5_simulation/lib/python3.12/site-packages/lab5_simulation-0.0.0-py3.12.egg-info' (and everything under it)
[0.608s] Copying ../../build/lab5_simulation/lab5_simulation.egg-info to /home/mfauzi/mfLab5/install/lab5_simulation/lib/python3.12/site-packages/lab5_simulation-0.0.0-py3.12.egg-info
[0.608s] running install_scripts
[0.669s] writing list of installed files to '/home/mfauzi/mfLab5/build/lab5_simulation/install.log'
[0.687s] Invoked command in '/home/mfauzi/mfLab5/src/lab5_simulation' returned '0': PYTHONPATH=/home/mfauzi/mfLab5/build/lab5_simulation/prefix_override:/usr/lib/python3/dist-packages/colcon_core/task/python/colcon_distutils_commands:/home/mfauzi/mfLab5/install/lab5_simulation/lib/python3.12/site-packages:${PYTHONPATH} /usr/bin/python3 -W ignore:setup.py install is deprecated -W ignore:easy_install command is deprecated setup.py egg_info --egg-base ../../build/lab5_simulation build --build-base /home/mfauzi/mfLab5/build/lab5_simulation/build install --record /home/mfauzi/mfLab5/build/lab5_simulation/install.log --single-version-externally-managed install_data
