[1.895s] Invoking command in '/home/mfauzi/ros-fkee/ch3/ros2_ws/src/my_node_py': PYTHONPATH=/home/mfauzi/ros-fkee/ch3/ros2_ws/build/my_node_py/prefix_override:/usr/lib/python3/dist-packages/colcon_core/task/python/colcon_distutils_commands:/home/mfauzi/ros-fkee/ch3/ros2_ws/install/my_node_py/lib/python3.12/site-packages:${PYTHONPATH} /usr/bin/python3 -W ignore:setup.py install is deprecated -W ignore:easy_install command is deprecated setup.py egg_info --egg-base ../../build/my_node_py build --build-base /home/mfauzi/ros-fkee/ch3/ros2_ws/build/my_node_py/build install --record /home/mfauzi/ros-fkee/ch3/ros2_ws/build/my_node_py/install.log --single-version-externally-managed install_data
[2.108s] running egg_info
[2.125s] writing ../../build/my_node_py/my_node_py.egg-info/PKG-INFO
[2.125s] writing dependency_links to ../../build/my_node_py/my_node_py.egg-info/dependency_links.txt
[2.126s] writing entry points to ../../build/my_node_py/my_node_py.egg-info/entry_points.txt
[2.126s] writing requirements to ../../build/my_node_py/my_node_py.egg-info/requires.txt
[2.126s] writing top-level names to ../../build/my_node_py/my_node_py.egg-info/top_level.txt
[2.151s] reading manifest file '../../build/my_node_py/my_node_py.egg-info/SOURCES.txt'
[2.151s] writing manifest file '../../build/my_node_py/my_node_py.egg-info/SOURCES.txt'
[2.152s] running build
[2.152s] running build_py
[2.152s] running install
[2.158s] running install_lib
[2.171s] running install_data
[2.172s] running install_egg_info
[2.187s] removing '/home/mfauzi/ros-fkee/ch3/ros2_ws/install/my_node_py/lib/python3.12/site-packages/my_node_py-0.0.0-py3.12.egg-info' (and everything under it)
[2.188s] Copying ../../build/my_node_py/my_node_py.egg-info to /home/mfauzi/ros-fkee/ch3/ros2_ws/install/my_node_py/lib/python3.12/site-packages/my_node_py-0.0.0-py3.12.egg-info
[2.190s] running install_scripts
[2.294s] Installing minimal_node script to /home/mfauzi/ros-fkee/ch3/ros2_ws/install/my_node_py/lib/my_node_py
[2.294s] writing list of installed files to '/home/mfauzi/ros-fkee/ch3/ros2_ws/build/my_node_py/install.log'
[2.333s] Invoked command in '/home/mfauzi/ros-fkee/ch3/ros2_ws/src/my_node_py' returned '0': PYTHONPATH=/home/mfauzi/ros-fkee/ch3/ros2_ws/build/my_node_py/prefix_override:/usr/lib/python3/dist-packages/colcon_core/task/python/colcon_distutils_commands:/home/mfauzi/ros-fkee/ch3/ros2_ws/install/my_node_py/lib/python3.12/site-packages:${PYTHONPATH} /usr/bin/python3 -W ignore:setup.py install is deprecated -W ignore:easy_install command is deprecated setup.py egg_info --egg-base ../../build/my_node_py build --build-base /home/mfauzi/ros-fkee/ch3/ros2_ws/build/my_node_py/build install --record /home/mfauzi/ros-fkee/ch3/ros2_ws/build/my_node_py/install.log --single-version-externally-managed install_data
