[1.092s] Invoking command in '/home/mfauzi/ros-fkee/ch3/ros2_ws/src/my_node_py': PYTHONPATH=/home/mfauzi/ros-fkee/ch3/ros2_ws/build/my_node_py/prefix_override:/usr/lib/python3/dist-packages/colcon_core/task/python/colcon_distutils_commands:/home/mfauzi/ros-fkee/ch3/ros2_ws/install/my_node_py/lib/python3.12/site-packages:${PYTHONPATH} /usr/bin/python3 -W ignore:setup.py install is deprecated -W ignore:easy_install command is deprecated setup.py egg_info --egg-base ../../build/my_node_py build --build-base /home/mfauzi/ros-fkee/ch3/ros2_ws/build/my_node_py/build install --record /home/mfauzi/ros-fkee/ch3/ros2_ws/build/my_node_py/install.log --single-version-externally-managed install_data
[1.277s] running egg_info
[1.289s] writing ../../build/my_node_py/my_node_py.egg-info/PKG-INFO
[1.289s] writing dependency_links to ../../build/my_node_py/my_node_py.egg-info/dependency_links.txt
[1.289s] writing entry points to ../../build/my_node_py/my_node_py.egg-info/entry_points.txt
[1.290s] writing requirements to ../../build/my_node_py/my_node_py.egg-info/requires.txt
[1.290s] writing top-level names to ../../build/my_node_py/my_node_py.egg-info/top_level.txt
[1.318s] reading manifest file '../../build/my_node_py/my_node_py.egg-info/SOURCES.txt'
[1.319s] writing manifest file '../../build/my_node_py/my_node_py.egg-info/SOURCES.txt'
[1.319s] running build
[1.320s] running build_py
[1.320s] running install
[1.324s] running install_lib
[1.341s] creating /home/mfauzi/ros-fkee/ch3/ros2_ws/install/my_node_py/lib/python3.12/site-packages/my_node_py
[1.341s] copying /home/mfauzi/ros-fkee/ch3/ros2_ws/build/my_node_py/build/lib/my_node_py/minimal_node.py -> /home/mfauzi/ros-fkee/ch3/ros2_ws/install/my_node_py/lib/python3.12/site-packages/my_node_py
[1.341s] copying /home/mfauzi/ros-fkee/ch3/ros2_ws/build/my_node_py/build/lib/my_node_py/__init__.py -> /home/mfauzi/ros-fkee/ch3/ros2_ws/install/my_node_py/lib/python3.12/site-packages/my_node_py
[1.342s] byte-compiling /home/mfauzi/ros-fkee/ch3/ros2_ws/install/my_node_py/lib/python3.12/site-packages/my_node_py/minimal_node.py to minimal_node.cpython-312.pyc
[1.343s] byte-compiling /home/mfauzi/ros-fkee/ch3/ros2_ws/install/my_node_py/lib/python3.12/site-packages/my_node_py/__init__.py to __init__.cpython-312.pyc
[1.343s] running install_data
[1.343s] creating /home/mfauzi/ros-fkee/ch3/ros2_ws/install/my_node_py/share/ament_index
[1.343s] creating /home/mfauzi/ros-fkee/ch3/ros2_ws/install/my_node_py/share/ament_index/resource_index
[1.344s] creating /home/mfauzi/ros-fkee/ch3/ros2_ws/install/my_node_py/share/ament_index/resource_index/packages
[1.344s] copying resource/my_node_py -> /home/mfauzi/ros-fkee/ch3/ros2_ws/install/my_node_py/share/ament_index/resource_index/packages
[1.344s] copying package.xml -> /home/mfauzi/ros-fkee/ch3/ros2_ws/install/my_node_py/share/my_node_py
[1.344s] running install_egg_info
[1.356s] Copying ../../build/my_node_py/my_node_py.egg-info to /home/mfauzi/ros-fkee/ch3/ros2_ws/install/my_node_py/lib/python3.12/site-packages/my_node_py-0.0.0-py3.12.egg-info
[1.358s] running install_scripts
[1.451s] Installing minimal_node script to /home/mfauzi/ros-fkee/ch3/ros2_ws/install/my_node_py/lib/my_node_py
[1.452s] writing list of installed files to '/home/mfauzi/ros-fkee/ch3/ros2_ws/build/my_node_py/install.log'
[1.477s] Invoked command in '/home/mfauzi/ros-fkee/ch3/ros2_ws/src/my_node_py' returned '0': PYTHONPATH=/home/mfauzi/ros-fkee/ch3/ros2_ws/build/my_node_py/prefix_override:/usr/lib/python3/dist-packages/colcon_core/task/python/colcon_distutils_commands:/home/mfauzi/ros-fkee/ch3/ros2_ws/install/my_node_py/lib/python3.12/site-packages:${PYTHONPATH} /usr/bin/python3 -W ignore:setup.py install is deprecated -W ignore:easy_install command is deprecated setup.py egg_info --egg-base ../../build/my_node_py build --build-base /home/mfauzi/ros-fkee/ch3/ros2_ws/build/my_node_py/build install --record /home/mfauzi/ros-fkee/ch3/ros2_ws/build/my_node_py/install.log --single-version-externally-managed install_data
