[0.089s] DEBUG:colcon:Command line arguments: ['/usr/bin/colcon', 'build']
[0.090s] DEBUG:colcon:Parsed command line arguments: Namespace(log_base=None, log_level=None, verb_name='build', build_base='build', install_base='install', merge_install=False, symlink_install=False, test_result_base=None, continue_on_error=False, executor='parallel', parallel_workers=24, event_handlers=None, ignore_user_meta=False, metas=['./colcon.meta'], base_paths=['.'], packages_ignore=None, packages_ignore_regex=None, paths=None, packages_up_to=None, packages_up_to_regex=None, packages_above=None, packages_above_and_dependencies=None, packages_above_depth=None, packages_select_by_dep=None, packages_skip_by_dep=None, packages_skip_up_to=None, packages_select_build_failed=False, packages_skip_build_finished=False, packages_select_test_failures=False, packages_skip_test_passed=False, packages_select=None, packages_skip=None, packages_select_regex=None, packages_skip_regex=None, packages_start=None, packages_end=None, allow_overriding=[], cmake_args=None, cmake_target=None, cmake_target_skip_unavailable=False, cmake_clean_cache=False, cmake_clean_first=False, cmake_force_configure=False, ament_cmake_args=None, catkin_cmake_args=None, catkin_skip_building_tests=False, mixin_files=None, mixin=None, verb_parser=<colcon_mixin.mixin.mixin_argument.MixinArgumentDecorator object at 0x7dce0ca8f080>, verb_extension=<colcon_core.verb.build.BuildVerb object at 0x7dce0cbb3470>, main=<bound method BuildVerb.main of <colcon_core.verb.build.BuildVerb object at 0x7dce0cbb3470>>, mixin_verb=('build',))
[0.123s] Level 1:colcon.colcon_core.package_discovery:discover_packages(colcon_meta) check parameters
[0.123s] Level 1:colcon.colcon_core.package_discovery:discover_packages(recursive) check parameters
[0.123s] Level 1:colcon.colcon_core.package_discovery:discover_packages(ignore) check parameters
[0.123s] Level 1:colcon.colcon_core.package_discovery:discover_packages(path) check parameters
[0.123s] Level 1:colcon.colcon_core.package_discovery:discover_packages(colcon_meta) discover
[0.123s] Level 1:colcon.colcon_core.package_discovery:discover_packages(recursive) discover
[0.123s] INFO:colcon.colcon_core.package_discovery:Crawling recursively for packages in '/home/mfauzi/ros-fkee/ch5'
[0.123s] Level 1:colcon.colcon_core.package_identification:_identify(.) by extensions ['ignore', 'ignore_ament_install']
[0.123s] Level 1:colcon.colcon_core.package_identification:_identify(.) by extension 'ignore'
[0.123s] Level 1:colcon.colcon_core.package_identification:_identify(.) by extension 'ignore_ament_install'
[0.123s] Level 1:colcon.colcon_core.package_identification:_identify(.) by extensions ['colcon_pkg']
[0.123s] Level 1:colcon.colcon_core.package_identification:_identify(.) by extension 'colcon_pkg'
[0.123s] Level 1:colcon.colcon_core.package_identification:_identify(.) by extensions ['colcon_meta']
[0.123s] Level 1:colcon.colcon_core.package_identification:_identify(.) by extension 'colcon_meta'
[0.123s] Level 1:colcon.colcon_core.package_identification:_identify(.) by extensions ['ros']
[0.124s] Level 1:colcon.colcon_core.package_identification:_identify(.) by extension 'ros'
[0.141s] Level 1:colcon.colcon_core.package_identification:_identify(.) by extensions ['cmake', 'python']
[0.141s] Level 1:colcon.colcon_core.package_identification:_identify(.) by extension 'cmake'
[0.141s] Level 1:colcon.colcon_core.package_identification:_identify(.) by extension 'python'
[0.142s] Level 1:colcon.colcon_core.package_identification:_identify(.) by extensions ['python_setup_py']
[0.142s] Level 1:colcon.colcon_core.package_identification:_identify(.) by extension 'python_setup_py'
[0.142s] Level 1:colcon.colcon_core.package_identification:_identify(build) by extensions ['ignore', 'ignore_ament_install']
[0.142s] Level 1:colcon.colcon_core.package_identification:_identify(build) by extension 'ignore'
[0.142s] Level 1:colcon.colcon_core.package_identification:_identify(build) ignored
[0.142s] Level 1:colcon.colcon_core.package_identification:_identify(install) by extensions ['ignore', 'ignore_ament_install']
[0.142s] Level 1:colcon.colcon_core.package_identification:_identify(install) by extension 'ignore'
[0.142s] Level 1:colcon.colcon_core.package_identification:_identify(install) ignored
[0.142s] Level 1:colcon.colcon_core.package_identification:_identify(log) by extensions ['ignore', 'ignore_ament_install']
[0.142s] Level 1:colcon.colcon_core.package_identification:_identify(log) by extension 'ignore'
[0.142s] Level 1:colcon.colcon_core.package_identification:_identify(log) ignored
[0.142s] Level 1:colcon.colcon_core.package_identification:_identify(src) by extensions ['ignore', 'ignore_ament_install']
[0.142s] Level 1:colcon.colcon_core.package_identification:_identify(src) by extension 'ignore'
[0.142s] Level 1:colcon.colcon_core.package_identification:_identify(src) by extension 'ignore_ament_install'
[0.142s] Level 1:colcon.colcon_core.package_identification:_identify(src) by extensions ['colcon_pkg']
[0.142s] Level 1:colcon.colcon_core.package_identification:_identify(src) by extension 'colcon_pkg'
[0.142s] Level 1:colcon.colcon_core.package_identification:_identify(src) by extensions ['colcon_meta']
[0.142s] Level 1:colcon.colcon_core.package_identification:_identify(src) by extension 'colcon_meta'
[0.142s] Level 1:colcon.colcon_core.package_identification:_identify(src) by extensions ['ros']
[0.142s] Level 1:colcon.colcon_core.package_identification:_identify(src) by extension 'ros'
[0.142s] Level 1:colcon.colcon_core.package_identification:_identify(src) by extensions ['cmake', 'python']
[0.142s] Level 1:colcon.colcon_core.package_identification:_identify(src) by extension 'cmake'
[0.142s] Level 1:colcon.colcon_core.package_identification:_identify(src) by extension 'python'
[0.142s] Level 1:colcon.colcon_core.package_identification:_identify(src) by extensions ['python_setup_py']
[0.142s] Level 1:colcon.colcon_core.package_identification:_identify(src) by extension 'python_setup_py'
[0.142s] Level 1:colcon.colcon_core.package_identification:_identify(src/my_robot_bringup) by extensions ['ignore', 'ignore_ament_install']
[0.142s] Level 1:colcon.colcon_core.package_identification:_identify(src/my_robot_bringup) by extension 'ignore'
[0.142s] Level 1:colcon.colcon_core.package_identification:_identify(src/my_robot_bringup) by extension 'ignore_ament_install'
[0.142s] Level 1:colcon.colcon_core.package_identification:_identify(src/my_robot_bringup) by extensions ['colcon_pkg']
[0.142s] Level 1:colcon.colcon_core.package_identification:_identify(src/my_robot_bringup) by extension 'colcon_pkg'
[0.142s] Level 1:colcon.colcon_core.package_identification:_identify(src/my_robot_bringup) by extensions ['colcon_meta']
[0.142s] Level 1:colcon.colcon_core.package_identification:_identify(src/my_robot_bringup) by extension 'colcon_meta'
[0.142s] Level 1:colcon.colcon_core.package_identification:_identify(src/my_robot_bringup) by extensions ['ros']
[0.142s] Level 1:colcon.colcon_core.package_identification:_identify(src/my_robot_bringup) by extension 'ros'
[0.144s] DEBUG:colcon.colcon_core.package_identification:Package 'src/my_robot_bringup' with type 'ros.ament_cmake' and name 'my_robot_bringup'
[0.144s] Level 1:colcon.colcon_core.package_discovery:discover_packages(recursive) using defaults
[0.144s] Level 1:colcon.colcon_core.package_discovery:discover_packages(ignore) discover
[0.144s] Level 1:colcon.colcon_core.package_discovery:discover_packages(ignore) using defaults
[0.144s] Level 1:colcon.colcon_core.package_discovery:discover_packages(path) discover
[0.144s] Level 1:colcon.colcon_core.package_discovery:discover_packages(path) using defaults
[0.156s] Level 1:colcon.colcon_core.package_discovery:discover_packages(prefix_path) check parameters
[0.156s] Level 1:colcon.colcon_core.package_discovery:discover_packages(prefix_path) discover
[0.157s] DEBUG:colcon.colcon_installed_package_information.package_discovery:Found 1 installed packages in /home/mfauzi/ros-fkee/ch5/install
[0.158s] DEBUG:colcon.colcon_installed_package_information.package_discovery:Found 1 installed packages in /home/mfauzi/mfLab5/install
[0.158s] DEBUG:colcon.colcon_installed_package_information.package_discovery:Found 1 installed packages in /home/mfauzi/lab5/install
[0.158s] DEBUG:colcon.colcon_installed_package_information.package_discovery:Found 7 installed packages in /home/mfauzi/linorobot2_ws/install
[0.159s] DEBUG:colcon.colcon_installed_package_information.package_discovery:Found 475 installed packages in /opt/ros/jazzy
[0.161s] Level 1:colcon.colcon_core.package_discovery:discover_packages(prefix_path) using defaults
[0.196s] Level 5:colcon.colcon_core.verb:set package 'my_robot_bringup' build argument 'cmake_args' from command line to 'None'
[0.196s] Level 5:colcon.colcon_core.verb:set package 'my_robot_bringup' build argument 'cmake_target' from command line to 'None'
[0.196s] Level 5:colcon.colcon_core.verb:set package 'my_robot_bringup' build argument 'cmake_target_skip_unavailable' from command line to 'False'
[0.196s] Level 5:colcon.colcon_core.verb:set package 'my_robot_bringup' build argument 'cmake_clean_cache' from command line to 'False'
[0.196s] Level 5:colcon.colcon_core.verb:set package 'my_robot_bringup' build argument 'cmake_clean_first' from command line to 'False'
[0.196s] Level 5:colcon.colcon_core.verb:set package 'my_robot_bringup' build argument 'cmake_force_configure' from command line to 'False'
[0.196s] Level 5:colcon.colcon_core.verb:set package 'my_robot_bringup' build argument 'ament_cmake_args' from command line to 'None'
[0.196s] Level 5:colcon.colcon_core.verb:set package 'my_robot_bringup' build argument 'catkin_cmake_args' from command line to 'None'
[0.196s] Level 5:colcon.colcon_core.verb:set package 'my_robot_bringup' build argument 'catkin_skip_building_tests' from command line to 'False'
[0.196s] DEBUG:colcon.colcon_core.verb:Building package 'my_robot_bringup' with the following arguments: {'ament_cmake_args': None, 'build_base': '/home/mfauzi/ros-fkee/ch5/build/my_robot_bringup', 'catkin_cmake_args': None, 'catkin_skip_building_tests': False, 'cmake_args': None, 'cmake_clean_cache': False, 'cmake_clean_first': False, 'cmake_force_configure': False, 'cmake_target': None, 'cmake_target_skip_unavailable': False, 'install_base': '/home/mfauzi/ros-fkee/ch5/install/my_robot_bringup', 'merge_install': False, 'path': '/home/mfauzi/ros-fkee/ch5/src/my_robot_bringup', 'symlink_install': False, 'test_result_base': None}
[0.196s] INFO:colcon.colcon_core.executor:Executing jobs using 'parallel' executor
[0.197s] DEBUG:colcon.colcon_parallel_executor.executor.parallel:run_until_complete
[0.197s] INFO:colcon.colcon_ros.task.ament_cmake.build:Building ROS package in '/home/mfauzi/ros-fkee/ch5/src/my_robot_bringup' with build type 'ament_cmake'
[0.198s] INFO:colcon.colcon_cmake.task.cmake.build:Building CMake package in '/home/mfauzi/ros-fkee/ch5/src/my_robot_bringup'
[0.199s] INFO:colcon.colcon_core.plugin_system:Skipping extension 'colcon_core.shell.bat': Not used on non-Windows systems
[0.199s] INFO:colcon.colcon_core.shell:Skip shell extension 'powershell' for command environment: Not usable outside of PowerShell
[0.199s] DEBUG:colcon.colcon_core.shell:Skip shell extension 'dsv' for command environment
[0.208s] DEBUG:colcon.colcon_core.event_handler.log_command:Invoking command in '/home/mfauzi/ros-fkee/ch5/build/my_robot_bringup': CMAKE_PREFIX_PATH=${CMAKE_PREFIX_PATH}:/home/mfauzi/mfLab5/install/lab5_simulation:/home/mfauzi/lab5/install/lab5_simulation:/home/mfauzi/linorobot2_ws/install/linorobot2_gazebo:/opt/ros/jazzy /usr/bin/cmake /home/mfauzi/ros-fkee/ch5/src/my_robot_bringup -DCMAKE_INSTALL_PREFIX=/home/mfauzi/ros-fkee/ch5/install/my_robot_bringup
[2.537s] DEBUG:colcon.colcon_core.event_handler.log_command:Invoked command in '/home/mfauzi/ros-fkee/ch5/build/my_robot_bringup' returned '0': CMAKE_PREFIX_PATH=${CMAKE_PREFIX_PATH}:/home/mfauzi/mfLab5/install/lab5_simulation:/home/mfauzi/lab5/install/lab5_simulation:/home/mfauzi/linorobot2_ws/install/linorobot2_gazebo:/opt/ros/jazzy /usr/bin/cmake /home/mfauzi/ros-fkee/ch5/src/my_robot_bringup -DCMAKE_INSTALL_PREFIX=/home/mfauzi/ros-fkee/ch5/install/my_robot_bringup
[2.539s] DEBUG:colcon.colcon_core.event_handler.log_command:Invoking command in '/home/mfauzi/ros-fkee/ch5/build/my_robot_bringup': CMAKE_PREFIX_PATH=${CMAKE_PREFIX_PATH}:/home/mfauzi/mfLab5/install/lab5_simulation:/home/mfauzi/lab5/install/lab5_simulation:/home/mfauzi/linorobot2_ws/install/linorobot2_gazebo:/opt/ros/jazzy /usr/bin/cmake --build /home/mfauzi/ros-fkee/ch5/build/my_robot_bringup -- -j24 -l24
[2.568s] DEBUG:colcon.colcon_core.event_handler.log_command:Invoked command in '/home/mfauzi/ros-fkee/ch5/build/my_robot_bringup' returned '0': CMAKE_PREFIX_PATH=${CMAKE_PREFIX_PATH}:/home/mfauzi/mfLab5/install/lab5_simulation:/home/mfauzi/lab5/install/lab5_simulation:/home/mfauzi/linorobot2_ws/install/linorobot2_gazebo:/opt/ros/jazzy /usr/bin/cmake --build /home/mfauzi/ros-fkee/ch5/build/my_robot_bringup -- -j24 -l24
[2.575s] DEBUG:colcon.colcon_core.event_handler.log_command:Invoking command in '/home/mfauzi/ros-fkee/ch5/build/my_robot_bringup': CMAKE_PREFIX_PATH=${CMAKE_PREFIX_PATH}:/home/mfauzi/mfLab5/install/lab5_simulation:/home/mfauzi/lab5/install/lab5_simulation:/home/mfauzi/linorobot2_ws/install/linorobot2_gazebo:/opt/ros/jazzy /usr/bin/cmake --install /home/mfauzi/ros-fkee/ch5/build/my_robot_bringup
[2.590s] Level 1:colcon.colcon_core.environment:create_environment_scripts_only(my_robot_bringup)
[2.591s] DEBUG:colcon.colcon_core.event_handler.log_command:Invoked command in '/home/mfauzi/ros-fkee/ch5/build/my_robot_bringup' returned '0': CMAKE_PREFIX_PATH=${CMAKE_PREFIX_PATH}:/home/mfauzi/mfLab5/install/lab5_simulation:/home/mfauzi/lab5/install/lab5_simulation:/home/mfauzi/linorobot2_ws/install/linorobot2_gazebo:/opt/ros/jazzy /usr/bin/cmake --install /home/mfauzi/ros-fkee/ch5/build/my_robot_bringup
[2.592s] Level 1:colcon.colcon_core.environment:checking '/home/mfauzi/ros-fkee/ch5/install/my_robot_bringup' for CMake module files
[2.593s] Level 1:colcon.colcon_core.environment:checking '/home/mfauzi/ros-fkee/ch5/install/my_robot_bringup' for CMake config files
[2.593s] Level 1:colcon.colcon_core.shell:create_environment_hook('my_robot_bringup', 'cmake_prefix_path')
[2.593s] INFO:colcon.colcon_core.shell:Creating environment hook '/home/mfauzi/ros-fkee/ch5/install/my_robot_bringup/share/my_robot_bringup/hook/cmake_prefix_path.ps1'
[2.594s] INFO:colcon.colcon_core.shell:Creating environment descriptor '/home/mfauzi/ros-fkee/ch5/install/my_robot_bringup/share/my_robot_bringup/hook/cmake_prefix_path.dsv'
[2.594s] INFO:colcon.colcon_core.shell:Creating environment hook '/home/mfauzi/ros-fkee/ch5/install/my_robot_bringup/share/my_robot_bringup/hook/cmake_prefix_path.sh'
[2.595s] Level 1:colcon.colcon_core.environment:checking '/home/mfauzi/ros-fkee/ch5/install/my_robot_bringup/bin'
[2.595s] Level 1:colcon.colcon_core.environment:checking '/home/mfauzi/ros-fkee/ch5/install/my_robot_bringup/lib/pkgconfig/my_robot_bringup.pc'
[2.595s] Level 1:colcon.colcon_core.environment:checking '/home/mfauzi/ros-fkee/ch5/install/my_robot_bringup/lib/python3.12/site-packages'
[2.595s] Level 1:colcon.colcon_core.environment:checking '/home/mfauzi/ros-fkee/ch5/install/my_robot_bringup/bin'
[2.596s] INFO:colcon.colcon_core.shell:Creating package script '/home/mfauzi/ros-fkee/ch5/install/my_robot_bringup/share/my_robot_bringup/package.ps1'
[2.596s] INFO:colcon.colcon_core.shell:Creating package descriptor '/home/mfauzi/ros-fkee/ch5/install/my_robot_bringup/share/my_robot_bringup/package.dsv'
[2.597s] INFO:colcon.colcon_core.shell:Creating package script '/home/mfauzi/ros-fkee/ch5/install/my_robot_bringup/share/my_robot_bringup/package.sh'
[2.597s] INFO:colcon.colcon_core.shell:Creating package script '/home/mfauzi/ros-fkee/ch5/install/my_robot_bringup/share/my_robot_bringup/package.bash'
[2.598s] INFO:colcon.colcon_core.shell:Creating package script '/home/mfauzi/ros-fkee/ch5/install/my_robot_bringup/share/my_robot_bringup/package.zsh'
[2.598s] Level 1:colcon.colcon_core.environment:create_file_with_runtime_dependencies(/home/mfauzi/ros-fkee/ch5/install/my_robot_bringup/share/colcon-core/packages/my_robot_bringup)
[2.598s] Level 1:colcon.colcon_core.environment:create_environment_scripts_only(my_robot_bringup)
[2.598s] Level 1:colcon.colcon_core.environment:checking '/home/mfauzi/ros-fkee/ch5/install/my_robot_bringup' for CMake module files
[2.599s] Level 1:colcon.colcon_core.environment:checking '/home/mfauzi/ros-fkee/ch5/install/my_robot_bringup' for CMake config files
[2.599s] Level 1:colcon.colcon_core.shell:create_environment_hook('my_robot_bringup', 'cmake_prefix_path')
[2.599s] INFO:colcon.colcon_core.shell:Creating environment hook '/home/mfauzi/ros-fkee/ch5/install/my_robot_bringup/share/my_robot_bringup/hook/cmake_prefix_path.ps1'
[2.599s] INFO:colcon.colcon_core.shell:Creating environment descriptor '/home/mfauzi/ros-fkee/ch5/install/my_robot_bringup/share/my_robot_bringup/hook/cmake_prefix_path.dsv'
[2.600s] INFO:colcon.colcon_core.shell:Creating environment hook '/home/mfauzi/ros-fkee/ch5/install/my_robot_bringup/share/my_robot_bringup/hook/cmake_prefix_path.sh'
[2.600s] Level 1:colcon.colcon_core.environment:checking '/home/mfauzi/ros-fkee/ch5/install/my_robot_bringup/bin'
[2.600s] Level 1:colcon.colcon_core.environment:checking '/home/mfauzi/ros-fkee/ch5/install/my_robot_bringup/lib/pkgconfig/my_robot_bringup.pc'
[2.601s] Level 1:colcon.colcon_core.environment:checking '/home/mfauzi/ros-fkee/ch5/install/my_robot_bringup/lib/python3.12/site-packages'
[2.601s] Level 1:colcon.colcon_core.environment:checking '/home/mfauzi/ros-fkee/ch5/install/my_robot_bringup/bin'
[2.601s] INFO:colcon.colcon_core.shell:Creating package script '/home/mfauzi/ros-fkee/ch5/install/my_robot_bringup/share/my_robot_bringup/package.ps1'
[2.601s] INFO:colcon.colcon_core.shell:Creating package descriptor '/home/mfauzi/ros-fkee/ch5/install/my_robot_bringup/share/my_robot_bringup/package.dsv'
[2.602s] INFO:colcon.colcon_core.shell:Creating package script '/home/mfauzi/ros-fkee/ch5/install/my_robot_bringup/share/my_robot_bringup/package.sh'
[2.602s] INFO:colcon.colcon_core.shell:Creating package script '/home/mfauzi/ros-fkee/ch5/install/my_robot_bringup/share/my_robot_bringup/package.bash'
[2.603s] INFO:colcon.colcon_core.shell:Creating package script '/home/mfauzi/ros-fkee/ch5/install/my_robot_bringup/share/my_robot_bringup/package.zsh'
[2.613s] Level 1:colcon.colcon_core.environment:create_file_with_runtime_dependencies(/home/mfauzi/ros-fkee/ch5/install/my_robot_bringup/share/colcon-core/packages/my_robot_bringup)
[2.614s] DEBUG:colcon.colcon_parallel_executor.executor.parallel:closing loop
[2.615s] DEBUG:colcon.colcon_parallel_executor.executor.parallel:loop closed
[2.615s] DEBUG:colcon.colcon_parallel_executor.executor.parallel:run_until_complete finished with '0'
[2.615s] DEBUG:colcon.colcon_core.event_reactor:joining thread
[2.630s] INFO:colcon.colcon_core.plugin_system:Skipping extension 'colcon_notification.desktop_notification.notify_send': Could not find 'notify-send'
[2.631s] INFO:colcon.colcon_core.plugin_system:Skipping extension 'colcon_notification.desktop_notification.terminal_notifier': Not used on non-Darwin systems
[2.631s] INFO:colcon.colcon_core.plugin_system:Skipping extension 'colcon_notification.desktop_notification.win32': Not used on non-Windows systems
[2.631s] INFO:colcon.colcon_notification.desktop_notification:Sending desktop notification using 'notify2'
[2.635s] DEBUG:colcon.colcon_notification.desktop_notification.notify2:Failed to initialize notify2: org.freedesktop.DBus.Error.ServiceUnknown: The name org.freedesktop.Notifications was not provided by any .service files
[2.636s] DEBUG:colcon.colcon_core.event_reactor:joined thread
[2.636s] INFO:colcon.colcon_core.shell:Creating prefix script '/home/mfauzi/ros-fkee/ch5/install/local_setup.ps1'
[2.637s] INFO:colcon.colcon_core.shell:Creating prefix util module '/home/mfauzi/ros-fkee/ch5/install/_local_setup_util_ps1.py'
[2.637s] INFO:colcon.colcon_core.shell:Creating prefix chain script '/home/mfauzi/ros-fkee/ch5/install/setup.ps1'
[2.638s] INFO:colcon.colcon_core.shell:Creating prefix script '/home/mfauzi/ros-fkee/ch5/install/local_setup.sh'
[2.639s] INFO:colcon.colcon_core.shell:Creating prefix util module '/home/mfauzi/ros-fkee/ch5/install/_local_setup_util_sh.py'
[2.639s] INFO:colcon.colcon_core.shell:Creating prefix chain script '/home/mfauzi/ros-fkee/ch5/install/setup.sh'
[2.640s] INFO:colcon.colcon_core.shell:Creating prefix script '/home/mfauzi/ros-fkee/ch5/install/local_setup.bash'
[2.640s] INFO:colcon.colcon_core.shell:Creating prefix chain script '/home/mfauzi/ros-fkee/ch5/install/setup.bash'
[2.641s] INFO:colcon.colcon_core.shell:Creating prefix script '/home/mfauzi/ros-fkee/ch5/install/local_setup.zsh'
[2.641s] INFO:colcon.colcon_core.shell:Creating prefix chain script '/home/mfauzi/ros-fkee/ch5/install/setup.zsh'
