[0.681s] Invoking command in '/home/mfauzi/ros-fkee/ch3/ros2_ws/src/my_node_py': PYTHONPATH=/home/mfauzi/ros-fkee/ch3/ros2_ws/build/my_node_py/prefix_override:/usr/lib/python3/dist-packages/colcon_core/task/python/colcon_distutils_commands:/home/mfauzi/ros-fkee/ch3/ros2_ws/install/my_node_py/lib/python3.12/site-packages:${PYTHONPATH} /usr/bin/python3 -W ignore:setup.py install is deprecated -W ignore:easy_install command is deprecated setup.py egg_info --egg-base ../../build/my_node_py build --build-base /home/mfauzi/ros-fkee/ch3/ros2_ws/build/my_node_py/build install --record /home/mfauzi/ros-fkee/ch3/ros2_ws/build/my_node_py/install.log --single-version-externally-managed install_data
[0.809s] running egg_info
[0.817s] writing ../../build/my_node_py/my_node_py.egg-info/PKG-INFO
[0.817s] writing dependency_links to ../../build/my_node_py/my_node_py.egg-info/dependency_links.txt
[0.817s] writing entry points to ../../build/my_node_py/my_node_py.egg-info/entry_points.txt
[0.817s] writing requirements to ../../build/my_node_py/my_node_py.egg-info/requires.txt
[0.817s] writing top-level names to ../../build/my_node_py/my_node_py.egg-info/top_level.txt
[0.833s] reading manifest file '../../build/my_node_py/my_node_py.egg-info/SOURCES.txt'
[0.834s] writing manifest file '../../build/my_node_py/my_node_py.egg-info/SOURCES.txt'
[0.834s] running build
[0.834s] running build_py
[0.834s] running install
[0.837s] running install_lib
[0.844s] running install_data
[0.845s] running install_egg_info
[0.853s] removing '/home/mfauzi/ros-fkee/ch3/ros2_ws/install/my_node_py/lib/python3.12/site-packages/my_node_py-0.0.0-py3.12.egg-info' (and everything under it)
[0.853s] Copying ../../build/my_node_py/my_node_py.egg-info to /home/mfauzi/ros-fkee/ch3/ros2_ws/install/my_node_py/lib/python3.12/site-packages/my_node_py-0.0.0-py3.12.egg-info
[0.854s] running install_scripts
[0.911s] Installing minimal_node script to /home/mfauzi/ros-fkee/ch3/ros2_ws/install/my_node_py/lib/my_node_py
[0.912s] writing list of installed files to '/home/mfauzi/ros-fkee/ch3/ros2_ws/build/my_node_py/install.log'
[0.951s] Invoked command in '/home/mfauzi/ros-fkee/ch3/ros2_ws/src/my_node_py' returned '0': PYTHONPATH=/home/mfauzi/ros-fkee/ch3/ros2_ws/build/my_node_py/prefix_override:/usr/lib/python3/dist-packages/colcon_core/task/python/colcon_distutils_commands:/home/mfauzi/ros-fkee/ch3/ros2_ws/install/my_node_py/lib/python3.12/site-packages:${PYTHONPATH} /usr/bin/python3 -W ignore:setup.py install is deprecated -W ignore:easy_install command is deprecated setup.py egg_info --egg-base ../../build/my_node_py build --build-base /home/mfauzi/ros-fkee/ch3/ros2_ws/build/my_node_py/build install --record /home/mfauzi/ros-fkee/ch3/ros2_ws/build/my_node_py/install.log --single-version-externally-managed install_data
