[0.014s] Invoking command in '/home/mfauzi/ros-fkee/ch5/build/my_robot_bringup': CMAKE_PREFIX_PATH=${CMAKE_PREFIX_PATH}:/opt/ros/jazzy /usr/bin/cmake --build /home/mfauzi/ros-fkee/ch5/build/my_robot_bringup -- -j24 -l24
[0.092s] Invoked command in '/home/mfauzi/ros-fkee/ch5/build/my_robot_bringup' returned '0': CMAKE_PREFIX_PATH=${CMAKE_PREFIX_PATH}:/opt/ros/jazzy /usr/bin/cmake --build /home/mfauzi/ros-fkee/ch5/build/my_robot_bringup -- -j24 -l24
[0.101s] Invoking command in '/home/mfauzi/ros-fkee/ch5/build/my_robot_bringup': CMAKE_PREFIX_PATH=${CMAKE_PREFIX_PATH}:/opt/ros/jazzy /usr/bin/cmake --install /home/mfauzi/ros-fkee/ch5/build/my_robot_bringup
[0.107s] -- Install configuration: ""
[0.109s] -- Execute custom install script
[0.110s] -- Up-to-date symlink: /home/mfauzi/ros-fkee/ch5/install/my_robot_bringup/share/my_robot_bringup/launch/sim.launch.py
[0.110s] -- Up-to-date symlink: /home/mfauzi/ros-fkee/ch5/install/my_robot_bringup/share/my_robot_bringup/urdf/my_robot.urdf.xacro
[0.110s] -- Up-to-date symlink: /home/mfauzi/ros-fkee/ch5/install/my_robot_bringup/share/ament_index/resource_index/package_run_dependencies/my_robot_bringup
[0.111s] -- Up-to-date symlink: /home/mfauzi/ros-fkee/ch5/install/my_robot_bringup/share/ament_index/resource_index/parent_prefix_path/my_robot_bringup
[0.111s] -- Up-to-date symlink: /home/mfauzi/ros-fkee/ch5/install/my_robot_bringup/share/my_robot_bringup/environment/ament_prefix_path.sh
[0.112s] -- Up-to-date symlink: /home/mfauzi/ros-fkee/ch5/install/my_robot_bringup/share/my_robot_bringup/environment/ament_prefix_path.dsv
[0.112s] -- Up-to-date symlink: /home/mfauzi/ros-fkee/ch5/install/my_robot_bringup/share/my_robot_bringup/environment/path.sh
[0.112s] -- Up-to-date symlink: /home/mfauzi/ros-fkee/ch5/install/my_robot_bringup/share/my_robot_bringup/environment/path.dsv
[0.113s] -- Up-to-date symlink: /home/mfauzi/ros-fkee/ch5/install/my_robot_bringup/share/my_robot_bringup/local_setup.bash
[0.113s] -- Up-to-date symlink: /home/mfauzi/ros-fkee/ch5/install/my_robot_bringup/share/my_robot_bringup/local_setup.sh
[0.113s] -- Up-to-date symlink: /home/mfauzi/ros-fkee/ch5/install/my_robot_bringup/share/my_robot_bringup/local_setup.zsh
[0.113s] -- Up-to-date symlink: /home/mfauzi/ros-fkee/ch5/install/my_robot_bringup/share/my_robot_bringup/local_setup.dsv
[0.114s] -- Symlinking: /home/mfauzi/ros-fkee/ch5/install/my_robot_bringup/share/my_robot_bringup/package.dsv
[0.121s] -- Up-to-date symlink: /home/mfauzi/ros-fkee/ch5/install/my_robot_bringup/share/ament_index/resource_index/packages/my_robot_bringup
[0.122s] -- Up-to-date symlink: /home/mfauzi/ros-fkee/ch5/install/my_robot_bringup/share/my_robot_bringup/cmake/my_robot_bringupConfig.cmake
[0.122s] -- Up-to-date symlink: /home/mfauzi/ros-fkee/ch5/install/my_robot_bringup/share/my_robot_bringup/cmake/my_robot_bringupConfig-version.cmake
[0.122s] -- Up-to-date symlink: /home/mfauzi/ros-fkee/ch5/install/my_robot_bringup/share/my_robot_bringup/package.xml
[0.124s] Invoked command in '/home/mfauzi/ros-fkee/ch5/build/my_robot_bringup' returned '0': CMAKE_PREFIX_PATH=${CMAKE_PREFIX_PATH}:/opt/ros/jazzy /usr/bin/cmake --install /home/mfauzi/ros-fkee/ch5/build/my_robot_bringup
